Component: ARM Compiler 5.05 update 1 (build 106) Tool: armlink [4d0efa]

==============================================================================

Section Cross References

    main.o(i.advertising_init) refers to memseta.o(.text) for __aeabi_memclr4
    main.o(i.advertising_init) refers to ble_advertising.o(i.ble_advertising_init) for ble_advertising_init
    main.o(i.advertising_init) refers to app_error.o(i.app_error_handler_bare) for app_error_handler_bare
    main.o(i.advertising_init) refers to ble_advertising.o(i.ble_advertising_conn_cfg_tag_set) for ble_advertising_conn_cfg_tag_set
    main.o(i.advertising_init) refers to main.o(.data) for .data
    main.o(i.advertising_init) refers to main.o(i.on_adv_evt) for on_adv_evt
    main.o(i.advertising_init) refers to main.o(.bss) for .bss
    main.o(i.advertising_start) refers to nrf_log_frontend.o(i.nrf_log_frontend_std_0) for nrf_log_frontend_std_0
    main.o(i.advertising_start) refers to peer_manager.o(i.pm_peers_delete) for pm_peers_delete
    main.o(i.advertising_start) refers to memseta.o(.text) for __aeabi_memset
    main.o(i.advertising_start) refers to peer_manager.o(i.pm_next_peer_id_get) for pm_next_peer_id_get
    main.o(i.advertising_start) refers to peer_manager.o(i.pm_whitelist_set) for pm_whitelist_set
    main.o(i.advertising_start) refers to app_error.o(i.app_error_handler_bare) for app_error_handler_bare
    main.o(i.advertising_start) refers to peer_manager.o(i.pm_device_identities_list_set) for pm_device_identities_list_set
    main.o(i.advertising_start) refers to ble_advertising.o(i.ble_advertising_start) for ble_advertising_start
    main.o(i.advertising_start) refers to nrf_log_frontend.o(log_dynamic_data) for m_nrf_log_app_logs_data_dynamic
    main.o(i.advertising_start) refers to main.o(.bss) for .bss
    main.o(i.advertising_start) refers to main.o(.data) for .data
    main.o(i.assert_nrf_callback) refers to app_error.o(i.app_error_handler) for app_error_handler
    main.o(i.ble_evt_handler) refers to nrf_log_frontend.o(i.nrf_log_frontend_std_0) for nrf_log_frontend_std_0
    main.o(i.ble_evt_handler) refers to bsp.o(i.bsp_indication_set) for bsp_indication_set
    main.o(i.ble_evt_handler) refers to app_error.o(i.app_error_handler_bare) for app_error_handler_bare
    main.o(i.ble_evt_handler) refers to app_timer.o(i.app_timer_start) for app_timer_start
    main.o(i.ble_evt_handler) refers to nrf_log_frontend.o(log_dynamic_data) for m_nrf_log_app_logs_data_dynamic
    main.o(i.ble_evt_handler) refers to main.o(.data) for .data
    main.o(i.ble_evt_handler) refers to main.o(.bss) for .bss
    main.o(i.ble_evt_handler) refers to main.o(.constdata) for .constdata
    main.o(i.bsp_event_handler) refers to ble_cts_c.o(i.ble_cts_c_current_time_read) for ble_cts_c_current_time_read
    main.o(i.bsp_event_handler) refers to nrf_log_frontend.o(i.nrf_log_frontend_std_0) for nrf_log_frontend_std_0
    main.o(i.bsp_event_handler) refers to main.o(i.sleep_mode_enter) for sleep_mode_enter
    main.o(i.bsp_event_handler) refers to app_error.o(i.app_error_handler_bare) for app_error_handler_bare
    main.o(i.bsp_event_handler) refers to ble_advertising.o(i.ble_advertising_restart_without_whitelist) for ble_advertising_restart_without_whitelist
    main.o(i.bsp_event_handler) refers to main.o(.bss) for .bss
    main.o(i.bsp_event_handler) refers to nrf_log_frontend.o(log_dynamic_data) for m_nrf_log_app_logs_data_dynamic
    main.o(i.bsp_event_handler) refers to main.o(.data) for .data
    main.o(i.conn_params_error_handler) refers to app_error.o(i.app_error_handler_bare) for app_error_handler_bare
    main.o(i.current_time_error_handler) refers to app_error.o(i.app_error_handler_bare) for app_error_handler_bare
    main.o(i.current_time_print) refers to nrf_log_frontend.o(i.nrf_log_frontend_std_0) for nrf_log_frontend_std_0
    main.o(i.current_time_print) refers to nrf_log_frontend.o(i.nrf_log_frontend_std_1) for nrf_log_frontend_std_1
    main.o(i.current_time_print) refers to nrf_log_frontend.o(log_dynamic_data) for m_nrf_log_app_logs_data_dynamic
    main.o(i.current_time_print) refers to main.o(.data) for .data
    main.o(i.db_disc_handler) refers to ble_cts_c.o(i.ble_cts_c_on_db_disc_evt) for ble_cts_c_on_db_disc_evt
    main.o(i.db_disc_handler) refers to main.o(.bss) for .bss
    main.o(i.main) refers to nrf_log_frontend.o(i.nrf_log_init) for nrf_log_init
    main.o(i.main) refers to app_error.o(i.app_error_handler_bare) for app_error_handler_bare
    main.o(i.main) refers to nrf_log_default_backends.o(i.nrf_log_default_backends_init) for nrf_log_default_backends_init
    main.o(i.main) refers to app_timer.o(i.app_timer_init) for app_timer_init
    main.o(i.main) refers to app_timer.o(i.app_timer_create) for app_timer_create
    main.o(i.main) refers to bsp.o(i.bsp_init) for bsp_init
    main.o(i.main) refers to bsp_btn_ble.o(i.bsp_btn_ble_init) for bsp_btn_ble_init
[...]
    nrf_fstorage_is_busy                     0x0001d6ed   Thumb Code    70  nrf_fstorage.o(i.nrf_fstorage_is_busy)
    nrf_fstorage_sdh_req_handler             0x0001d73d   Thumb Code    18  nrf_fstorage_sd.o(i.nrf_fstorage_sdh_req_handler)
    nrf_fstorage_sdh_state_handler           0x0001d755   Thumb Code    28  nrf_fstorage_sd.o(i.nrf_fstorage_sdh_state_handler)
    nrf_fstorage_sys_evt_handler             0x0001d775   Thumb Code   150  nrf_fstorage_sd.o(i.nrf_fstorage_sys_evt_handler)
    nrf_fstorage_write                       0x0001d819   Thumb Code   102  nrf_fstorage.o(i.nrf_fstorage_write)
    nrf_log_backend_add                      0x0001d9c9   Thumb Code    74  nrf_log_frontend.o(i.nrf_log_backend_add)
    nrf_log_backend_serial_put               0x0001da19   Thumb Code   210  nrf_log_backend_serial.o(i.nrf_log_backend_serial_put)
    nrf_log_backend_uart_init                0x0001daed   Thumb Code     6  nrf_log_backend_uart.o(i.nrf_log_backend_uart_init)
    nrf_log_color_id_get                     0x0001db25   Thumb Code    42  nrf_log_frontend.o(i.nrf_log_color_id_get)
    nrf_log_default_backends_init            0x0001db55   Thumb Code    22  nrf_log_default_backends.o(i.nrf_log_default_backends_init)
    nrf_log_frontend_dequeue                 0x0001db71   Thumb Code   488  nrf_log_frontend.o(i.nrf_log_frontend_dequeue)
    nrf_log_frontend_std_0                   0x0001dd61   Thumb Code     8  nrf_log_frontend.o(i.nrf_log_frontend_std_0)
    nrf_log_frontend_std_1                   0x0001dd69   Thumb Code    14  nrf_log_frontend.o(i.nrf_log_frontend_std_1)
    nrf_log_frontend_std_2                   0x0001dd77   Thumb Code    16  nrf_log_frontend.o(i.nrf_log_frontend_std_2)
    nrf_log_frontend_std_3                   0x0001dd87   Thumb Code    18  nrf_log_frontend.o(i.nrf_log_frontend_std_3)
    nrf_log_hexdump_entry_process            0x0001dd99   Thumb Code   146  nrf_log_str_formatter.o(i.nrf_log_hexdump_entry_process)
    nrf_log_init                             0x0001de45   Thumb Code    70  nrf_log_frontend.o(i.nrf_log_init)
    nrf_log_module_cnt_get                   0x0001dea1   Thumb Code    10  nrf_log_frontend.o(i.nrf_log_module_cnt_get)
    nrf_log_module_name_get                  0x0001deb5   Thumb Code    24  nrf_log_frontend.o(i.nrf_log_module_name_get)
    nrf_log_panic                            0x0001ded1   Thumb Code    34  nrf_log_frontend.o(i.nrf_log_panic)
    nrf_log_std_entry_process                0x0001def9   Thumb Code   182  nrf_log_str_formatter.o(i.nrf_log_std_entry_process)
    nrf_memobj_alloc                         0x0001dfaf   Thumb Code    96  nrf_memobj.o(i.nrf_memobj_alloc)
    nrf_memobj_free                          0x0001e00f   Thumb Code    50  nrf_memobj.o(i.nrf_memobj_free)
    nrf_memobj_get                           0x0001e041   Thumb Code    14  nrf_memobj.o(i.nrf_memobj_get)
    nrf_memobj_pool_init                     0x0001e04f   Thumb Code     4  nrf_memobj.o(i.nrf_memobj_pool_init)
    nrf_memobj_put                           0x0001e053   Thumb Code    34  nrf_memobj.o(i.nrf_memobj_put)
    nrf_memobj_read                          0x0001e075   Thumb Code    12  nrf_memobj.o(i.nrf_memobj_read)
    nrf_memobj_write                         0x0001e081   Thumb Code    12  nrf_memobj.o(i.nrf_memobj_write)
    nrf_sdh_ble_app_ram_start_get            0x0001e08d   Thumb Code    16  nrf_sdh_ble.o(i.nrf_sdh_ble_app_ram_start_get)
    nrf_sdh_ble_default_cfg_set              0x0001e0a1   Thumb Code   228  nrf_sdh_ble.o(i.nrf_sdh_ble_default_cfg_set)
    nrf_sdh_ble_enable                       0x0001e19d   Thumb Code    96  nrf_sdh_ble.o(i.nrf_sdh_ble_enable)
    nrf_sdh_disable_request                  0x0001e2c5   Thumb Code    54  nrf_sdh.o(i.nrf_sdh_disable_request)
    nrf_sdh_enable_request                   0x0001e301   Thumb Code    96  nrf_sdh.o(i.nrf_sdh_enable_request)
    nrf_sdh_evts_poll                        0x0001e36d   Thumb Code    32  nrf_sdh.o(i.nrf_sdh_evts_poll)
    nrf_sdh_is_enabled                       0x0001e391   Thumb Code     6  nrf_sdh.o(i.nrf_sdh_is_enabled)
    nrf_sdh_request_continue                 0x0001e39d   Thumb Code    22  nrf_sdh.o(i.nrf_sdh_request_continue)
    nrf_section_iter_init                    0x0001e3f5   Thumb Code    10  nrf_section_iter.o(i.nrf_section_iter_init)
    nrf_section_iter_next                    0x0001e423   Thumb Code    32  nrf_section_iter.o(i.nrf_section_iter_next)
    nrf_strerror_find                        0x0001e445   Thumb Code    52  nrf_strerror.o(i.nrf_strerror_find)
    nrf_strerror_get                         0x0001e47d   Thumb Code    14  nrf_strerror.o(i.nrf_strerror_get)
    pdb_init                                 0x0001eced   Thumb Code    64  peer_database.o(i.pdb_init)
    pdb_next_deleted_peer_id_get             0x0001ed35   Thumb Code     4  peer_database.o(i.pdb_next_deleted_peer_id_get)
    pdb_next_peer_id_get                     0x0001ed39   Thumb Code     4  peer_database.o(i.pdb_next_peer_id_get)
    pdb_pds_evt_handler                      0x0001ed3d   Thumb Code   110  peer_database.o(i.pdb_pds_evt_handler)
    pdb_peer_allocate                        0x0001edb5   Thumb Code     4  peer_database.o(i.pdb_peer_allocate)
    pdb_peer_data_load                       0x0001edb9   Thumb Code    16  peer_database.o(i.pdb_peer_data_load)
    pdb_peer_data_ptr_get                    0x0001edc9   Thumb Code     6  peer_database.o(i.pdb_peer_data_ptr_get)
    pdb_peer_free                            0x0001edcf   Thumb Code    68  peer_database.o(i.pdb_peer_free)
    pdb_raw_store                            0x0001ee13   Thumb Code     8  peer_database.o(i.pdb_raw_store)
    pdb_write_buf_get                        0x0001ee1d   Thumb Code   256  peer_database.o(i.pdb_write_buf_get)
    pdb_write_buf_release                    0x0001ef21   Thumb Code    40  peer_database.o(i.pdb_write_buf_release)
    pdb_write_buf_store                      0x0001ef49   Thumb Code    40  peer_database.o(i.pdb_write_buf_store)
    pdb_write_buf_store_prepare              0x0001ef71   Thumb Code    98  peer_database.o(i.pdb_write_buf_store_prepare)
    pds_init                                 0x0001efe9   Thumb Code    98  peer_data_storage.o(i.pds_init)
    pds_next_deleted_peer_id_get             0x0001f055   Thumb Code     4  peer_data_storage.o(i.pds_next_deleted_peer_id_get)
    pds_next_peer_id_get                     0x0001f059   Thumb Code     4  peer_data_storage.o(i.pds_next_peer_id_get)
    pds_peer_data_iterate                    0x0001f05d   Thumb Code    84  peer_data_storage.o(i.pds_peer_data_iterate)
    pds_peer_data_iterate_prepare            0x0001f0b5   Thumb Code    10  peer_data_storage.o(i.pds_peer_data_iterate_prepare)
    pds_peer_data_read                       0x0001f0c5   Thumb Code   104  peer_data_storage.o(i.pds_peer_data_read)
    pds_peer_data_store                      0x0001f12d   Thumb Code   150  peer_data_storage.o(i.pds_peer_data_store)
    pds_peer_id_allocate                     0x0001f1c3   Thumb Code     8  peer_data_storage.o(i.pds_peer_id_allocate)
    pds_peer_id_free                         0x0001f1cb   Thumb Code    22  peer_data_storage.o(i.pds_peer_id_free)
    pds_peer_id_is_allocated                 0x0001f1e1   Thumb Code     4  peer_data_storage.o(i.pds_peer_id_is_allocated)
    pds_space_reserve                        0x0001f1e5   Thumb Code    46  peer_data_storage.o(i.pds_space_reserve)
    pds_space_reserve_cancel                 0x0001f213   Thumb Code    16  peer_data_storage.o(i.pds_space_reserve_cancel)
    peer_id_allocate                         0x0001f329   Thumb Code     6  peer_id.o(i.peer_id_allocate)
    peer_id_delete                           0x0001f335   Thumb Code    32  peer_id.o(i.peer_id_delete)
    peer_id_free                             0x0001f359   Thumb Code    24  peer_id.o(i.peer_id_free)
    peer_id_get_next_deleted                 0x0001f375   Thumb Code     6  peer_id.o(i.peer_id_get_next_deleted)
    peer_id_get_next_used                    0x0001f381   Thumb Code    42  peer_id.o(i.peer_id_get_next_used)
    peer_id_init                             0x0001f3b1   Thumb Code    36  peer_id.o(i.peer_id_init)
    peer_id_is_allocated                     0x0001f3d9   Thumb Code    16  peer_id.o(i.peer_id_is_allocated)
    peer_id_is_deleted                       0x0001f3ed   Thumb Code    16  peer_id.o(i.peer_id_is_deleted)
    pm_buffer_block_acquire                  0x0001f651   Thumb Code    92  pm_buffer.o(i.pm_buffer_block_acquire)
    pm_buffer_init                           0x0001f6ad   Thumb Code    64  pm_buffer.o(i.pm_buffer_init)
    pm_buffer_ptr_get                        0x0001f6ed   Thumb Code    40  pm_buffer.o(i.pm_buffer_ptr_get)
    pm_buffer_release                        0x0001f715   Thumb Code    46  pm_buffer.o(i.pm_buffer_release)
    pm_conn_sec_config_reply                 0x0001f743   Thumb Code    10  peer_manager.o(i.pm_conn_sec_config_reply)
    pm_conn_sec_status_get                   0x0001f74d   Thumb Code   102  peer_manager.o(i.pm_conn_sec_status_get)
    pm_conn_secure                           0x0001f7b9   Thumb Code    14  peer_manager.o(i.pm_conn_secure)
    pm_device_identities_list_set            0x0001f7cd   Thumb Code    14  peer_manager.o(i.pm_device_identities_list_set)
    pm_gcm_evt_handler                       0x0001f945   Thumb Code     4  peer_manager.o(i.pm_gcm_evt_handler)
    pm_im_evt_handler                        0x0001f949   Thumb Code    30  peer_manager.o(i.pm_im_evt_handler)
    pm_init                                  0x0001f96d   Thumb Code    84  peer_manager.o(i.pm_init)
    pm_local_database_has_changed            0x0001f9c5   Thumb Code    14  peer_manager.o(i.pm_local_database_has_changed)
    pm_mutex_init                            0x0001f9d9   Thumb Code    14  pm_mutex.o(i.pm_mutex_init)
    pm_mutex_lock                            0x0001f9e7   Thumb Code    26  pm_mutex.o(i.pm_mutex_lock)
    pm_mutex_lock_first_available            0x0001fa01   Thumb Code    54  pm_mutex.o(i.pm_mutex_lock_first_available)
    pm_mutex_lock_status_get                 0x0001fa37   Thumb Code    24  pm_mutex.o(i.pm_mutex_lock_status_get)
    pm_mutex_unlock                          0x0001fa4f   Thumb Code    58  pm_mutex.o(i.pm_mutex_unlock)
    pm_next_peer_id_get                      0x0001fa89   Thumb Code    16  peer_manager.o(i.pm_next_peer_id_get)
    pm_pdb_evt_handler                       0x0001fa9d   Thumb Code   276  peer_manager.o(i.pm_pdb_evt_handler)
    pm_peer_delete                           0x0001fbb5   Thumb Code    14  peer_manager.o(i.pm_peer_delete)
    pm_peer_rank_highest                     0x0001fbc9   Thumb Code   162  peer_manager.o(i.pm_peer_rank_highest)
    pm_peer_ranks_get                        0x0001fc75   Thumb Code   176  peer_manager.o(i.pm_peer_ranks_get)
    pm_peers_delete                          0x0001fd2d   Thumb Code    98  peer_manager.o(i.pm_peers_delete)
    pm_register                              0x0001fd95   Thumb Code    34  peer_manager.o(i.pm_register)
    pm_sec_params_set                        0x0001fdc1   Thumb Code    14  peer_manager.o(i.pm_sec_params_set)
    pm_sm_evt_handler                        0x0001fdd5   Thumb Code    46  peer_manager.o(i.pm_sm_evt_handler)
    pm_whitelist_get                         0x0001fe09   Thumb Code    38  peer_manager.o(i.pm_whitelist_get)
    pm_whitelist_set                         0x0001fe35   Thumb Code    14  peer_manager.o(i.pm_whitelist_set)
    sdk_mapped_flags_bulk_update_by_key      0x00020485   Thumb Code    68  sdk_mapped_flags.o(i.sdk_mapped_flags_bulk_update_by_key)
    sdk_mapped_flags_first_key_index_get     0x000204c9   Thumb Code    34  sdk_mapped_flags.o(i.sdk_mapped_flags_first_key_index_get)
    sdk_mapped_flags_get_by_key              0x000204fb   Thumb Code    38  sdk_mapped_flags.o(i.sdk_mapped_flags_get_by_key)
    sdk_mapped_flags_key_list_get            0x00020521   Thumb Code    74  sdk_mapped_flags.o(i.sdk_mapped_flags_key_list_get)
    sdk_mapped_flags_update_by_key           0x0002056b   Thumb Code    14  sdk_mapped_flags.o(i.sdk_mapped_flags_update_by_key)
    sm_ble_evt_handler                       0x00020a05   Thumb Code    18  security_manager.o(i.sm_ble_evt_handler)
    sm_conn_sec_config_reply                 0x00020a1d   Thumb Code     4  security_manager.o(i.sm_conn_sec_config_reply)
    sm_init                                  0x00020a21   Thumb Code    70  security_manager.o(i.sm_init)
    sm_link_secure                           0x00020a6d   Thumb Code    10  security_manager.o(i.sm_link_secure)
    sm_pdb_evt_handler                       0x00020a79   Thumb Code    60  security_manager.o(i.sm_pdb_evt_handler)
    sm_sec_params_set                        0x00020ab9   Thumb Code    46  security_manager.o(i.sm_sec_params_set)
    sm_smd_evt_handler                       0x00020aed   Thumb Code    92  security_manager.o(i.sm_smd_evt_handler)
    smd_ble_evt_handler                      0x00020b4d   Thumb Code   234  security_dispatcher.o(i.smd_ble_evt_handler)
    smd_conn_sec_config_reply                0x00020c41   Thumb Code    10  security_dispatcher.o(i.smd_conn_sec_config_reply)
    smd_init                                 0x00020c51   Thumb Code    84  security_dispatcher.o(i.smd_init)
    smd_link_secure                          0x00020ca9   Thumb Code    34  security_dispatcher.o(i.smd_link_secure)
    smd_params_reply                         0x00020ccd   Thumb Code   242  security_dispatcher.o(i.smd_params_reply)
    write_buf_store                          0x0002155d   Thumb Code   146  peer_database.o(i.write_buf_store)
    nrf_fstorage_sd                          0x00021af8   Data          32  nrf_fstorage_sd.o(.constdata)
    nrf_log_backend_uart_api                 0x00021c1c   Data          12  nrf_log_backend_uart.o(.constdata)
    m_ram_start                              0x00021cd4   Data           4  nrf_sdh_ble.o(.constdata)
    __ctype_table                            0x00021d00   Data         129  ctype_o.o(.constdata)
    Region$$Table$$Base                      0x00022434   Number         0  anon$$obj.o(Region$$Table)
    Region$$Table$$Limit                     0x00022454   Number         0  anon$$obj.o(Region$$Table)
    log_const_data$$Base                     0x00022454   Number         0  ble_db_discovery.o(log_const_data)
    m_nrf_log_ble_db_disc_logs_data_const    0x00022454   Data           8  ble_db_discovery.o(log_const_data)
    m_nrf_log_ble_gatt_logs_data_const       0x0002245c   Data           8  nrf_ble_gatt.o(log_const_data)
    m_nrf_log_ble_cts_c_logs_data_const      0x00022464   Data           8  ble_cts_c.o(log_const_data)
    m_nrf_log_clock_logs_data_const          0x0002246c   Data           8  nrf_drv_clock.o(log_const_data)
    m_nrf_log_gpiote_logs_data_const         0x00022474   Data           8  nrf_drv_gpiote.o(log_const_data)
    m_nrf_log_uart_logs_data_const           0x0002247c   Data           8  nrf_drv_uart.o(log_const_data)
    m_nrf_log_balloc_logs_data_const         0x00022484   Data           8  nrf_balloc.o(log_const_data)
    m_nrf_log_pwr_mgmt_logs_data_const       0x0002248c   Data           8  nrf_pwr_mgmt.o(log_const_data)
    m_nrf_log_app_logs_data_const            0x00022494   Data           8  nrf_log_frontend.o(log_const_data)
    m_nrf_log_nrf_sdh_logs_data_const        0x0002249c   Data           8  nrf_sdh.o(log_const_data)
    m_nrf_log_nrf_sdh_ble_logs_data_const    0x000224a4   Data           8  nrf_sdh_ble.o(log_const_data)
    m_nrf_log_nrf_sdh_soc_logs_data_const    0x000224ac   Data           8  nrf_sdh_soc.o(log_const_data)
    log_const_data$$Limit                    0x000224b4   Number         0  nrf_sdh_soc.o(log_const_data)
    sdh_ble_observers0$$Base                 0x000224b4   Number         0  ble_conn_state.o(sdh_ble_observers0)
    sdh_ble_observers0$$Limit                0x000224bc   Number         0  ble_conn_state.o(sdh_ble_observers0)
    sdh_ble_observers1$$Base                 0x000224bc   Number         0  main.o(sdh_ble_observers1)
    sdh_ble_observers1$$Limit                0x000224ec   Number         0  peer_manager.o(sdh_ble_observers1)
    sdh_ble_observers2$$Base                 0x000224ec   Number         0  main.o(sdh_ble_observers2)
    sdh_ble_observers2$$Limit                0x000224f4   Number         0  main.o(sdh_ble_observers2)
    sdh_ble_observers3$$Base                 0x000224f4   Number         0  main.o(sdh_ble_observers3)
    m_req_obs                                0x000224fc   Data           8  nrf_fstorage_sd.o(sdh_req_observers0)
    sdh_ble_observers3$$Limit                0x000224fc   Number         0  main.o(sdh_ble_observers3)
    sdh_req_observers0$$Base                 0x000224fc   Number         0  nrf_fstorage_sd.o(sdh_req_observers0)
    sdh_req_observers0$$Limit                0x00022504   Number         0  nrf_fstorage_sd.o(sdh_req_observers0)
    sdh_soc_observers0$$Base                 0x00022504   Number         0  nrf_drv_clock.o(sdh_soc_observers0)
    sdh_soc_observers0$$Limit                0x00022514   Number         0  nrf_fstorage_sd.o(sdh_soc_observers0)
    sdh_soc_observers1$$Base                 0x00022514   Number         0  main.o(sdh_soc_observers1)
    sdh_soc_observers1$$Limit                0x0002251c   Number         0  main.o(sdh_soc_observers1)
    sdh_stack_observers0$$Base               0x0002251c   Number         0  nrf_sdh_ble.o(sdh_stack_observers0)
    sdh_stack_observers0$$Limit              0x0002252c   Number         0  nrf_sdh_soc.o(sdh_stack_observers0)
    sdh_state_observers0$$Base               0x0002252c   Number         0  nrf_drv_clock.o(sdh_state_observers0)
    sdh_state_observers0$$Limit              0x0002253c   Number         0  nrf_fstorage_sd.o(sdh_state_observers0)
    Image$$RW_IRAM1$$Base                    0x20001b80   Number         0  anon$$obj.o ABSOLUTE
    m_uart                                   0x20001fb0   Data           8  nrf_log_backend_uart.o(.data)
    SystemCoreClock                          0x20002010   Data           4  system_nrf52810.o(.data)
    fs_data$$Base                            0x20002014   Number         0  fds.o(fs_data)
    m_fs                                     0x20002014   Data          20  fds.o(fs_data)
    fs_data$$Limit                           0x20002028   Number         0  fds.o(fs_data)
    log_dynamic_data$$Base                   0x20002028   Number         0  ble_db_discovery.o(log_dynamic_data)
    m_nrf_log_ble_db_disc_logs_data_dynamic  0x20002028   Data          12  ble_db_discovery.o(log_dynamic_data)
    m_nrf_log_ble_gatt_logs_data_dynamic     0x20002034   Data          12  nrf_ble_gatt.o(log_dynamic_data)
    m_nrf_log_ble_cts_c_logs_data_dynamic    0x20002040   Data          12  ble_cts_c.o(log_dynamic_data)
    m_nrf_log_clock_logs_data_dynamic        0x2000204c   Data          12  nrf_drv_clock.o(log_dynamic_data)
    m_nrf_log_gpiote_logs_data_dynamic       0x20002058   Data          12  nrf_drv_gpiote.o(log_dynamic_data)
    m_nrf_log_uart_logs_data_dynamic         0x20002064   Data          12  nrf_drv_uart.o(log_dynamic_data)
    m_nrf_log_balloc_logs_data_dynamic       0x20002070   Data          12  nrf_balloc.o(log_dynamic_data)
    m_nrf_log_pwr_mgmt_logs_data_dynamic     0x2000207c   Data          12  nrf_pwr_mgmt.o(log_dynamic_data)
    m_nrf_log_app_logs_data_dynamic          0x20002088   Data          12  nrf_log_frontend.o(log_dynamic_data)
    m_nrf_log_nrf_sdh_logs_data_dynamic      0x20002094   Data          12  nrf_sdh.o(log_dynamic_data)
    m_nrf_log_nrf_sdh_ble_logs_data_dynamic  0x200020a0   Data          12  nrf_sdh_ble.o(log_dynamic_data)
    m_nrf_log_nrf_sdh_soc_logs_data_dynamic  0x200020ac   Data          12  nrf_sdh_soc.o(log_dynamic_data)
    nrf_nvic_state                           0x20002b2c   Data          12  app_util_platform.o(.bss)
    __initial_sp                             0x200039f8   Data           0  arm_startup_nrf52810.o(STACK)



==============================================================================

Memory Map of the image

  Image Entry point : 0x00018201

  Load Region LR_IROM1 (Base: 0x00018000, Size: 0x0000aa74, Max: 0x00018000, ABSOLUTE, COMPRESSED[0x0000a5d8])

    Execution Region ER_IROM1 (Base: 0x00018000, Size: 0x0000a53c, Max: 0x00018000, ABSOLUTE)

    Base Addr    Size         Type   Attr      Idx    E Section Name        Object

    0x00018000   0x00000200   Data   RO         5904    RESET               arm_startup_nrf52810.o
    0x00018200   0x00000000   Code   RO         5945  * .ARM.Collect$$$$00000000  mc_w.l(entry.o)
    0x00018200   0x00000004   Code   RO         5997    .ARM.Collect$$$$00000001  mc_w.l(entry2.o)
    0x00018204   0x00000004   Code   RO         6000    .ARM.Collect$$$$00000004  mc_w.l(entry5.o)
    0x00018208   0x00000000   Code   RO         6002    .ARM.Collect$$$$00000008  mc_w.l(entry7b.o)
    0x00018208   0x00000000   Code   RO         6004    .ARM.Collect$$$$0000000A  mc_w.l(entry8b.o)
    0x00018208   0x00000008   Code   RO         6005    .ARM.Collect$$$$0000000B  mc_w.l(entry9a.o)
    0x00018210   0x00000000   Code   RO         6007    .ARM.Collect$$$$0000000D  mc_w.l(entry10a.o)
    0x00018210   0x00000000   Code   RO         6009    .ARM.Collect$$$$0000000F  mc_w.l(entry11a.o)
    0x00018210   0x00000004   Code   RO         5998    .ARM.Collect$$$$00002712  mc_w.l(entry2.o)
    0x00018214   0x0000009a   Code   RO         3900    .emb_text           fds.o
    0x000182ae   0x00000002   PAD
    0x000182b0   0x000000c8   Code   RO         4274    .emb_text           nrf_atfifo.o
    0x00018378   0x0000009a   Code   RO         4533    .emb_text           nrf_fstorage_sd.o
    0x00018412   0x00000002   PAD
    0x00018414   0x0000009a   Code   RO         4647    .emb_text           nrf_memobj.o
    0x000184ae   0x00000002   PAD
    0x000184b0   0x0000009a   Code   RO         5098    .emb_text           nrf_log_frontend.o
    0x0001854a   0x00000002   PAD
    0x0001854c   0x00000024   Code   RO         5905    .text               arm_startup_nrf52810.o
    0x00018570   0x00000062   Code   RO         5953    .text               mc_w.l(uldiv.o)
    0x000185d2   0x00000002   PAD
    0x000185d4   0x00000008   Code   RO         5955    .text               mc_w.l(ctype_o.o)
    0x000185dc   0x00000024   Code   RO         5983    .text               mc_w.l(memcpya.o)
    0x00018600   0x00000024   Code   RO         5985    .text               mc_w.l(memseta.o)
    0x00018624   0x0000000e   Code   RO         5987    .text               mc_w.l(strlen.o)
    0x00018632   0x0000001a   Code   RO         5991    .text               mc_w.l(memcmp.o)
    0x0001864c   0x0000001e   Code   RO         6012    .text               mc_w.l(llshl.o)
    0x0001866a   0x00000020   Code   RO         6014    .text               mc_w.l(llushr.o)
    0x0001868a   0x00000002   PAD
    0x0001868c   0x00000024   Code   RO         6017    .text               mc_w.l(init.o)
    0x000186b0   0x00000056   Code   RO         6027    .text               mc_w.l(__dczerorl2.o)
    0x00018706   0x00000002   PAD
    0x00018708   0x00000174   Code   RO         3028    i.GPIOTE_IRQHandler  nrf_drv_gpiote.o
    0x0001887c   0x00000016   Code   RO         3631    i.NVIC_ClearPendingIRQ  app_timer.o
    0x00018892   0x00000016   Code   RO         3632    i.NVIC_EnableIRQ    app_timer.o
    0x000188a8   0x00000016   Code   RO         3633    i.NVIC_SetPendingIRQ  app_timer.o
    0x000188be   0x00000020   Code   RO         3634    i.NVIC_SetPriority  app_timer.o
    0x000188de   0x00000002   PAD
    0x000188e0   0x00000058   Code   RO         2822    i.POWER_CLOCK_IRQHandler  nrf_drv_clock.o
    0x00018938   0x00000024   Code   RO         3635    i.RTC1_IRQHandler   app_timer.o
    0x0001895c   0x00000004   Code   RO         3636    i.SWI0_EGU0_IRQHandler  app_timer.o
    0x00018960   0x00000004   Code   RO         5692    i.SWI2_IRQHandler   nrf_sdh.o
    0x00018964   0x000002cc   Code   RO         5913    i.SystemInit        system_nrf52810.o
    0x00018c30   0x00000010   Code   RO         3275    i.UARTE0_IRQHandler  nrf_drv_uart.o
    0x00018c40   0x0000000e   Code   RO         6021    i.__scatterload_copy  mc_w.l(handlers.o)
    0x00018c4e   0x00000002   Code   RO         6022    i.__scatterload_null  mc_w.l(handlers.o)
    0x00018c50   0x0000000e   Code   RO         6023    i.__scatterload_zeroinit  mc_w.l(handlers.o)
    0x00018c5e   0x00000002   PAD
    0x00018c60   0x00000024   Code   RO         5693    i.__sd_nvic_app_accessible_irq  nrf_sdh.o
    0x00018c84   0x00000016   Code   RO         5694    i.__sd_nvic_is_app_accessible_priority  nrf_sdh.o
    0x00018c9a   0x00000026   Code   RO         1436    i.addr_compare      id_manager.o
    0x00018cc0   0x0000000c   Code   RO         4465    i.addr_is_aligned32  nrf_fstorage.o
    0x00018ccc   0x00000018   Code   RO         4466    i.addr_within_bounds  nrf_fstorage.o
    0x00018ce4   0x00000036   Code   RO          614    i.advertising_buttons_configure  bsp_btn_ble.o
    0x00018d1a   0x00000002   PAD
    0x00018d1c   0x00000070   Code   RO            4    i.advertising_init  main.o
    0x00018d8c   0x000000b8   Code   RO            5    i.advertising_start  main.o
    0x00018e44   0x00000052   Code   RO         1437    i.ah                id_manager.o
    0x00018e96   0x00000006   Code   RO          494    i.alert_timer_handler  bsp.o
    0x00018e9c   0x0000000c   Code   RO         2465    i.allow_repairing   security_dispatcher.o
    0x00018ea8   0x00000024   Code   RO         3439    i.app_button_enable  app_button.o
    0x00018ecc   0x00000070   Code   RO         3440    i.app_button_init   app_button.o
    0x00018f3c   0x00000078   Code   RO         3540    i.app_error_fault_handler  app_error_weak.o
    0x00018fb4   0x00000016   Code   RO         3501    i.app_error_handler_bare  app_error.o
    0x00018fca   0x00000002   PAD
    0x00018fcc   0x000000a0   Code   RO         3583    i.app_sched_event_put  app_scheduler.o
    0x0001906c   0x00000040   Code   RO         3584    i.app_sched_execute  app_scheduler.o
    0x000190ac   0x0000002c   Code   RO         3585    i.app_sched_init    app_scheduler.o
    0x000190d8   0x00000024   Code   RO         3639    i.app_timer_create  app_timer.o
    0x000190fc   0x00000054   Code   RO         3640    i.app_timer_init    app_timer.o
    0x00019150   0x00000088   Code   RO         3643    i.app_timer_start   app_timer.o
    0x000191d8   0x00000020   Code   RO         3644    i.app_timer_stop    app_timer.o
    0x000191f8   0x00000048   Code   RO         3805    i.app_util_critical_region_enter  app_util_platform.o
    0x00019240   0x00000034   Code   RO         3806    i.app_util_critical_region_exit  app_util_platform.o
    0x00019274   0x00000088   Code   RO         3276    i.apply_config      nrf_drv_uart.o
    0x000192fc   0x000000dc   Code   RO         2466    i.auth_status_success_process  security_dispatcher.o
    0x000193d8   0x00000182   Code   RO          699    i.ble_advdata_encode  ble_advdata.o
    0x0001955a   0x00000068   Code   RO          700    i.ble_advdata_set   ble_advdata.o
    0x000195c2   0x00000006   Code   RO          776    i.ble_advertising_conn_cfg_tag_set  ble_advertising.o
    0x000195c8   0x00000136   Code   RO          777    i.ble_advertising_init  ble_advertising.o
    0x000196fe   0x00000068   Code   RO          779    i.ble_advertising_on_ble_evt  ble_advertising.o
    0x00019766   0x00000032   Code   RO          780    i.ble_advertising_on_sys_evt  ble_advertising.o
    0x00019798   0x0000003c   Code   RO          782    i.ble_advertising_restart_without_whitelist  ble_advertising.o
    0x000197d4   0x000001ca   Code   RO          783    i.ble_advertising_start  ble_advertising.o
    0x0001999e   0x00000024   Code   RO          784    i.ble_advertising_whitelist_reply  ble_advertising.o
    0x000199c2   0x00000002   PAD
    0x000199c4   0x00000068   Code   RO          855    i.ble_conn_params_init  ble_conn_params.o
    0x00019a2c   0x00000010   Code   RO          926    i.ble_conn_state_conn_handles  ble_conn_state.o
    0x00019a3c   0x00000010   Code   RO          928    i.ble_conn_state_encrypted  ble_conn_state.o
    0x00019a4c   0x00000010   Code   RO          930    i.ble_conn_state_mitm_protected  ble_conn_state.o
    0x00019a5c   0x00000028   Code   RO          935    i.ble_conn_state_role  ble_conn_state.o
    0x00019a84   0x00000030   Code   RO          936    i.ble_conn_state_status  ble_conn_state.o
    0x00019ab4   0x0000002c   Code   RO          937    i.ble_conn_state_user_flag_acquire  ble_conn_state.o
    0x00019ae0   0x0000001c   Code   RO          938    i.ble_conn_state_user_flag_collection  ble_conn_state.o
    0x00019afc   0x0000002c   Code   RO          939    i.ble_conn_state_user_flag_get  ble_conn_state.o
    0x00019b28   0x00000030   Code   RO          940    i.ble_conn_state_user_flag_set  ble_conn_state.o
    0x00019b58   0x00000018   Code   RO         2743    i.ble_cts_c_current_time_read  ble_cts_c.o
    0x00019b70   0x00000016   Code   RO         2744    i.ble_cts_c_handles_assign  ble_cts_c.o
    0x00019b86   0x00000002   PAD
    0x00019b88   0x0000003c   Code   RO         2745    i.ble_cts_c_init    ble_cts_c.o
    0x00019bc4   0x0000000a   Code   RO         2746    i.ble_cts_c_is_cts_discovered  ble_cts_c.o
    0x00019bce   0x00000050   Code   RO         2747    i.ble_cts_c_on_ble_evt  ble_cts_c.o
    0x00019c1e   0x00000002   PAD
    0x00019c20   0x000000a8   Code   RO         2748    i.ble_cts_c_on_db_disc_evt  ble_cts_c.o
    0x00019cc8   0x00000040   Code   RO         1077    i.ble_db_discovery_evt_register  ble_db_discovery.o
    0x00019d08   0x0000001c   Code   RO         1078    i.ble_db_discovery_init  ble_db_discovery.o
    0x00019d24   0x00000090   Code   RO         1079    i.ble_db_discovery_on_ble_evt  ble_db_discovery.o
    0x00019db4   0x00000028   Code   RO         1080    i.ble_db_discovery_start  ble_db_discovery.o
    0x00019ddc   0x00000060   Code   RO          701    i.ble_device_addr_encode  ble_advdata.o
    0x00019e3c   0x000000c4   Code   RO            7    i.ble_evt_handler   main.o
    0x00019f00   0x00000070   Code   RO          615    i.ble_evt_handler   bsp_btn_ble.o
    0x00019f70   0x000000fc   Code   RO          857    i.ble_evt_handler   ble_conn_params.o
    0x0001a06c   0x000000f4   Code   RO          942    i.ble_evt_handler   ble_conn_state.o
    0x0001a160   0x00000028   Code   RO         2089    i.ble_evt_handler   peer_manager.o
    0x0001a188   0x00000008   Code   RO         1195    i.ble_srv_is_notification_enabled  ble_srv_common.o
    0x0001a190   0x0000000c   Code   RO          378    i.bsp_board_button_idx_to_pin  boards.o
    0x0001a19c   0x00000020   Code   RO          379    i.bsp_board_button_state_get  boards.o
    0x0001a1bc   0x00000024   Code   RO          382    i.bsp_board_led_invert  boards.o
    0x0001a1e0   0x00000010   Code   RO          383    i.bsp_board_led_off  boards.o
    0x0001a1f0   0x00000010   Code   RO          384    i.bsp_board_led_on  boards.o
    0x0001a200   0x00000020   Code   RO          385    i.bsp_board_led_state_get  boards.o
    0x0001a220   0x0000002c   Code   RO          386    i.bsp_board_leds_init  boards.o
    0x0001a24c   0x00000012   Code   RO          387    i.bsp_board_leds_off  boards.o
    0x0001a25e   0x00000012   Code   RO          388    i.bsp_board_leds_on  boards.o
    0x0001a270   0x00000024   Code   RO          389    i.bsp_board_pin_to_button_idx  boards.o
    0x0001a294   0x00000038   Code   RO          616    i.bsp_btn_ble_init  bsp_btn_ble.o
    0x0001a2cc   0x0000001e   Code   RO          617    i.bsp_btn_ble_sleep_mode_prepare  bsp_btn_ble.o
    0x0001a2ea   0x00000002   PAD
    0x0001a2ec   0x00000090   Code   RO          495    i.bsp_button_event_handler  bsp.o
    0x0001a37c   0x00000004   Code   RO          496    i.bsp_button_is_pressed  bsp.o
    0x0001a380   0x000000a0   Code   RO            8    i.bsp_event_handler  main.o
    0x0001a420   0x00000044   Code   RO          499    i.bsp_event_to_button_action_assign  bsp.o
    0x0001a464   0x00000018   Code   RO          500    i.bsp_indication_set  bsp.o
    0x0001a47c   0x00000094   Code   RO          501    i.bsp_init          bsp.o
    0x0001a510   0x000001b8   Code   RO          502    i.bsp_led_indication  bsp.o
    0x0001a6c8   0x00000010   Code   RO          504    i.bsp_wakeup_button_enable  bsp.o
    0x0001a6d8   0x00000064   Code   RO         5099    i.buf_prealloc      nrf_log_frontend.o
    0x0001a73c   0x0000001e   Code   RO         4428    i.buffer_add        nrf_fprintf_format.o
    0x0001a75a   0x00000002   PAD
    0x0001a75c   0x00000014   Code   RO         5100    i.buffer_is_empty   nrf_log_frontend.o
    0x0001a770   0x00000008   Code   RO          505    i.button_timer_handler  bsp.o
    0x0001a778   0x0000001c   Code   RO         3029    i.channel_free      nrf_drv_gpiote.o
    0x0001a794   0x00000048   Code   RO         3030    i.channel_port_alloc  nrf_drv_gpiote.o
    0x0001a7dc   0x00000010   Code   RO         3031    i.channel_port_get  nrf_drv_gpiote.o
    0x0001a7ec   0x00000042   Code   RO         1081    i.characteristics_discover  ble_db_discovery.o
    0x0001a82e   0x00000038   Code   RO         1999    i.claim             peer_id.o
    0x0001a866   0x00000002   PAD
    0x0001a868   0x00000028   Code   RO         2823    i.clock_clk_started_notify  nrf_drv_clock.o
    0x0001a890   0x000000ac   Code   RO         3646    i.compare_reg_update  app_timer.o
    0x0001a93c   0x00000088   Code   RO          702    i.conn_int_encode   ble_advdata.o
    0x0001a9c4   0x00000004   Code   RO            9    i.conn_params_error_handler  main.o
    0x0001a9c8   0x00000048   Code   RO          858    i.conn_params_negotiation  ble_conn_params.o
    0x0001aa10   0x00000044   Code   RO         2467    i.conn_sec_failure  security_dispatcher.o
    0x0001aa54   0x00000054   Code   RO         2749    i.current_time_decode  ble_cts_c.o
    0x0001aaa8   0x00000004   Code   RO           10    i.current_time_error_handler  main.o
    0x0001aaac   0x00000288   Code   RO           11    i.current_time_print  main.o
    0x0001ad34   0x00000080   Code   RO         2750    i.current_time_read  ble_cts_c.o
    0x0001adb4   0x0000000c   Code   RO           12    i.db_disc_handler   main.o
    0x0001adc0   0x00000080   Code   RO         3901    i.delete_execute    fds.o
    0x0001ae40   0x0000008c   Code   RO         1082    i.descriptors_discover  ble_db_discovery.o
    0x0001aecc   0x00000060   Code   RO         3442    i.detection_delay_timeout_handler  app_button.o
    0x0001af2c   0x00000090   Code   RO         1083    i.discovery_complete_evt_trigger  ble_db_discovery.o
    0x0001afbc   0x0000003c   Code   RO         1084    i.discovery_error_evt_trigger  ble_db_discovery.o
    0x0001aff8   0x0000005c   Code   RO         1085    i.discovery_start   ble_db_discovery.o
    0x0001b054   0x00000040   Code   RO         3647    i.elapsed_ticks_acquire  app_timer.o
    0x0001b094   0x0000000a   Code   RO         2468    i.encryption_failure  security_dispatcher.o
    0x0001b09e   0x00000002   PAD
    0x0001b0a0   0x0000004c   Code   RO         4534    i.erase             nrf_fstorage_sd.o
    0x0001b0ec   0x00000074   Code   RO         3902    i.event_prepare     fds.o
    0x0001b160   0x00000020   Code   RO         3903    i.event_send        fds.o
    0x0001b180   0x0000004e   Code   RO         4535    i.event_send        nrf_fstorage_sd.o
    0x0001b1ce   0x00000074   Code   RO         2598    i.events_send_from_err_code  security_manager.o
    0x0001b242   0x00000002   PAD
    0x0001b244   0x0000001c   Code   RO         1252    i.evt_send          gatt_cache_manager.o
    0x0001b260   0x0000002c   Code   RO         2090    i.evt_send          peer_manager.o
    0x0001b28c   0x0000001c   Code   RO         2469    i.evt_send          security_dispatcher.o
    0x0001b2a8   0x0000000c   Code   RO         2599    i.evt_send          security_manager.o
    0x0001b2b4   0x000000d8   Code   RO         1692    i.fds_evt_handler   peer_data_storage.o
    0x0001b38c   0x00000044   Code   RO         3905    i.fds_file_delete   fds.o
    0x0001b3d0   0x0000003c   Code   RO         3906    i.fds_gc            fds.o
    0x0001b40c   0x000000d8   Code   RO         3907    i.fds_init          fds.o
    0x0001b4e4   0x00000040   Code   RO         3908    i.fds_record_close  fds.o
    0x0001b524   0x0000000e   Code   RO         3910    i.fds_record_find   fds.o
    0x0001b532   0x00000010   Code   RO         3911    i.fds_record_find_by_key  fds.o
    0x0001b542   0x00000010   Code   RO         3912    i.fds_record_find_in_file  fds.o
    0x0001b552   0x00000010   Code   RO         3913    i.fds_record_id_from_desc  fds.o
    0x0001b562   0x00000002   PAD
    0x0001b564   0x00000048   Code   RO         3915    i.fds_record_open   fds.o
    0x0001b5ac   0x0000000e   Code   RO         3916    i.fds_record_update  fds.o
    0x0001b5ba   0x00000008   Code   RO         3917    i.fds_record_write  fds.o
    0x0001b5c2   0x0000000c   Code   RO         3918    i.fds_record_write_reserved  fds.o
    0x0001b5ce   0x00000002   PAD
    0x0001b5d0   0x00000030   Code   RO         3919    i.fds_register      fds.o
    0x0001b600   0x00000030   Code   RO         3920    i.fds_reserve       fds.o
    0x0001b630   0x00000048   Code   RO         3921    i.fds_reserve_cancel  fds.o
    0x0001b678   0x00000014   Code   RO         1693    i.file_id_within_pm_range  peer_data_storage.o
    0x0001b68c   0x00000012   Code   RO         2470    i.flag_id_init      security_dispatcher.o
    0x0001b69e   0x00000012   Code   RO         2600    i.flag_id_init      security_manager.o
    0x0001b6b0   0x00000054   Code   RO         2601    i.flags_set_from_err_code  security_manager.o
    0x0001b704   0x00000006   Code   RO         3923    i.fs_event_handler  fds.o
    0x0001b70a   0x00000002   PAD
    0x0001b70c   0x00000074   Code   RO         3924    i.gc_execute        fds.o
    0x0001b780   0x0000004c   Code   RO         3925    i.gc_next_page      fds.o
    0x0001b7cc   0x00000040   Code   RO         3926    i.gc_page_erase     fds.o
    0x0001b80c   0x00000034   Code   RO         3927    i.gc_record_copy    fds.o
    0x0001b840   0x00000024   Code   RO         3928    i.gc_record_find_next  fds.o
    0x0001b864   0x00000088   Code   RO         3929    i.gc_state_advance  fds.o
    0x0001b8ec   0x00000098   Code   RO         1253    i.gcm_ble_evt_handler  gatt_cache_manager.o
    0x0001b984   0x00000030   Code   RO         1254    i.gcm_im_evt_handler  gatt_cache_manager.o
    0x0001b9b4   0x00000050   Code   RO         1255    i.gcm_init          gatt_cache_manager.o
    0x0001ba04   0x00000050   Code   RO         1256    i.gcm_local_database_has_changed  gatt_cache_manager.o
    0x0001ba54   0x0000007c   Code   RO         1258    i.gcm_pdb_evt_handler  gatt_cache_manager.o
    0x0001bad0   0x00000038   Code   RO         1438    i.get_connection_by_conn_handle  id_manager.o
    0x0001bb08   0x00000030   Code   RO         1439    i.get_free_connection  id_manager.o
    0x0001bb38   0x00000058   Code   RO         3443    i.gpiote_event_handler  app_button.o
    0x0001bb90   0x0000001c   Code   RO         1360    i.gscm_db_change_notification_done  gatts_cache_manager.o
    0x0001bbac   0x00000014   Code   RO         1361    i.gscm_init         gatts_cache_manager.o
    0x0001bbc0   0x0000001c   Code   RO         1362    i.gscm_local_database_has_changed  gatts_cache_manager.o
    0x0001bbdc   0x0000006a   Code   RO         1363    i.gscm_local_db_cache_apply  gatts_cache_manager.o
    0x0001bc46   0x00000082   Code   RO         1364    i.gscm_local_db_cache_update  gatts_cache_manager.o
    0x0001bcc8   0x00000018   Code   RO         1365    i.gscm_pdb_evt_handler  gatts_cache_manager.o
    0x0001bce0   0x0000001e   Code   RO         1366    i.gscm_service_changed_ind_needed  gatts_cache_manager.o
    0x0001bcfe   0x00000002   PAD
    0x0001bd00   0x00000038   Code   RO         1367    i.gscm_service_changed_ind_send  gatts_cache_manager.o
    0x0001bd38   0x00000026   Code   RO         3930    i.header_check      fds.o
    0x0001bd5e   0x00000012   Code   RO         3931    i.header_has_next   fds.o
    0x0001bd70   0x00000046   Code   RO         1440    i.im_address_resolve  id_manager.o
    0x0001bdb6   0x00000002   PAD
    0x0001bdb8   0x00000030   Code   RO         1441    i.im_ble_addr_get   id_manager.o
    0x0001bde8   0x000000c8   Code   RO         1442    i.im_ble_evt_handler  id_manager.o
    0x0001beb0   0x0000002c   Code   RO         1443    i.im_conn_handle_get  id_manager.o
    0x0001bedc   0x000000a6   Code   RO         1444    i.im_device_identities_list_set  id_manager.o
    0x0001bf82   0x00000038   Code   RO         1445    i.im_find_duplicate_bonding_data  id_manager.o
    0x0001bfba   0x00000002   PAD
    0x0001bfbc   0x00000040   Code   RO         1448    i.im_init           id_manager.o
    0x0001bffc   0x00000072   Code   RO         1449    i.im_is_duplicate_bonding_data  id_manager.o
    0x0001c06e   0x00000018   Code   RO         1450    i.im_master_id_is_valid  id_manager.o
    0x0001c086   0x0000002a   Code   RO         1451    i.im_master_ids_compare  id_manager.o
    0x0001c0b0   0x00000004   Code   RO         1452    i.im_new_peer_id    id_manager.o
    0x0001c0b4   0x00000026   Code   RO         1453    i.im_peer_free      id_manager.o
    0x0001c0da   0x00000002   PAD
    0x0001c0dc   0x00000020   Code   RO         1454    i.im_peer_id_get_by_conn_handle  id_manager.o
    0x0001c0fc   0x0000003c   Code   RO         1455    i.im_peer_id_get_by_master_id  id_manager.o
    0x0001c138   0x00000038   Code   RO         1458    i.im_whitelist_get  id_manager.o
    0x0001c170   0x00000074   Code   RO         1459    i.im_whitelist_set  id_manager.o
    0x0001c1e4   0x00000038   Code   RO         4536    i.init              nrf_fstorage_sd.o
    0x0001c21c   0x000000c8   Code   RO         3932    i.init_execute      fds.o
    0x0001c2e4   0x00000014   Code   RO          859    i.instance_get      ble_conn_params.o
    0x0001c2f8   0x000000a6   Code   RO         4429    i.int_print         nrf_fprintf_format.o
    0x0001c39e   0x00000002   PAD
    0x0001c3a0   0x00000010   Code   RO         4537    i.is_busy           nrf_fstorage_sd.o
    0x0001c3b0   0x00000044   Code   RO          860    i.is_conn_params_ok  ble_conn_params.o
    0x0001c3f4   0x0000004c   Code   RO         1086    i.is_desc_discovery_reqd  ble_db_discovery.o
    0x0001c440   0x00000014   Code   RO         1460    i.is_valid_irk      id_manager.o
    0x0001c454   0x0000000c   Code   RO         3933    i.is_word_aligned   fds.o
    0x0001c460   0x00000030   Code   RO          506    i.leds_off          bsp.o
    0x0001c490   0x00000014   Code   RO          507    i.leds_timer_handler  bsp.o
    0x0001c4a4   0x00000028   Code   RO         2826    i.lfclk_stop        nrf_drv_clock.o
    0x0001c4cc   0x0000000e   Code   RO         1624    i.link_init         nrf_ble_gatt.o
    0x0001c4da   0x00000002   PAD
    0x0001c4dc   0x000000b4   Code   RO         2602    i.link_secure       security_manager.o
    0x0001c590   0x0000008c   Code   RO         2471    i.link_secure_failure  security_dispatcher.o
    0x0001c61c   0x0000005c   Code   RO         2603    i.link_secure_pending_process  security_manager.o
    0x0001c678   0x000000f8   Code   RO         3648    i.list_insertions_handler  app_timer.o
    0x0001c770   0x00000068   Code   RO         1259    i.local_db_apply_in_evt  gatt_cache_manager.o
    0x0001c7d8   0x00000010   Code   RO         1260    i.local_db_update   gatt_cache_manager.o
    0x0001c7e8   0x00000032   Code   RO         2412    i.lock_by_mask      pm_mutex.o
    0x0001c81a   0x00000002   PAD
    0x0001c81c   0x00000094   Code   RO         5102    i.log_skip          nrf_log_frontend.o
    0x0001c8b0   0x000001d4   Code   RO           13    i.main              main.o
    0x0001ca84   0x00000064   Code   RO          703    i.manuf_specific_data_encode  ble_advdata.o
    0x0001cae8   0x00000076   Code   RO         4648    i.memobj_op         nrf_memobj.o
    0x0001cb5e   0x00000002   PAD
    0x0001cb60   0x00000034   Code   RO         5103    i.module_idx_get    nrf_log_frontend.o
    0x0001cb94   0x0000009c   Code   RO          704    i.name_encode       ble_advdata.o
    0x0001cc30   0x00000058   Code   RO         1461    i.new_connection    id_manager.o
    0x0001cc88   0x00000014   Code   RO         2604    i.new_context_get   security_manager.o
    0x0001cc9c   0x00000030   Code   RO         2000    i.next_id_get       peer_id.o
    0x0001cccc   0x00000010   Code   RO         4276    i.nrf_atfifo_clear  nrf_atfifo.o
    0x0001ccdc   0x00000026   Code   RO         4278    i.nrf_atfifo_init   nrf_atfifo.o
    0x0001cd02   0x00000016   Code   RO         4279    i.nrf_atfifo_item_alloc  nrf_atfifo.o
    0x0001cd18   0x00000016   Code   RO         4280    i.nrf_atfifo_item_free  nrf_atfifo.o
    0x0001cd2e   0x00000016   Code   RO         4281    i.nrf_atfifo_item_get  nrf_atfifo.o
    0x0001cd44   0x00000016   Code   RO         4282    i.nrf_atfifo_item_put  nrf_atfifo.o
    0x0001cd5a   0x0000000e   Code   RO         5104    i.nrf_atomic_flag_set  nrf_log_frontend.o
    0x0001cd68   0x0000000c   Code   RO         3934    i.nrf_atomic_u32_add  fds.o
    0x0001cd74   0x00000044   Code   RO         4344    i.nrf_balloc_alloc  nrf_balloc.o
    0x0001cdb8   0x00000030   Code   RO         4345    i.nrf_balloc_free   nrf_balloc.o
    0x0001cde8   0x00000030   Code   RO         4346    i.nrf_balloc_init   nrf_balloc.o
    0x0001ce18   0x00000010   Code   RO         3032    i.nrf_bitmask_bit_is_set  nrf_drv_gpiote.o
    0x0001ce28   0x00000022   Code   RO         1628    i.nrf_ble_gatt_init  nrf_ble_gatt.o
    0x0001ce4a   0x00000002   PAD
    0x0001ce4c   0x000000f4   Code   RO         1629    i.nrf_ble_gatt_on_ble_evt  nrf_ble_gatt.o
    0x0001cf40   0x0000000e   Code   RO         2827    i.nrf_clock_event_check  nrf_drv_clock.o
    0x0001cf4e   0x00000010   Code   RO         2828    i.nrf_clock_event_clear  nrf_drv_clock.o
    0x0001cf5e   0x00000002   PAD
    0x0001cf60   0x0000008c   Code   RO         3649    i.nrf_delay_us      app_timer.o
    0x0001cfec   0x00000048   Code   RO         2835    i.nrf_drv_clock_init  nrf_drv_clock.o
    0x0001d034   0x0000002c   Code   RO         2839    i.nrf_drv_clock_lfclk_release  nrf_drv_clock.o
    0x0001d060   0x00000038   Code   RO         2992    i.nrf_drv_common_irq_enable  nrf_drv_common.o
    0x0001d098   0x000000a4   Code   RO         3037    i.nrf_drv_gpiote_in_event_enable  nrf_drv_gpiote.o
    0x0001d13c   0x000000b8   Code   RO         3038    i.nrf_drv_gpiote_in_init  nrf_drv_gpiote.o
    0x0001d1f4   0x00000014   Code   RO         3039    i.nrf_drv_gpiote_in_is_set  nrf_drv_gpiote.o
    0x0001d208   0x0000005c   Code   RO         3041    i.nrf_drv_gpiote_init  nrf_drv_gpiote.o
    0x0001d264   0x00000014   Code   RO         3042    i.nrf_drv_gpiote_is_init  nrf_drv_gpiote.o
    0x0001d278   0x00000010   Code   RO         3277    i.nrf_drv_is_in_RAM  nrf_drv_uart.o
    0x0001d288   0x00000090   Code   RO         3279    i.nrf_drv_uart_init  nrf_drv_uart.o
    0x0001d318   0x000000a4   Code   RO         3286    i.nrf_drv_uart_tx   nrf_drv_uart.o
    0x0001d3bc   0x0000001c   Code   RO         3288    i.nrf_drv_uart_tx_in_progress  nrf_drv_uart.o
    0x0001d3d8   0x000000a8   Code   RO         3289    i.nrf_drv_uart_uninit  nrf_drv_uart.o
    0x0001d480   0x0000001a   Code   RO         4385    i.nrf_fprintf       nrf_fprintf.o
    0x0001d49a   0x00000018   Code   RO         4386    i.nrf_fprintf_buffer_flush  nrf_fprintf.o
    0x0001d4b2   0x000001da   Code   RO         4430    i.nrf_fprintf_fmt   nrf_fprintf_format.o
    0x0001d68c   0x0000004e   Code   RO         4467    i.nrf_fstorage_erase  nrf_fstorage.o
    0x0001d6da   0x00000010   Code   RO         4468    i.nrf_fstorage_init  nrf_fstorage.o
    0x0001d6ea   0x00000002   PAD
    0x0001d6ec   0x00000050   Code   RO         4469    i.nrf_fstorage_is_busy  nrf_fstorage.o
    0x0001d73c   0x00000018   Code   RO         4538    i.nrf_fstorage_sdh_req_handler  nrf_fstorage_sd.o
    0x0001d754   0x00000020   Code   RO         4539    i.nrf_fstorage_sdh_state_handler  nrf_fstorage_sd.o
    0x0001d774   0x000000a4   Code   RO         4540    i.nrf_fstorage_sys_evt_handler  nrf_fstorage_sd.o
    0x0001d818   0x00000066   Code   RO         4474    i.nrf_fstorage_write  nrf_fstorage.o
    0x0001d87e   0x00000024   Code   RO          391    i.nrf_gpio_cfg      boards.o
    0x0001d8a2   0x00000024   Code   RO         3056    i.nrf_gpio_cfg      nrf_drv_gpiote.o
    0x0001d8c6   0x00000024   Code   RO         3290    i.nrf_gpio_cfg      nrf_drv_uart.o
    0x0001d8ea   0x00000012   Code   RO         3291    i.nrf_gpio_cfg_default  nrf_drv_uart.o
    0x0001d8fc   0x00000012   Code   RO         3292    i.nrf_gpio_cfg_input  nrf_drv_uart.o
    0x0001d90e   0x00000014   Code   RO         3293    i.nrf_gpio_cfg_output  nrf_drv_uart.o
    0x0001d922   0x00000022   Code   RO          508    i.nrf_gpio_cfg_sense_set  bsp.o
    0x0001d944   0x00000022   Code   RO         3058    i.nrf_gpio_cfg_sense_set  nrf_drv_gpiote.o
    0x0001d966   0x00000016   Code   RO          392    i.nrf_gpio_pin_write  boards.o
    0x0001d97c   0x00000028   Code   RO         3059    i.nrf_gpio_ports_read  nrf_drv_gpiote.o
    0x0001d9a4   0x00000014   Code   RO         3060    i.nrf_gpiote_event_clear  nrf_drv_gpiote.o
    0x0001d9b8   0x00000010   Code   RO         3061    i.nrf_gpiote_event_is_set  nrf_drv_gpiote.o
    0x0001d9c8   0x00000050   Code   RO         5105    i.nrf_log_backend_add  nrf_log_frontend.o
    0x0001da18   0x000000d2   Code   RO         4956    i.nrf_log_backend_serial_put  nrf_log_backend_serial.o
    0x0001daea   0x00000002   Code   RO         4996    i.nrf_log_backend_uart_flush  nrf_log_backend_uart.o
    0x0001daec   0x00000006   Code   RO         4997    i.nrf_log_backend_uart_init  nrf_log_backend_uart.o
    0x0001daf2   0x00000002   PAD
    0x0001daf4   0x00000018   Code   RO         4998    i.nrf_log_backend_uart_panic_set  nrf_log_backend_uart.o
    0x0001db0c   0x00000018   Code   RO         4999    i.nrf_log_backend_uart_put  nrf_log_backend_uart.o
    0x0001db24   0x00000030   Code   RO         5107    i.nrf_log_color_id_get  nrf_log_frontend.o
    0x0001db54   0x0000001c   Code   RO         5065    i.nrf_log_default_backends_init  nrf_log_default_backends.o
    0x0001db70   0x000001f0   Code   RO         5108    i.nrf_log_frontend_dequeue  nrf_log_frontend.o
    0x0001dd60   0x00000008   Code   RO         5110    i.nrf_log_frontend_std_0  nrf_log_frontend.o
    0x0001dd68   0x0000000e   Code   RO         5111    i.nrf_log_frontend_std_1  nrf_log_frontend.o
    0x0001dd76   0x00000010   Code   RO         5112    i.nrf_log_frontend_std_2  nrf_log_frontend.o
    0x0001dd86   0x00000012   Code   RO         5113    i.nrf_log_frontend_std_3  nrf_log_frontend.o
    0x0001dd98   0x000000ac   Code   RO         5290    i.nrf_log_hexdump_entry_process  nrf_log_str_formatter.o
    0x0001de44   0x0000005c   Code   RO         5117    i.nrf_log_init      nrf_log_frontend.o
    0x0001dea0   0x00000014   Code   RO         5118    i.nrf_log_module_cnt_get  nrf_log_frontend.o
    0x0001deb4   0x0000001c   Code   RO         5121    i.nrf_log_module_name_get  nrf_log_frontend.o
    0x0001ded0   0x00000028   Code   RO         5122    i.nrf_log_panic     nrf_log_frontend.o
    0x0001def8   0x000000b6   Code   RO         5291    i.nrf_log_std_entry_process  nrf_log_str_formatter.o
    0x0001dfae   0x00000060   Code   RO         4649    i.nrf_memobj_alloc  nrf_memobj.o
    0x0001e00e   0x00000032   Code   RO         4650    i.nrf_memobj_free   nrf_memobj.o
    0x0001e040   0x0000000e   Code   RO         4651    i.nrf_memobj_get    nrf_memobj.o
    0x0001e04e   0x00000004   Code   RO         4652    i.nrf_memobj_pool_init  nrf_memobj.o
    0x0001e052   0x00000022   Code   RO         4653    i.nrf_memobj_put    nrf_memobj.o
    0x0001e074   0x0000000c   Code   RO         4654    i.nrf_memobj_read   nrf_memobj.o
    0x0001e080   0x0000000c   Code   RO         4655    i.nrf_memobj_write  nrf_memobj.o
    0x0001e08c   0x00000014   Code   RO         5823    i.nrf_sdh_ble_app_ram_start_get  nrf_sdh_ble.o
    0x0001e0a0   0x000000fc   Code   RO         5824    i.nrf_sdh_ble_default_cfg_set  nrf_sdh_ble.o
    0x0001e19c   0x000000d8   Code   RO         5825    i.nrf_sdh_ble_enable  nrf_sdh_ble.o
    0x0001e274   0x00000050   Code   RO         5826    i.nrf_sdh_ble_evts_poll  nrf_sdh_ble.o
    0x0001e2c4   0x0000003c   Code   RO         5695    i.nrf_sdh_disable_request  nrf_sdh.o
    0x0001e300   0x0000006c   Code   RO         5696    i.nrf_sdh_enable_request  nrf_sdh.o
    0x0001e36c   0x00000024   Code   RO         5697    i.nrf_sdh_evts_poll  nrf_sdh.o
    0x0001e390   0x0000000c   Code   RO         5698    i.nrf_sdh_is_enabled  nrf_sdh.o
    0x0001e39c   0x0000001c   Code   RO         5700    i.nrf_sdh_request_continue  nrf_sdh.o
    0x0001e3b8   0x0000003c   Code   RO         5873    i.nrf_sdh_soc_evts_poll  nrf_sdh_soc.o
    0x0001e3f4   0x0000000a   Code   RO         4805    i.nrf_section_iter_init  nrf_section_iter.o
    0x0001e3fe   0x00000024   Code   RO         4806    i.nrf_section_iter_item_set  nrf_section_iter.o
    0x0001e422   0x00000020   Code   RO         4807    i.nrf_section_iter_next  nrf_section_iter.o
    0x0001e442   0x00000002   PAD
    0x0001e444   0x00000038   Code   RO         4840    i.nrf_strerror_find  nrf_strerror.o
    0x0001e47c   0x00000014   Code   RO         4841    i.nrf_strerror_get  nrf_strerror.o
    0x0001e490   0x0000000a   Code   RO         3294    i.nrf_uarte_event_check  nrf_drv_uart.o
    0x0001e49a   0x0000000c   Code   RO         3295    i.nrf_uarte_event_clear  nrf_drv_uart.o
    0x0001e4a6   0x00000002   PAD
    0x0001e4a8   0x0000011c   Code   RO           14    i.on_adv_evt        main.o
    0x0001e5c4   0x00000114   Code   RO         1087    i.on_characteristic_discovery_rsp  ble_db_discovery.o
    0x0001e6d8   0x0000001c   Code   RO           15    i.on_conn_params_evt  main.o
    0x0001e6f4   0x00000118   Code   RO           16    i.on_cts_c_evt      main.o
    0x0001e80c   0x000000f0   Code   RO         1088    i.on_descriptor_discovery_rsp  ble_db_discovery.o
    0x0001e8fc   0x00000078   Code   RO         1630    i.on_exchange_mtu_request_evt  nrf_ble_gatt.o
    0x0001e974   0x0000006c   Code   RO         1089    i.on_primary_srv_discovery_rsp  ble_db_discovery.o
    0x0001e9e0   0x0000007c   Code   RO         1090    i.on_srv_disc_completion  ble_db_discovery.o
    0x0001ea5c   0x00000024   Code   RO         3935    i.page_identify     fds.o
    0x0001ea80   0x00000012   Code   RO         3936    i.page_offsets_update  fds.o
    0x0001ea92   0x00000002   PAD
    0x0001ea94   0x0000006c   Code   RO         3937    i.page_scan         fds.o
    0x0001eb00   0x0000001c   Code   RO         3938    i.page_tag_write_data  fds.o
    0x0001eb1c   0x00000024   Code   RO         3939    i.page_tag_write_swap  fds.o
    0x0001eb40   0x0000011c   Code   RO         3940    i.pages_init        fds.o
    0x0001ec5c   0x0000000c   Code   RO         2472    i.pairing           security_dispatcher.o
    0x0001ec68   0x0000003e   Code   RO         2605    i.params_reply_pending_process  security_manager.o
    0x0001eca6   0x00000028   Code   RO         2606    i.params_req_send   security_manager.o
    0x0001ecce   0x00000002   PAD
    0x0001ecd0   0x0000001c   Code   RO         1831    i.pdb_evt_send      peer_database.o
    0x0001ecec   0x00000048   Code   RO         1832    i.pdb_init          peer_database.o
    0x0001ed34   0x00000004   Code   RO         1834    i.pdb_next_deleted_peer_id_get  peer_database.o
    0x0001ed38   0x00000004   Code   RO         1835    i.pdb_next_peer_id_get  peer_database.o
    0x0001ed3c   0x00000078   Code   RO         1836    i.pdb_pds_evt_handler  peer_database.o
    0x0001edb4   0x00000004   Code   RO         1837    i.pdb_peer_allocate  peer_database.o
    0x0001edb8   0x00000010   Code   RO         1838    i.pdb_peer_data_load  peer_database.o
    0x0001edc8   0x00000006   Code   RO         1839    i.pdb_peer_data_ptr_get  peer_database.o
    0x0001edce   0x00000044   Code   RO         1840    i.pdb_peer_free     peer_database.o
    0x0001ee12   0x00000008   Code   RO         1841    i.pdb_raw_store     peer_database.o
    0x0001ee1a   0x00000002   PAD
    0x0001ee1c   0x00000104   Code   RO         1842    i.pdb_write_buf_get  peer_database.o
    0x0001ef20   0x00000028   Code   RO         1843    i.pdb_write_buf_release  peer_database.o
    0x0001ef48   0x00000028   Code   RO         1844    i.pdb_write_buf_store  peer_database.o
    0x0001ef70   0x00000068   Code   RO         1845    i.pdb_write_buf_store_prepare  peer_database.o
    0x0001efd8   0x00000010   Code   RO         1694    i.pds_evt_send      peer_data_storage.o
    0x0001efe8   0x0000006c   Code   RO         1695    i.pds_init          peer_data_storage.o
    0x0001f054   0x00000004   Code   RO         1696    i.pds_next_deleted_peer_id_get  peer_data_storage.o
    0x0001f058   0x00000004   Code   RO         1697    i.pds_next_peer_id_get  peer_data_storage.o
    0x0001f05c   0x00000058   Code   RO         1700    i.pds_peer_data_iterate  peer_data_storage.o
    0x0001f0b4   0x00000010   Code   RO         1701    i.pds_peer_data_iterate_prepare  peer_data_storage.o
    0x0001f0c4   0x00000068   Code   RO         1702    i.pds_peer_data_read  peer_data_storage.o
    0x0001f12c   0x00000096   Code   RO         1703    i.pds_peer_data_store  peer_data_storage.o
    0x0001f1c2   0x00000008   Code   RO         1704    i.pds_peer_id_allocate  peer_data_storage.o
    0x0001f1ca   0x00000016   Code   RO         1705    i.pds_peer_id_free  peer_data_storage.o
    0x0001f1e0   0x00000004   Code   RO         1706    i.pds_peer_id_is_allocated  peer_data_storage.o
    0x0001f1e4   0x0000002e   Code   RO         1707    i.pds_space_reserve  peer_data_storage.o
    0x0001f212   0x00000010   Code   RO         1708    i.pds_space_reserve_cancel  peer_data_storage.o
    0x0001f222   0x00000002   PAD
    0x0001f224   0x0000000c   Code   RO         2473    i.peer_created      security_dispatcher.o
    0x0001f230   0x00000006   Code   RO         1846    i.peer_data_const_point_to_buffer  peer_database.o
    0x0001f236   0x00000002   PAD
    0x0001f238   0x00000084   Code   RO         1709    i.peer_data_delete  peer_data_storage.o
    0x0001f2bc   0x00000030   Code   RO         1710    i.peer_data_find    peer_data_storage.o
    0x0001f2ec   0x00000020   Code   RO         1711    i.peer_data_id_is_valid  peer_data_storage.o
    0x0001f30c   0x0000001a   Code   RO         1847    i.peer_data_point_to_buffer  peer_database.o
    0x0001f326   0x00000002   PAD
    0x0001f328   0x0000000c   Code   RO         2001    i.peer_id_allocate  peer_id.o
    0x0001f334   0x00000024   Code   RO         2002    i.peer_id_delete    peer_id.o
    0x0001f358   0x0000001c   Code   RO         2003    i.peer_id_free      peer_id.o
    0x0001f374   0x0000000c   Code   RO         2004    i.peer_id_get_next_deleted  peer_id.o
    0x0001f380   0x00000030   Code   RO         2005    i.peer_id_get_next_used  peer_id.o
    0x0001f3b0   0x00000028   Code   RO         2006    i.peer_id_init      peer_id.o
    0x0001f3d8   0x00000014   Code   RO         2007    i.peer_id_is_allocated  peer_id.o
    0x0001f3ec   0x00000014   Code   RO         2008    i.peer_id_is_deleted  peer_id.o
    0x0001f400   0x0000001c   Code   RO         1462    i.peer_id_set       id_manager.o
    0x0001f41c   0x0000006c   Code   RO           17    i.peer_manager_init  main.o
    0x0001f488   0x000000c0   Code   RO         1463    i.peers_id_keys_get  id_manager.o
    0x0001f548   0x000000d8   Code   RO         1261    i.pending_flags_check  gatt_cache_manager.o
    0x0001f620   0x00000018   Code   RO         3062    i.pin_in_use_by_port  nrf_drv_gpiote.o
    0x0001f638   0x00000018   Code   RO         3063    i.pin_in_use_by_te  nrf_drv_gpiote.o
    0x0001f650   0x0000005c   Code   RO         2370    i.pm_buffer_block_acquire  pm_buffer.o
    0x0001f6ac   0x00000040   Code   RO         2371    i.pm_buffer_init    pm_buffer.o
    0x0001f6ec   0x00000028   Code   RO         2372    i.pm_buffer_ptr_get  pm_buffer.o
    0x0001f714   0x0000002e   Code   RO         2373    i.pm_buffer_release  pm_buffer.o
    0x0001f742   0x0000000a   Code   RO         2093    i.pm_conn_sec_config_reply  peer_manager.o
    0x0001f74c   0x0000006c   Code   RO         2095    i.pm_conn_sec_status_get  peer_manager.o
    0x0001f7b8   0x00000014   Code   RO         2096    i.pm_conn_secure    peer_manager.o
    0x0001f7cc   0x00000014   Code   RO         2097    i.pm_device_identities_list_set  peer_manager.o
    0x0001f7e0   0x00000164   Code   RO           18    i.pm_evt_handler    main.o
    0x0001f944   0x00000004   Code   RO         2098    i.pm_gcm_evt_handler  peer_manager.o
    0x0001f948   0x00000024   Code   RO         2101    i.pm_im_evt_handler  peer_manager.o
    0x0001f96c   0x00000058   Code   RO         2102    i.pm_init           peer_manager.o
    0x0001f9c4   0x00000014   Code   RO         2104    i.pm_local_database_has_changed  peer_manager.o
    0x0001f9d8   0x0000000e   Code   RO         2413    i.pm_mutex_init     pm_mutex.o
    0x0001f9e6   0x0000001a   Code   RO         2414    i.pm_mutex_lock     pm_mutex.o
    0x0001fa00   0x00000036   Code   RO         2415    i.pm_mutex_lock_first_available  pm_mutex.o
    0x0001fa36   0x00000018   Code   RO         2416    i.pm_mutex_lock_status_get  pm_mutex.o
    0x0001fa4e   0x0000003a   Code   RO         2417    i.pm_mutex_unlock   pm_mutex.o
    0x0001fa88   0x00000014   Code   RO         2105    i.pm_next_peer_id_get  peer_manager.o
    0x0001fa9c   0x00000118   Code   RO         2106    i.pm_pdb_evt_handler  peer_manager.o
    0x0001fbb4   0x00000014   Code   RO         2117    i.pm_peer_delete    peer_manager.o
    0x0001fbc8   0x000000ac   Code   RO         2120    i.pm_peer_rank_highest  peer_manager.o
    0x0001fc74   0x000000b8   Code   RO         2121    i.pm_peer_ranks_get  peer_manager.o
    0x0001fd2c   0x00000068   Code   RO         2122    i.pm_peers_delete   peer_manager.o
    0x0001fd94   0x0000002c   Code   RO         2125    i.pm_register       peer_manager.o
    0x0001fdc0   0x00000014   Code   RO         2126    i.pm_sec_params_set  peer_manager.o
    0x0001fdd4   0x00000034   Code   RO         2127    i.pm_sm_evt_handler  peer_manager.o
    0x0001fe08   0x0000002c   Code   RO         2128    i.pm_whitelist_get  peer_manager.o
    0x0001fe34   0x00000014   Code   RO         2129    i.pm_whitelist_set  peer_manager.o
    0x0001fe48   0x0000003c   Code   RO         5292    i.postfix_process   nrf_log_str_formatter.o
    0x0001fe84   0x0000005c   Code   RO         5293    i.prefix_process    nrf_log_str_formatter.o
    0x0001fee0   0x0000001c   Code   RO         3941    i.queue_buf_get     fds.o
    0x0001fefc   0x00000010   Code   RO         3942    i.queue_buf_store   fds.o
    0x0001ff0c   0x000000a8   Code   RO         3943    i.queue_process     fds.o
    0x0001ffb4   0x00000098   Code   RO         4541    i.queue_process     nrf_fstorage_sd.o
    0x0002004c   0x00000020   Code   RO         3944    i.queue_start       fds.o
    0x0002006c   0x00000028   Code   RO         4542    i.queue_start       nrf_fstorage_sd.o
    0x00020094   0x00000028   Code   RO         2130    i.rank_vars_update  peer_manager.o
    0x000200bc   0x0000000e   Code   RO         4543    i.read              nrf_fstorage_sd.o
    0x000200ca   0x00000002   PAD
    0x000200cc   0x00000068   Code   RO         1848    i.reattempt_previous_operations  peer_database.o
    0x00020134   0x00000088   Code   RO         3945    i.record_find       fds.o
    0x000201bc   0x000000a0   Code   RO         3946    i.record_find_by_desc  fds.o
    0x0002025c   0x0000005c   Code   RO         3947    i.record_find_next  fds.o
    0x000202b8   0x00000038   Code   RO         3948    i.record_header_flag_dirty  fds.o
    0x000202f0   0x00000038   Code   RO         1091    i.registered_handler_get  ble_db_discovery.o
    0x00020328   0x00000010   Code   RO         2010    i.release           peer_id.o
    0x00020338   0x00000004   Code   RO         4544    i.rmap              nrf_fstorage_sd.o
    0x0002033c   0x0000003c   Code   RO         3650    i.rtc1_stop         app_timer.o
    0x00020378   0x00000018   Code   RO         3296    i.rx_done_event     nrf_drv_uart.o
    0x00020390   0x00000042   Code   RO         5703    i.sd_nvic_SetPriority  nrf_sdh.o
    0x000203d2   0x00000002   PAD
    0x000203d4   0x00000054   Code   RO         2842    i.sd_state_evt_handler  nrf_drv_clock.o
    0x00020428   0x00000030   Code   RO         5704    i.sdh_request_observer_notify  nrf_sdh.o
    0x00020458   0x0000002c   Code   RO         5705    i.sdh_state_observer_notify  nrf_sdh.o
    0x00020484   0x00000044   Code   RO         4873    i.sdk_mapped_flags_bulk_update_by_key  sdk_mapped_flags.o
    0x000204c8   0x00000022   Code   RO         4874    i.sdk_mapped_flags_first_key_index_get  sdk_mapped_flags.o
    0x000204ea   0x00000010   Code   RO         4875    i.sdk_mapped_flags_get_by_index  sdk_mapped_flags.o
    0x000204fa   0x00000026   Code   RO         4876    i.sdk_mapped_flags_get_by_key  sdk_mapped_flags.o
    0x00020520   0x0000004a   Code   RO         4878    i.sdk_mapped_flags_key_list_get  sdk_mapped_flags.o
    0x0002056a   0x0000000e   Code   RO         4880    i.sdk_mapped_flags_update_by_key  sdk_mapped_flags.o
    0x00020578   0x000000a2   Code   RO         2474    i.sec_info_request_process  security_dispatcher.o
    0x0002061a   0x00000002   PAD
    0x0002061c   0x0000006c   Code   RO         2475    i.sec_keyset_fill   security_dispatcher.o
    0x00020688   0x00000076   Code   RO         2607    i.sec_params_verify  security_manager.o
    0x000206fe   0x00000002   PAD
    0x00020700   0x00000038   Code   RO         2476    i.sec_proc_housekeeping  security_dispatcher.o
    0x00020738   0x00000068   Code   RO         2477    i.sec_proc_start    security_dispatcher.o
    0x000207a0   0x00000038   Code   RO           19    i.sec_req_timeout_handler  main.o
    0x000207d8   0x00000022   Code   RO         2478    i.send_config_req   security_dispatcher.o
    0x000207fa   0x00000002   PAD
    0x000207fc   0x00000010   Code   RO          861    i.send_error_evt    ble_conn_params.o
    0x0002080c   0x00000028   Code   RO         1262    i.send_unexpected_error  gatt_cache_manager.o
    0x00020834   0x00000028   Code   RO         2479    i.send_unexpected_error  security_dispatcher.o
    0x0002085c   0x00000028   Code   RO         5000    i.serial_tx         nrf_log_backend_uart.o
    0x00020884   0x00000044   Code   RO         1368    i.service_changed_pending_set  gatts_cache_manager.o
    0x000208c8   0x0000008c   Code   RO         1263    i.service_changed_send_in_evt  gatt_cache_manager.o
    0x00020954   0x00000088   Code   RO          705    i.service_data_encode  ble_advdata.o
    0x000209dc   0x00000028   Code   RO           20    i.sleep_mode_enter  main.o
    0x00020a04   0x00000018   Code   RO         2608    i.sm_ble_evt_handler  security_manager.o
    0x00020a1c   0x00000004   Code   RO         2609    i.sm_conn_sec_config_reply  security_manager.o
    0x00020a20   0x0000004c   Code   RO         2610    i.sm_init           security_manager.o
    0x00020a6c   0x0000000a   Code   RO         2612    i.sm_link_secure    security_manager.o
    0x00020a76   0x00000002   PAD
    0x00020a78   0x00000040   Code   RO         2613    i.sm_pdb_evt_handler  security_manager.o
    0x00020ab8   0x00000034   Code   RO         2615    i.sm_sec_params_set  security_manager.o
    0x00020aec   0x00000060   Code   RO         2616    i.sm_smd_evt_handler  security_manager.o
    0x00020b4c   0x000000f4   Code   RO         2480    i.smd_ble_evt_handler  security_dispatcher.o
    0x00020c40   0x00000010   Code   RO         2481    i.smd_conn_sec_config_reply  security_dispatcher.o
    0x00020c50   0x00000058   Code   RO         2482    i.smd_init          security_dispatcher.o
    0x00020ca8   0x00000022   Code   RO         2483    i.smd_link_secure   security_dispatcher.o
    0x00020cca   0x00000002   PAD
    0x00020ccc   0x000000fc   Code   RO         2484    i.smd_params_reply  security_dispatcher.o
    0x00020dc8   0x00000040   Code   RO         2617    i.smd_params_reply_perform  security_manager.o
    0x00020e08   0x0000000a   Code   RO         2843    i.soc_evt_handler   nrf_drv_clock.o
    0x00020e12   0x00000002   PAD
    0x00020e14   0x00000038   Code   RO         5706    i.softdevice_evt_irq_disable  nrf_sdh.o
    0x00020e4c   0x00000050   Code   RO         5707    i.softdevices_evt_irq_enable  nrf_sdh.o
    0x00020e9c   0x00000090   Code   RO         5124    i.std_n             nrf_log_frontend.o
    0x00020f2c   0x00000018   Code   RO         3651    i.timeout_handler_scheduled_exec  app_timer.o
    0x00020f44   0x00000080   Code   RO         3652    i.timer_list_handler  app_timer.o
    0x00020fc4   0x0000003c   Code   RO         3653    i.timer_list_insert  app_timer.o
    0x00021000   0x00000060   Code   RO         3654    i.timer_list_remove  app_timer.o
    0x00021060   0x00000048   Code   RO         3655    i.timer_stop_op_schedule  app_timer.o
    0x000210a8   0x00000088   Code   RO         3656    i.timer_timeouts_check  app_timer.o
    0x00021130   0x0000000c   Code   RO         5001    i.uart_evt_handler  nrf_log_backend_uart.o
    0x0002113c   0x00000050   Code   RO         5002    i.uart_init         nrf_log_backend_uart.o
    0x0002118c   0x000000f8   Code   RO         3297    i.uarte_irq_handler  nrf_drv_uart.o
    0x00021284   0x0000000a   Code   RO          706    i.uint16_encode     ble_advdata.o
    0x0002128e   0x00000002   PAD
    0x00021290   0x00000020   Code   RO         4545    i.uninit            nrf_fstorage_sd.o
    0x000212b0   0x000000b4   Code   RO         4431    i.unsigned_print    nrf_fprintf_format.o
    0x00021364   0x00000068   Code   RO          862    i.update_timeout_handler  ble_conn_params.o
    0x000213cc   0x00000018   Code   RO          943    i.user_flag_is_acquired  ble_conn_state.o
    0x000213e4   0x00000030   Code   RO         3657    i.user_op_alloc     app_timer.o
    0x00021414   0x00000030   Code   RO          707    i.uuid_list_encode  ble_advdata.o
    0x00021444   0x0000009e   Code   RO          708    i.uuid_list_sized_encode  ble_advdata.o
    0x000214e2   0x00000004   Code   RO         4546    i.wmap              nrf_fstorage_sd.o
    0x000214e6   0x00000002   PAD
    0x000214e8   0x00000050   Code   RO         4547    i.write             nrf_fstorage_sd.o
    0x00021538   0x00000024   Code   RO         1849    i.write_buf_length_words_set  peer_database.o
    0x0002155c   0x0000009c   Code   RO         1850    i.write_buf_store   peer_database.o
    0x000215f8   0x00000034   Code   RO         1851    i.write_buffer_record_find  peer_database.o
    0x0002162c   0x00000028   Code   RO         1852    i.write_buffer_record_find_next  peer_database.o
    0x00021654   0x0000001e   Code   RO         1853    i.write_buffer_record_invalidate  peer_database.o
    0x00021672   0x00000002   PAD
    0x00021674   0x0000002c   Code   RO         1854    i.write_buffer_record_release  peer_database.o
    0x000216a0   0x000000e8   Code   RO         3950    i.write_enqueue     fds.o
    0x00021788   0x000000f4   Code   RO         3951    i.write_execute     fds.o
    0x0002187c   0x00000018   Code   RO         3952    i.write_space_free  fds.o
    0x00021894   0x0000005c   Code   RO         3953    i.write_space_reserve  fds.o
    0x000218f0   0x00000004   Data   RO           23    .constdata          main.o
    0x000218f4   0x00000008   Data   RO          393    .constdata          boards.o
    0x000218fc   0x0000002c   Data   RO          513    .constdata          bsp.o
    0x00021928   0x0000007c   Data   RO         1093    .constdata          ble_db_discovery.o
    0x000219a4   0x00000050   Data   RO         1264    .constdata          gatt_cache_manager.o
    0x000219f4   0x00000004   Data   RO         1369    .constdata          gatts_cache_manager.o
    0x000219f8   0x00000010   Data   RO         1370    .constdata          gatts_cache_manager.o
    0x00021a08   0x00000004   Data   RO         1371    .constdata          gatts_cache_manager.o
    0x00021a0c   0x00000008   Data   RO         1465    .constdata          id_manager.o
    0x00021a14   0x0000000e   Data   RO         1631    .constdata          nrf_ble_gatt.o
    0x00021a22   0x00000002   PAD
    0x00021a24   0x00000018   Data   RO         1712    .constdata          peer_data_storage.o
    0x00021a3c   0x00000010   Data   RO         1856    .constdata          peer_database.o
    0x00021a4c   0x00000010   Data   RO         2132    .constdata          peer_manager.o
    0x00021a5c   0x00000054   Data   RO         2486    .constdata          security_dispatcher.o
    0x00021ab0   0x00000004   Data   RO         2618    .constdata          security_manager.o
    0x00021ab4   0x00000004   Data   RO         3065    .constdata          nrf_drv_gpiote.o
    0x00021ab8   0x00000008   Data   RO         3445    .constdata          app_button.o
    0x00021ac0   0x00000018   Data   RO         3956    .constdata          fds.o
    0x00021ad8   0x00000010   Data   RO         4432    .constdata          nrf_fprintf_format.o
    0x00021ae8   0x00000010   Data   RO         4550    .constdata          nrf_fstorage_sd.o
    0x00021af8   0x00000020   Data   RO         4551    .constdata          nrf_fstorage_sd.o
    0x00021b18   0x00000104   Data   RO         4842    .constdata          nrf_strerror.o
    0x00021c1c   0x0000000c   Data   RO         5004    .constdata          nrf_log_backend_uart.o
    0x00021c28   0x00000020   Data   RO         5005    .constdata          nrf_log_backend_uart.o
    0x00021c48   0x00000014   Data   RO         5127    .constdata          nrf_log_frontend.o
    0x00021c5c   0x00000010   Data   RO         5708    .constdata          nrf_sdh.o
    0x00021c6c   0x00000028   Data   RO         5709    .constdata          nrf_sdh.o
    0x00021c94   0x00000010   Data   RO         5710    .constdata          nrf_sdh.o
    0x00021ca4   0x00000010   Data   RO         5711    .constdata          nrf_sdh.o
    0x00021cb4   0x00000020   Data   RO         5827    .constdata          nrf_sdh_ble.o
    0x00021cd4   0x00000010   Data   RO         5828    .constdata          nrf_sdh_ble.o
    0x00021ce4   0x00000010   Data   RO         5874    .constdata          nrf_sdh_soc.o
    0x00021cf4   0x0000000c   Data   RO         5875    .constdata          nrf_sdh_soc.o
    0x00021d00   0x00000081   Data   RO         5956    .constdata          mc_w.l(ctype_o.o)
    0x00021d81   0x00000003   PAD
    0x00021d84   0x00000004   Data   RO         5957    .constdata          mc_w.l(ctype_o.o)
    0x00021d88   0x000000b5   Data   RO           24    .conststring        main.o
    0x00021e3d   0x00000003   PAD
    0x00021e40   0x00000086   Data   RO         1632    .conststring        nrf_ble_gatt.o
    0x00021ec6   0x00000002   PAD
    0x00021ec8   0x00000307   Data   RO         4843    .conststring        nrf_strerror.o
    0x000221cf   0x00000001   PAD
    0x000221d0   0x00000066   Data   RO         5294    .conststring        nrf_log_str_formatter.o
    0x00022236   0x00000002   PAD
    0x00022238   0x00000188   Data   RO         5829    .conststring        nrf_sdh_ble.o
    0x000223c0   0x0000000c   Data   RO         1094    .conststrlit        ble_db_discovery.o
    0x000223cc   0x00000009   Data   RO         1633    .conststrlit        nrf_ble_gatt.o
    0x000223d5   0x00000003   PAD
    0x000223d8   0x0000000a   Data   RO         2751    .conststrlit        ble_cts_c.o
    0x000223e2   0x00000002   PAD
    0x000223e4   0x00000006   Data   RO         2849    .conststrlit        nrf_drv_clock.o
    0x000223ea   0x00000002   PAD
    0x000223ec   0x00000007   Data   RO         3069    .conststrlit        nrf_drv_gpiote.o
    0x000223f3   0x00000001   PAD
    0x000223f4   0x00000005   Data   RO         3299    .conststrlit        nrf_drv_uart.o
    0x000223f9   0x00000003   PAD
    0x000223fc   0x00000007   Data   RO         4347    .conststrlit        nrf_balloc.o
    0x00022403   0x00000001   PAD
    0x00022404   0x00000009   Data   RO         4741    .conststrlit        nrf_pwr_mgmt.o
    0x0002240d   0x00000003   PAD
    0x00022410   0x00000004   Data   RO         5129    .conststrlit        nrf_log_frontend.o
    0x00022414   0x00000008   Data   RO         5712    .conststrlit        nrf_sdh.o
    0x0002241c   0x0000000c   Data   RO         5830    .conststrlit        nrf_sdh_ble.o
    0x00022428   0x0000000c   Data   RO         5876    .conststrlit        nrf_sdh_soc.o
    0x00022434   0x00000020   Data   RO         6019    Region$$Table       anon$$obj.o
    0x00022454   0x00000008   Data   RO         1096    log_const_data      ble_db_discovery.o
    0x0002245c   0x00000008   Data   RO         1634    log_const_data      nrf_ble_gatt.o
    0x00022464   0x00000008   Data   RO         2753    log_const_data      ble_cts_c.o
    0x0002246c   0x00000008   Data   RO         2850    log_const_data      nrf_drv_clock.o
    0x00022474   0x00000008   Data   RO         3070    log_const_data      nrf_drv_gpiote.o
    0x0002247c   0x00000008   Data   RO         3300    log_const_data      nrf_drv_uart.o
    0x00022484   0x00000008   Data   RO         4348    log_const_data      nrf_balloc.o
    0x0002248c   0x00000008   Data   RO         4743    log_const_data      nrf_pwr_mgmt.o
    0x00022494   0x00000008   Data   RO         5133    log_const_data      nrf_log_frontend.o
    0x0002249c   0x00000008   Data   RO         5714    log_const_data      nrf_sdh.o
    0x000224a4   0x00000008   Data   RO         5831    log_const_data      nrf_sdh_ble.o
    0x000224ac   0x00000008   Data   RO         5877    log_const_data      nrf_sdh_soc.o
    0x000224b4   0x00000008   Data   RO          945    sdh_ble_observers0  ble_conn_state.o
    0x000224bc   0x00000018   Data   RO           26    sdh_ble_observers1  main.o
    0x000224d4   0x00000008   Data   RO          619    sdh_ble_observers1  bsp_btn_ble.o
    0x000224dc   0x00000008   Data   RO          865    sdh_ble_observers1  ble_conn_params.o
    0x000224e4   0x00000008   Data   RO         2134    sdh_ble_observers1  peer_manager.o
    0x000224ec   0x00000008   Data   RO           27    sdh_ble_observers2  main.o
    0x000224f4   0x00000008   Data   RO           28    sdh_ble_observers3  main.o
    0x000224fc   0x00000008   Data   RO         4553    sdh_req_observers0  nrf_fstorage_sd.o
    0x00022504   0x00000008   Data   RO         2852    sdh_soc_observers0  nrf_drv_clock.o
    0x0002250c   0x00000008   Data   RO         4554    sdh_soc_observers0  nrf_fstorage_sd.o
    0x00022514   0x00000008   Data   RO           29    sdh_soc_observers1  main.o
    0x0002251c   0x00000008   Data   RO         5833    sdh_stack_observers0  nrf_sdh_ble.o
    0x00022524   0x00000008   Data   RO         5879    sdh_stack_observers0  nrf_sdh_soc.o
    0x0002252c   0x00000008   Data   RO         2853    sdh_state_observers0  nrf_drv_clock.o
    0x00022534   0x00000008   Data   RO         4555    sdh_state_observers0  nrf_fstorage_sd.o


    Execution Region RW_IRAM1 (Base: 0x20001b80, Size: 0x00001e78, Max: 0x00004480, ABSOLUTE, COMPRESSED[0x0000009c])

    Base Addr    Size         Type   Attr      Idx    E Section Name        Object

    0x20001b80   0x0000032c   Data   RW           25    .data               main.o
    0x20001eac   0x00000010   Data   RW          514    .data               bsp.o
    0x20001ebc   0x00000008   Data   RW          618    .data               bsp_btn_ble.o
    0x20001ec4   0x00000008   Data   RW          864    .data               ble_conn_params.o
    0x20001ecc   0x00000010   Data   RW         1095    .data               ble_db_discovery.o
    0x20001edc   0x0000000c   Data   RW         1265    .data               gatt_cache_manager.o
    0x20001ee8   0x00000006   Data   RW         1372    .data               gatts_cache_manager.o
    0x20001eee   0x00000003   Data   RW         1466    .data               id_manager.o
    0x20001ef1   0x00000003   PAD
    0x20001ef4   0x0000000c   Data   RW         1713    .data               peer_data_storage.o
    0x20001f00   0x00000008   Data   RW         1857    .data               peer_database.o
    0x20001f08   0x00000010   Data   RW         2133    .data               peer_manager.o
    0x20001f18   0x00000006   Data   RW         2487    .data               security_dispatcher.o
    0x20001f1e   0x00000002   PAD
    0x20001f20   0x00000015   Data   RW         2619    .data               security_manager.o
    0x20001f35   0x00000001   PAD
    0x20001f36   0x00000004   Data   RW         2752    .data               ble_cts_c.o
    0x20001f3a   0x00000002   PAD
    0x20001f3c   0x00000014   Data   RW         3446    .data               app_button.o
    0x20001f50   0x00000010   Data   RW         3587    .data               app_scheduler.o
    0x20001f60   0x00000014   Data   RW         3659    .data               app_timer.o
    0x20001f74   0x00000030   Data   RW         3957    .data               fds.o
    0x20001fa4   0x00000008   Data   RW         4552    .data               nrf_fstorage_sd.o
    0x20001fac   0x0000000c   Data   RW         5006    .data               nrf_log_backend_uart.o
    0x20001fb8   0x0000000c   Data   RW         5066    .data               nrf_log_default_backends.o
    0x20001fc4   0x00000008   Data   RW         5131    .data               nrf_log_frontend.o
    0x20001fcc   0x00000008   Data   RW         5132    .data               nrf_log_frontend.o
    0x20001fd4   0x00000038   Data   RW         5295    .data               nrf_log_str_formatter.o
    0x2000200c   0x00000003   Data   RW         5713    .data               nrf_sdh.o
    0x2000200f   0x00000001   PAD
    0x20002010   0x00000004   Data   RW         5914    .data               system_nrf52810.o
    0x20002014   0x00000014   Data   RW         3958    fs_data             fds.o
    0x20002028   0x0000000c   Data   RW         1097    log_dynamic_data    ble_db_discovery.o
    0x20002034   0x0000000c   Data   RW         1635    log_dynamic_data    nrf_ble_gatt.o
    0x20002040   0x0000000c   Data   RW         2754    log_dynamic_data    ble_cts_c.o
    0x2000204c   0x0000000c   Data   RW         2851    log_dynamic_data    nrf_drv_clock.o
    0x20002058   0x0000000c   Data   RW         3071    log_dynamic_data    nrf_drv_gpiote.o
    0x20002064   0x0000000c   Data   RW         3301    log_dynamic_data    nrf_drv_uart.o
    0x20002070   0x0000000c   Data   RW         4349    log_dynamic_data    nrf_balloc.o
    0x2000207c   0x0000000c   Data   RW         4744    log_dynamic_data    nrf_pwr_mgmt.o
    0x20002088   0x0000000c   Data   RW         5134    log_dynamic_data    nrf_log_frontend.o
    0x20002094   0x0000000c   Data   RW         5715    log_dynamic_data    nrf_sdh.o
    0x200020a0   0x0000000c   Data   RW         5832    log_dynamic_data    nrf_sdh_ble.o
    0x200020ac   0x0000000c   Data   RW         5878    log_dynamic_data    nrf_sdh_soc.o
    0x200020b8   0x00000020   Zero   RW           21    .bss                main.o
    0x200020d8   0x000001b8   Zero   RW           22    .bss                main.o
    0x20002290   0x00000020   Zero   RW          509    .bss                bsp.o
    0x200022b0   0x00000020   Zero   RW          510    .bss                bsp.o
    0x200022d0   0x0000000c   Zero   RW          511    .bss                bsp.o
    0x200022dc   0x00000020   Zero   RW          512    .bss                bsp.o
    0x200022fc   0x00000050   Zero   RW          863    .bss                ble_conn_params.o
    0x2000234c   0x000000b8   Zero   RW          944    .bss                ble_conn_state.o
    0x20002404   0x00000318   Zero   RW         1092    .bss                ble_db_discovery.o
    0x2000271c   0x00000100   Zero   RW         1464    .bss                id_manager.o
    0x2000281c   0x000000d0   Zero   RW         1855    .bss                peer_database.o
    0x200028ec   0x00000040   Zero   RW         2011    .bss                peer_id.o
    0x2000292c   0x0000000c   Zero   RW         2131    .bss                peer_manager.o
    0x20002938   0x00000040   Zero   RW         2485    .bss                security_dispatcher.o
    0x20002978   0x00000014   Zero   RW         2844    .bss                nrf_drv_clock.o
    0x2000298c   0x00000058   Zero   RW         3064    .bss                nrf_drv_gpiote.o
    0x200029e4   0x0000001c   Zero   RW         3298    .bss                nrf_drv_uart.o
    0x20002a00   0x00000020   Zero   RW         3444    .bss                app_button.o
    0x20002a20   0x0000010c   Zero   RW         3658    .bss                app_timer.o
    0x20002b2c   0x0000000c   Zero   RW         3811    .bss                app_util_platform.o
    0x20002b38   0x000000e0   Zero   RW         3954    .bss                fds.o
    0x20002c18   0x00000010   Zero   RW         3955    .bss                fds.o
    0x20002c28   0x000000a0   Zero   RW         4548    .bss                nrf_fstorage_sd.o
    0x20002cc8   0x00000010   Zero   RW         4549    .bss                nrf_fstorage_sd.o
    0x20002cd8   0x00000040   Zero   RW         5003    .bss                nrf_log_backend_uart.o
    0x20002d18   0x000000c0   Zero   RW         5125    .bss                nrf_log_frontend.o
    0x20002dd8   0x00000420   Zero   RW         5126    .bss                nrf_log_frontend.o
    0x200031f8   0x00000800   Zero   RW         5902    STACK               arm_startup_nrf52810.o


==============================================================================

Image component sizes


      Code (inc. data)   RO Data    RW Data    ZI Data      Debug   Object Name

       332         34          8         20         32       9450   app_button.o
        22          0          0          0          0       1981   app_error.o
       120         40          0          0          0      28025   app_error_weak.o
       268         16          0         16          0      25163   app_scheduler.o
      1674        124          0         20        268      42763   app_timer.o
       124         14          0          0         12       8666   app_util_platform.o
        36          8        512          0       2048        856   arm_startup_nrf52810.o
      1330          0          0          0          0      34335   ble_advdata.o
      1024          6          0          0          0       9918   ble_advertising.o
       636         44          8          8         80       7735   ble_conn_params.o
       568         56          8          0        184       9357   ble_conn_state.o
       576         54         18         16          0      31288   ble_cts_c.o
      1658         78        144         28        792      22983   ble_db_discovery.o
         8          0          0          0          0       1318   ble_srv_common.o
       318         42          8          0          0      11776   boards.o
       960         84         44         16        108      13727   bsp.o
       252         10          8          8          0       4336   bsp_btn_ble.o
      3730        332         24         68        240      44962   fds.o
      1028         74         80         12          0      17257   gatt_cache_manager.o
       490         38         24          6          0       7927   gatts_cache_manager.o
      1686         76          8          3        256      19643   id_manager.o
      2940       1042        233        812        472     160579   main.o
       342          0          0          0          0       5598   nrf_atfifo.o
       164          0         15         12          0       3521   nrf_balloc.o
       412         26        165         12          0       6064   nrf_ble_gatt.o
       408         40         30         12         20      37591   nrf_drv_clock.o
        56          0          0          0          0      24943   nrf_drv_common.o
      1178         84         19         12         88      27418   nrf_drv_gpiote.o
      1058         38         13         12         28      26280   nrf_drv_uart.o
        50          0          0          0          0       3249   nrf_fprintf.o
       850          4         16          0          0       4334   nrf_fprintf_format.o
       312         10          0          0          0       5092   nrf_fstorage.o
       926         72         72          8        176      17003   nrf_fstorage_sd.o
       210          0          0          0          0      10759   nrf_log_backend_serial.o
       188         36         44         12         64      12854   nrf_log_backend_uart.o
        28          6          0         12          0       3023   nrf_log_default_backends.o
      1492         88         32         28       1248      28968   nrf_log_frontend.o
       506         66        102         56          0       4568   nrf_log_str_formatter.o
       494          0          0          0          0      11507   nrf_memobj.o
         0          0         17         12          0       7005   nrf_pwr_mgmt.o
       600         60        104         15          0      46367   nrf_sdh.o
       568        154        468         12          0       5249   nrf_sdh_ble.o
        60          4         56         12          0       2412   nrf_sdh_soc.o
        78          0          0          0          0       2404   nrf_section_iter.o
        76         10       1035          0          0       2355   nrf_strerror.o
      1034         46         24         12          0      14840   peer_data_storage.o
      1268         62         16          8        208      21110   peer_database.o
       336         38          0          0         64       7751   peer_id.o
      1390        124         24         16         12      19045   peer_manager.o
       242          0          0          0          0       3695   pm_buffer.o
       226          0          0          0          0       4473   pm_mutex.o
       244          0          0          0          0       5224   sdk_mapped_flags.o
      1658         88         84          6         64      23462   security_dispatcher.o
      1132         56          4         21          0      42441   security_manager.o
       716         70          0          4          0       2619   system_nrf52810.o

    ----------------------------------------------------------------------
     38180       3354       3524       1336       6464     957269   Object Totals
         0          0         32          0          0          0   (incl. Generated)
        98          0         25          9          0          0   (incl. Padding)

    ----------------------------------------------------------------------

      Code (inc. data)   RO Data    RW Data    ZI Data      Debug   Library Member Name

        86          0          0          0          0          0   __dczerorl2.o
         8          4        133          0          0         68   ctype_o.o
         0          0          0          0          0          0   entry.o
         0          0          0          0          0          0   entry10a.o
         0          0          0          0          0          0   entry11a.o
         8          4          0          0          0          0   entry2.o
         4          0          0          0          0          0   entry5.o
         0          0          0          0          0          0   entry7b.o
         0          0          0          0          0          0   entry8b.o
         8          4          0          0          0          0   entry9a.o
        30          0          0          0          0          0   handlers.o
        36          8          0          0          0         68   init.o
        30          0          0          0          0         68   llshl.o
        32          0          0          0          0         68   llushr.o
        26          0          0          0          0         80   memcmp.o
        36          0          0          0          0         68   memcpya.o
        36          0          0          0          0        108   memseta.o
        14          0          0          0          0         68   strlen.o
        98          0          0          0          0         92   uldiv.o

    ----------------------------------------------------------------------
       460         20        136          0          0        688   Library Totals
         8          0          3          0          0          0   (incl. Padding)

    ----------------------------------------------------------------------

      Code (inc. data)   RO Data    RW Data    ZI Data      Debug   Library Name

       452         20        133          0          0        688   mc_w.l

    ----------------------------------------------------------------------
       460         20        136          0          0        688   Library Totals

    ----------------------------------------------------------------------

==============================================================================


      Code (inc. data)   RO Data    RW Data    ZI Data      Debug   

     38640       3374       3660       1336       6464     931825   Grand Totals
     38640       3374       3660        156       6464     931825   ELF Image Totals (compressed)
     38640       3374       3660        156          0          0   ROM Totals

==============================================================================

    Total RO  Size (Code + RO Data)                42300 (  41.31kB)
    Total RW  Size (RW Data + ZI Data)              7800 (   7.62kB)
    Total ROM Size (Code + RO Data + RW Data)      42456 (  41.46kB)

==============================================================================

