Component: ARM Compiler 5.05 update 1 (build 106) Tool: armlink [4d0efa]

==============================================================================

Section Cross References

    main.o(i.advertising_init) refers to memseta.o(.text) for __aeabi_memclr4
    main.o(i.advertising_init) refers to ble_advertising.o(i.ble_advertising_init) for ble_advertising_init
    main.o(i.advertising_init) refers to app_error.o(i.app_error_handler) for app_error_handler
    main.o(i.advertising_init) refers to ble_advertising.o(i.ble_advertising_conn_cfg_tag_set) for ble_advertising_conn_cfg_tag_set
    main.o(i.advertising_init) refers to main.o(.data) for m_adv_uuids
    main.o(i.advertising_init) refers to main.o(i.on_adv_evt) for on_adv_evt
    main.o(i.advertising_init) refers to main.o(.bss) for m_advertising
    main.o(i.advertising_start) refers to main.o(i.delete_bonds) for delete_bonds
    main.o(i.advertising_start) refers to memseta.o(.text) for __aeabi_memset
    main.o(i.advertising_start) refers to main.o(i.peer_list_get) for peer_list_get
    main.o(i.advertising_start) refers to peer_manager.o(i.pm_whitelist_set) for pm_whitelist_set
    main.o(i.advertising_start) refers to app_error.o(i.app_error_handler) for app_error_handler
    main.o(i.advertising_start) refers to peer_manager.o(i.pm_device_identities_list_set) for pm_device_identities_list_set
    main.o(i.advertising_start) refers to ble_advertising.o(i.ble_advertising_start) for ble_advertising_start
    main.o(i.advertising_start) refers to main.o(.bss) for m_whitelist_peers
    main.o(i.advertising_start) refers to main.o(.data) for m_whitelist_peer_cnt
    main.o(i.assert_nrf_callback) refers to app_error.o(i.app_error_handler) for app_error_handler
    main.o(i.battery_level_update) refers to ble_bas.o(i.ble_bas_battery_level_update) for ble_bas_battery_level_update
    main.o(i.battery_level_update) refers to app_error.o(i.app_error_handler) for app_error_handler
    main.o(i.battery_level_update) refers to nrf_log_frontend.o(i.nrf_log_frontend_std_1) for nrf_log_frontend_std_1
    main.o(i.battery_level_update) refers to main.o(.bss) for m_bas
    main.o(i.battery_level_update) refers to nrf_log_frontend.o(log_dynamic_data) for m_nrf_log_app_logs_data_dynamic
    main.o(i.ble_evt_handler) refers to nrf_log_frontend.o(i.nrf_log_frontend_std_0) for nrf_log_frontend_std_0
    main.o(i.ble_evt_handler) refers to bsp.o(i.bsp_indication_set) for bsp_indication_set
    main.o(i.ble_evt_handler) refers to app_error.o(i.app_error_handler) for app_error_handler
    main.o(i.ble_evt_handler) refers to app_timer.o(i.app_timer_start) for app_timer_start
    main.o(i.ble_evt_handler) refers to nrf_log_frontend.o(log_dynamic_data) for m_nrf_log_app_logs_data_dynamic
    main.o(i.ble_evt_handler) refers to main.o(.data) for m_cur_conn_handle
    main.o(i.ble_evt_handler) refers to main.o(.constdata) for m_sec_req_timer_id
    main.o(i.ble_evt_handler) refers to main.o(.bss) for m_cts_c
    main.o(i.ble_stack_init) refers to nrf_sdh.o(i.nrf_sdh_enable_request) for nrf_sdh_enable_request
    main.o(i.ble_stack_init) refers to app_error.o(i.app_error_handler) for app_error_handler
    main.o(i.ble_stack_init) refers to nrf_sdh_ble.o(i.nrf_sdh_ble_default_cfg_set) for nrf_sdh_ble_default_cfg_set
    main.o(i.ble_stack_init) refers to nrf_sdh_ble.o(i.nrf_sdh_ble_enable) for nrf_sdh_ble_enable
    main.o(i.bsp_event_handler) refers to main.o(i.sleep_mode_enter) for sleep_mode_enter
    main.o(i.bsp_event_handler) refers to app_error.o(i.app_error_handler) for app_error_handler
    main.o(i.bsp_event_handler) refers to ble_advertising.o(i.ble_advertising_restart_without_whitelist) for ble_advertising_restart_without_whitelist
    main.o(i.bsp_event_handler) refers to ble_cts_c.o(i.ble_cts_c_current_time_read) for ble_cts_c_current_time_read
    main.o(i.bsp_event_handler) refers to nrf_log_frontend.o(i.nrf_log_frontend_std_0) for nrf_log_frontend_std_0
    main.o(i.bsp_event_handler) refers to main.o(.data) for m_cur_conn_handle
    main.o(i.bsp_event_handler) refers to main.o(.bss) for m_cts_c
    main.o(i.bsp_event_handler) refers to nrf_log_frontend.o(log_dynamic_data) for m_nrf_log_app_logs_data_dynamic
    main.o(i.buttons_leds_init) refers to bsp.o(i.bsp_init) for bsp_init
    main.o(i.buttons_leds_init) refers to app_error.o(i.app_error_handler) for app_error_handler
    main.o(i.buttons_leds_init) refers to bsp_btn_ble.o(i.bsp_btn_ble_init) for bsp_btn_ble_init
    main.o(i.buttons_leds_init) refers to main.o(i.bsp_event_handler) for bsp_event_handler
    main.o(i.conn_params_error_handler) refers to app_error.o(i.app_error_handler) for app_error_handler
    main.o(i.conn_params_init) refers to memseta.o(.text) for __aeabi_memclr4
    main.o(i.conn_params_init) refers to ble_conn_params.o(i.ble_conn_params_init) for ble_conn_params_init
    main.o(i.conn_params_init) refers to app_error.o(i.app_error_handler) for app_error_handler
[...]
    sdh_soc_observers0$$Base                 0x00031b44   Number         0  nrf_drv_clock.o(sdh_soc_observers0)
    sdh_soc_observers0$$Limit                0x00031b54   Number         0  nrf_fstorage_sd.o(sdh_soc_observers0)
    sdh_soc_observers1$$Base                 0x00031b54   Number         0  main.o(sdh_soc_observers1)
    sdh_soc_observers1$$Limit                0x00031b5c   Number         0  main.o(sdh_soc_observers1)
    sdh_stack_observers0$$Base               0x00031b5c   Number         0  nrf_sdh_ble.o(sdh_stack_observers0)
    sdh_stack_observers0$$Limit              0x00031b6c   Number         0  nrf_sdh_soc.o(sdh_stack_observers0)
    sdh_state_observers0$$Base               0x00031b6c   Number         0  nrf_drv_clock.o(sdh_state_observers0)
    sdh_state_observers0$$Limit              0x00031b7c   Number         0  nrf_fstorage_sd.o(sdh_state_observers0)
    Image$$RW_IRAM1$$Base                    0x200020e0   Number         0  anon$$obj.o ABSOLUTE
    SystemCoreClock                          0x200025c4   Data           4  system_nrf52.o(.data)
    fs_data$$Base                            0x200025c8   Number         0  fds.o(fs_data)
    m_fs                                     0x200025c8   Data          20  fds.o(fs_data)
    fs_data$$Limit                           0x200025dc   Number         0  fds.o(fs_data)
    log_dynamic_data$$Base                   0x200025dc   Number         0  ble_db_discovery.o(log_dynamic_data)
    m_nrf_log_ble_db_disc_logs_data_dynamic  0x200025dc   Data          12  ble_db_discovery.o(log_dynamic_data)
    m_nrf_log_ble_gatt_logs_data_dynamic     0x200025e8   Data          12  nrf_ble_gatt.o(log_dynamic_data)
    m_nrf_log_ble_cts_c_logs_data_dynamic    0x200025f4   Data          12  ble_cts_c.o(log_dynamic_data)
    m_nrf_log_clock_logs_data_dynamic        0x20002600   Data          12  nrf_drv_clock.o(log_dynamic_data)
    m_nrf_log_gpiote_logs_data_dynamic       0x2000260c   Data          12  nrf_drv_gpiote.o(log_dynamic_data)
    m_nrf_log_uart_logs_data_dynamic         0x20002618   Data          12  nrf_drv_uart.o(log_dynamic_data)
    m_nrf_log_balloc_logs_data_dynamic       0x20002624   Data          12  nrf_balloc.o(log_dynamic_data)
    m_nrf_log_pwr_mgmt_logs_data_dynamic     0x20002630   Data          12  nrf_pwr_mgmt.o(log_dynamic_data)
    m_nrf_log_app_logs_data_dynamic          0x2000263c   Data          12  nrf_log_frontend.o(log_dynamic_data)
    m_nrf_log_nrf_sdh_logs_data_dynamic      0x20002648   Data          12  nrf_sdh.o(log_dynamic_data)
    m_nrf_log_nrf_sdh_ble_logs_data_dynamic  0x20002654   Data          12  nrf_sdh_ble.o(log_dynamic_data)
    m_nrf_log_nrf_sdh_soc_logs_data_dynamic  0x20002660   Data          12  nrf_sdh_soc.o(log_dynamic_data)
    nrf_nvic_state                           0x20003120   Data          12  app_util_platform.o(.bss)
    _SEGGER_RTT                              0x200037ec   Data         120  segger_rtt.o(.bss)
    __initial_sp                             0x20005a78   Data           0  arm_startup_nrf52.o(STACK)



==============================================================================

Memory Map of the image

  Image Entry point : 0x00023201

  Load Region LR_IROM1 (Base: 0x00023000, Size: 0x0000f108, Max: 0x0005d000, ABSOLUTE, COMPRESSED[0x0000ec20])

    Execution Region ER_IROM1 (Base: 0x00023000, Size: 0x0000eb7c, Max: 0x0005d000, ABSOLUTE)

    Base Addr    Size         Type   Attr      Idx    E Section Name        Object

    0x00023000   0x00000200   Data   RO         6996    RESET               arm_startup_nrf52.o
    0x00023200   0x00000000   Code   RO         7091  * .ARM.Collect$$$$00000000  mc_w.l(entry.o)
    0x00023200   0x00000004   Code   RO         7143    .ARM.Collect$$$$00000001  mc_w.l(entry2.o)
    0x00023204   0x00000004   Code   RO         7146    .ARM.Collect$$$$00000004  mc_w.l(entry5.o)
    0x00023208   0x00000000   Code   RO         7148    .ARM.Collect$$$$00000008  mc_w.l(entry7b.o)
    0x00023208   0x00000000   Code   RO         7150    .ARM.Collect$$$$0000000A  mc_w.l(entry8b.o)
    0x00023208   0x00000008   Code   RO         7151    .ARM.Collect$$$$0000000B  mc_w.l(entry9a.o)
    0x00023210   0x00000000   Code   RO         7153    .ARM.Collect$$$$0000000D  mc_w.l(entry10a.o)
    0x00023210   0x00000000   Code   RO         7155    .ARM.Collect$$$$0000000F  mc_w.l(entry11a.o)
    0x00023210   0x00000004   Code   RO         7144    .ARM.Collect$$$$00002712  mc_w.l(entry2.o)
    0x00023214   0x0000009a   Code   RO         4792    .emb_text           fds.o
    0x000232ae   0x00000002   PAD
    0x000232b0   0x000000c8   Code   RO         5295    .emb_text           nrf_atfifo.o
    0x00023378   0x0000009a   Code   RO         5572    .emb_text           nrf_fstorage_sd.o
    0x00023412   0x00000002   PAD
    0x00023414   0x0000009a   Code   RO         5714    .emb_text           nrf_memobj.o
    0x000234ae   0x00000002   PAD
    0x000234b0   0x0000009a   Code   RO         6168    .emb_text           nrf_log_frontend.o
    0x0002354a   0x00000002   PAD
    0x0002354c   0x00000024   Code   RO         6997    .text               arm_startup_nrf52.o
    0x00023570   0x00000062   Code   RO         7099    .text               mc_w.l(uldiv.o)
    0x000235d2   0x00000002   PAD
    0x000235d4   0x00000008   Code   RO         7101    .text               mc_w.l(ctype_o.o)
    0x000235dc   0x00000024   Code   RO         7129    .text               mc_w.l(memcpya.o)
    0x00023600   0x00000024   Code   RO         7131    .text               mc_w.l(memseta.o)
    0x00023624   0x0000000e   Code   RO         7133    .text               mc_w.l(strlen.o)
    0x00023632   0x0000001a   Code   RO         7137    .text               mc_w.l(memcmp.o)
    0x0002364c   0x00000012   Code   RO         7139    .text               mc_w.l(strcpy.o)
    0x0002365e   0x0000001e   Code   RO         7158    .text               mc_w.l(llshl.o)
    0x0002367c   0x00000020   Code   RO         7160    .text               mc_w.l(llushr.o)
    0x0002369c   0x00000024   Code   RO         7163    .text               mc_w.l(init.o)
    0x000236c0   0x00000056   Code   RO         7173    .text               mc_w.l(__dczerorl2.o)
    0x00023716   0x00000002   PAD
    0x00023718   0x00000238   Code   RO         3659    i.GPIOTE_IRQHandler  nrf_drv_gpiote.o
    0x00023950   0x00000018   Code   RO         4458    i.NVIC_ClearPendingIRQ  app_timer.o
    0x00023968   0x00000016   Code   RO         4459    i.NVIC_EnableIRQ    app_timer.o
    0x0002397e   0x00000002   PAD
    0x00023980   0x00000018   Code   RO         4460    i.NVIC_SetPendingIRQ  app_timer.o
    0x00023998   0x00000028   Code   RO         4461    i.NVIC_SetPriority  app_timer.o
    0x000239c0   0x00000050   Code   RO         3421    i.POWER_CLOCK_IRQHandler  nrf_drv_clock.o
    0x00023a10   0x00000034   Code   RO         4462    i.RTC1_IRQHandler   app_timer.o
    0x00023a44   0x00000008   Code   RO         6427    i.SEGGER_RTT_Init   segger_rtt.o
    0x00023a4c   0x00000084   Code   RO         6441    i.SEGGER_RTT_WriteNoLock  segger_rtt.o
    0x00023ad0   0x00000008   Code   RO         4463    i.SWI0_EGU0_IRQHandler  app_timer.o
    0x00023ad8   0x00000008   Code   RO         6770    i.SWI2_EGU2_IRQHandler  nrf_sdh.o
    0x00023ae0   0x00000010   Code   RO         7004    i.SystemCoreClockUpdate  system_nrf52.o
    0x00023af0   0x00000284   Code   RO         7005    i.SystemInit        system_nrf52.o
    0x00023d74   0x00000024   Code   RO         3953    i.UARTE0_UART0_IRQHandler  nrf_drv_uart.o
    0x00023d98   0x00000070   Code   RO         6445    i._DoInit           segger_rtt.o
    0x00023e08   0x0000001c   Code   RO         6446    i._GetAvailWriteSpace  segger_rtt.o
    0x00023e24   0x00000072   Code   RO         6448    i._WriteBlocking    segger_rtt.o
    0x00023e96   0x0000004c   Code   RO         6449    i._WriteNoCheck     segger_rtt.o
    0x00023ee2   0x0000000e   Code   RO         7167    i.__scatterload_copy  mc_w.l(handlers.o)
    0x00023ef0   0x00000002   Code   RO         7168    i.__scatterload_null  mc_w.l(handlers.o)
    0x00023ef2   0x0000000e   Code   RO         7169    i.__scatterload_zeroinit  mc_w.l(handlers.o)
    0x00023f00   0x00000038   Code   RO         6771    i.__sd_nvic_app_accessible_irq  nrf_sdh.o
    0x00023f38   0x0000000c   Code   RO         4687    i.__sd_nvic_irq_disable  app_util_platform.o
    0x00023f44   0x0000001c   Code   RO         6772    i.__sd_nvic_is_app_accessible_priority  nrf_sdh.o
    0x00023f60   0x00000032   Code   RO         1723    i.addr_compare      id_manager.o
    0x00023f92   0x00000010   Code   RO         5504    i.addr_is_aligned32  nrf_fstorage.o
    0x00023fa2   0x00000018   Code   RO          896    i.addr_is_valid     ble_advertising.o
    0x00023fba   0x0000001c   Code   RO         5505    i.addr_within_bounds  nrf_fstorage.o
    0x00023fd6   0x00000002   PAD
    0x00023fd8   0x0000002c   Code   RO         4793    i.address_is_valid  fds.o
    0x00024004   0x00000052   Code   RO          897    i.adv_mode_next_avail_get  ble_advertising.o
    0x00024056   0x00000012   Code   RO          898    i.adv_mode_next_get  ble_advertising.o
    0x00024068   0x00000012   Code   RO          789    i.advdata_check     ble_advdata.o
    0x0002407a   0x00000054   Code   RO          694    i.advertising_buttons_configure  bsp_btn_ble.o
    0x000240ce   0x00000002   PAD
    0x000240d0   0x00000098   Code   RO            4    i.advertising_init  main.o
    0x00024168   0x000000b4   Code   RO            5    i.advertising_start  main.o
    0x0002421c   0x00000056   Code   RO         1724    i.ah                id_manager.o
    0x00024272   0x0000000c   Code   RO          577    i.alert_timer_handler  bsp.o
    0x0002427e   0x00000002   PAD
    0x00024280   0x00000014   Code   RO         2891    i.allow_repairing   security_dispatcher.o
    0x00024294   0x0000002c   Code   RO         4265    i.app_button_enable  app_button.o
    0x000242c0   0x000000a8   Code   RO         4266    i.app_button_init   app_button.o
    0x00024368   0x00000170   Code   RO         4366    i.app_error_fault_handler  app_error_weak.o
    0x000244d8   0x00000020   Code   RO         4326    i.app_error_handler  app_error.o
    0x000244f8   0x00000088   Code   RO         4328    i.app_error_save_and_stop  app_error.o
    0x00024580   0x000000b8   Code   RO         4405    i.app_sched_event_put  app_scheduler.o
    0x00024638   0x00000074   Code   RO         4406    i.app_sched_execute  app_scheduler.o
    0x000246ac   0x0000005c   Code   RO         4407    i.app_sched_init    app_scheduler.o
    0x00024708   0x0000003c   Code   RO         4466    i.app_timer_create  app_timer.o
    0x00024744   0x0000005c   Code   RO         4467    i.app_timer_init    app_timer.o
    0x000247a0   0x00000054   Code   RO         4470    i.app_timer_start   app_timer.o
    0x000247f4   0x00000030   Code   RO         4471    i.app_timer_stop    app_timer.o
    0x00024824   0x0000000c   Code   RO         4688    i.app_util_critical_region_enter  app_util_platform.o
    0x00024830   0x00000048   Code   RO         4689    i.app_util_critical_region_exit  app_util_platform.o
    0x00024878   0x00000052   Code   RO          790    i.appearance_encode  ble_advdata.o
    0x000248ca   0x00000014   Code   RO         2892    i.auth_status_failure_process  security_dispatcher.o
    0x000248de   0x0000001c   Code   RO         2893    i.auth_status_process  security_dispatcher.o
    0x000248fa   0x00000002   PAD
    0x000248fc   0x0000011c   Code   RO         2894    i.auth_status_success_process  security_dispatcher.o
    0x00024a18   0x00000038   Code   RO         6169    i.backend_id_assign  nrf_log_frontend.o
    0x00024a50   0x000001d4   Code   RO         3319    i.battery_level_char_add  ble_bas.o
    0x00024c24   0x0000016c   Code   RO          791    i.ble_advdata_encode  ble_advdata.o
    0x00024d90   0x00000094   Code   RO          792    i.ble_advdata_set   ble_advdata.o
    0x00024e24   0x00000006   Code   RO          899    i.ble_advertising_conn_cfg_tag_set  ble_advertising.o
    0x00024e2a   0x00000142   Code   RO          900    i.ble_advertising_init  ble_advertising.o
    0x00024f6c   0x0000003c   Code   RO          902    i.ble_advertising_on_ble_evt  ble_advertising.o
    0x00024fa8   0x00000044   Code   RO          903    i.ble_advertising_on_sys_evt  ble_advertising.o
    0x00024fec   0x00000048   Code   RO          905    i.ble_advertising_restart_without_whitelist  ble_advertising.o
    0x00025034   0x00000128   Code   RO          906    i.ble_advertising_start  ble_advertising.o
    0x0002515c   0x00000028   Code   RO          907    i.ble_advertising_whitelist_reply  ble_advertising.o
    0x00025184   0x0000004c   Code   RO         3321    i.ble_bas_init      ble_bas.o
    0x000251d0   0x00000044   Code   RO         3322    i.ble_bas_on_ble_evt  ble_bas.o
    0x00025214   0x0000009c   Code   RO         1035    i.ble_conn_params_init  ble_conn_params.o
    0x000252b0   0x00000018   Code   RO         1131    i.ble_conn_state_conn_handles  ble_conn_state.o
    0x000252c8   0x00000018   Code   RO         1133    i.ble_conn_state_encrypted  ble_conn_state.o
    0x000252e0   0x00000018   Code   RO         1135    i.ble_conn_state_mitm_protected  ble_conn_state.o
    0x000252f8   0x00000038   Code   RO         1140    i.ble_conn_state_role  ble_conn_state.o
    0x00025330   0x0000003c   Code   RO         1141    i.ble_conn_state_status  ble_conn_state.o
    0x0002536c   0x00000024   Code   RO         1142    i.ble_conn_state_user_flag_acquire  ble_conn_state.o
    0x00025390   0x0000001c   Code   RO         1143    i.ble_conn_state_user_flag_collection  ble_conn_state.o
    0x000253ac   0x00000028   Code   RO         1144    i.ble_conn_state_user_flag_get  ble_conn_state.o
    0x000253d4   0x00000028   Code   RO         1145    i.ble_conn_state_user_flag_set  ble_conn_state.o
    0x000253fc   0x0000001a   Code   RO         3229    i.ble_cts_c_current_time_read  ble_cts_c.o
    0x00025416   0x0000001e   Code   RO         3230    i.ble_cts_c_handles_assign  ble_cts_c.o
    0x00025434   0x00000064   Code   RO         3231    i.ble_cts_c_init    ble_cts_c.o
    0x00025498   0x0000000e   Code   RO         3232    i.ble_cts_c_is_cts_discovered  ble_cts_c.o
    0x000254a6   0x0000002c   Code   RO         3233    i.ble_cts_c_on_ble_evt  ble_cts_c.o
    0x000254d2   0x00000002   PAD
    0x000254d4   0x000000b0   Code   RO         3234    i.ble_cts_c_on_db_disc_evt  ble_cts_c.o
    0x00025584   0x0000003c   Code   RO         3235    i.ble_date_time_decode  ble_cts_c.o
    0x000255c0   0x00000034   Code   RO         1307    i.ble_db_discovery_evt_register  ble_db_discovery.o
    0x000255f4   0x00000038   Code   RO         1308    i.ble_db_discovery_init  ble_db_discovery.o
    0x0002562c   0x00000094   Code   RO         1309    i.ble_db_discovery_on_ble_evt  ble_db_discovery.o
    0x000256c0   0x00000048   Code   RO         1310    i.ble_db_discovery_start  ble_db_discovery.o
    0x00025708   0x00000076   Code   RO          793    i.ble_device_addr_encode  ble_advdata.o
    0x0002577e   0x00000002   PAD
    0x00025780   0x00000198   Code   RO         3375    i.ble_dis_init      ble_dis.o
    0x00025918   0x0000015c   Code   RO            8    i.ble_evt_handler   main.o
    0x00025a74   0x00000078   Code   RO          695    i.ble_evt_handler   bsp_btn_ble.o
    0x00025aec   0x00000040   Code   RO         1037    i.ble_evt_handler   ble_conn_params.o
    0x00025b2c   0x000000e0   Code   RO         1147    i.ble_evt_handler   ble_conn_state.o
    0x00025c0c   0x0000002c   Code   RO         2505    i.ble_evt_handler   peer_manager.o
    0x00025c38   0x00000012   Code   RO         1443    i.ble_srv_ascii_to_utf8  ble_srv_common.o
    0x00025c4a   0x00000012   Code   RO         1445    i.ble_srv_is_notification_enabled  ble_srv_common.o
    0x00025c5c   0x0000007c   Code   RO         1446    i.ble_srv_report_ref_encode  ble_srv_common.o
    0x00025cd8   0x00000078   Code   RO            9    i.ble_stack_init    main.o
    0x00025d50   0x0000000c   Code   RO          459    i.bsp_board_button_idx_to_pin  boards.o
    0x00025d5c   0x00000030   Code   RO          460    i.bsp_board_button_state_get  boards.o
    0x00025d8c   0x00000030   Code   RO          463    i.bsp_board_led_invert  boards.o
    0x00025dbc   0x00000014   Code   RO          464    i.bsp_board_led_off  boards.o
    0x00025dd0   0x00000014   Code   RO          465    i.bsp_board_led_on  boards.o
    0x00025de4   0x00000030   Code   RO          466    i.bsp_board_led_state_get  boards.o
    0x00025e14   0x00000030   Code   RO          467    i.bsp_board_leds_init  boards.o
    0x00025e44   0x00000014   Code   RO          468    i.bsp_board_leds_off  boards.o
    0x00025e58   0x00000014   Code   RO          469    i.bsp_board_leds_on  boards.o
    0x00025e6c   0x00000024   Code   RO          470    i.bsp_board_pin_to_button_idx  boards.o
    0x00025e90   0x0000002c   Code   RO          696    i.bsp_btn_ble_init  bsp_btn_ble.o
    0x00025ebc   0x00000032   Code   RO          697    i.bsp_btn_ble_sleep_mode_prepare  bsp_btn_ble.o
    0x00025eee   0x00000002   PAD
    0x00025ef0   0x000000c4   Code   RO          578    i.bsp_button_event_handler  bsp.o
    0x00025fb4   0x0000000c   Code   RO          579    i.bsp_button_is_pressed  bsp.o
    0x00025fc0   0x000000f0   Code   RO           10    i.bsp_event_handler  main.o
    0x000260b0   0x0000005c   Code   RO          582    i.bsp_event_to_button_action_assign  bsp.o
    0x0002610c   0x00000020   Code   RO          583    i.bsp_indication_set  bsp.o
    0x0002612c   0x000000ac   Code   RO          584    i.bsp_init          bsp.o
    0x000261d8   0x0000037c   Code   RO          585    i.bsp_led_indication  bsp.o
    0x00026554   0x00000016   Code   RO          587    i.bsp_wakeup_button_enable  bsp.o
    0x0002656a   0x00000002   PAD
    0x0002656c   0x00000090   Code   RO         6170    i.buf_prealloc      nrf_log_frontend.o
    0x000265fc   0x00000020   Code   RO         5462    i.buffer_add        nrf_fprintf_format.o
    0x0002661c   0x00000018   Code   RO         6171    i.buffer_is_empty   nrf_log_frontend.o
    0x00026634   0x0000000e   Code   RO          588    i.button_timer_handler  bsp.o
    0x00026642   0x00000002   PAD
    0x00026644   0x00000070   Code   RO           11    i.buttons_leds_init  main.o
    0x000266b4   0x00000020   Code   RO         1511    i.cccd_written      gatt_cache_manager.o
    0x000266d4   0x00000020   Code   RO         3660    i.channel_free      nrf_drv_gpiote.o
    0x000266f4   0x00000010   Code   RO         3661    i.channel_handler_get  nrf_drv_gpiote.o
    0x00026704   0x00000080   Code   RO         3662    i.channel_port_alloc  nrf_drv_gpiote.o
    0x00026784   0x0000000c   Code   RO         3663    i.channel_port_get  nrf_drv_gpiote.o
    0x00026790   0x00000140   Code   RO         3376    i.char_add          ble_dis.o
    0x000268d0   0x00000060   Code   RO         1311    i.characteristics_discover  ble_db_discovery.o
    0x00026930   0x0000004a   Code   RO         2410    i.claim             peer_id.o
    0x0002697a   0x00000002   PAD
    0x0002697c   0x00000030   Code   RO         3422    i.clock_clk_started_notify  nrf_drv_clock.o
    0x000269ac   0x00000090   Code   RO         4473    i.compare_reg_update  app_timer.o
    0x00026a3c   0x0000005a   Code   RO          794    i.conn_int_check    ble_advdata.o
    0x00026a96   0x00000068   Code   RO          795    i.conn_int_encode   ble_advdata.o
    0x00026afe   0x00000002   PAD
    0x00026b00   0x00000028   Code   RO           12    i.conn_params_error_handler  main.o
    0x00026b28   0x00000070   Code   RO           13    i.conn_params_init  main.o
    0x00026b98   0x00000054   Code   RO         1038    i.conn_params_negotiation  ble_conn_params.o
    0x00026bec   0x00000044   Code   RO         2895    i.conn_sec_failure  security_dispatcher.o
    0x00026c30   0x00000058   Code   RO         2896    i.conn_sec_update_process  security_dispatcher.o
    0x00026c88   0x00000054   Code   RO          698    i.connection_buttons_configure  bsp_btn_ble.o
    0x00026cdc   0x00000062   Code   RO         3236    i.current_time_decode  ble_cts_c.o
    0x00026d3e   0x00000002   PAD
    0x00026d40   0x00000028   Code   RO           14    i.current_time_error_handler  main.o
    0x00026d68   0x000002d8   Code   RO           15    i.current_time_print  main.o
    0x00027040   0x00000056   Code   RO         3237    i.current_time_read  ble_cts_c.o
    0x00027096   0x0000005e   Code   RO         3238    i.current_time_validate  ble_cts_c.o
    0x000270f4   0x00000050   Code   RO         1924    i.data_length_update  nrf_ble_gatt.o
    0x00027144   0x00000014   Code   RO           16    i.db_disc_handler   main.o
    0x00027158   0x00000038   Code   RO           17    i.db_discovery_init  main.o
    0x00027190   0x00000054   Code   RO           18    i.delete_bonds      main.o
    0x000271e4   0x0000004a   Code   RO         4794    i.delete_execute    fds.o
    0x0002722e   0x000000b6   Code   RO         1312    i.descriptors_discover  ble_db_discovery.o
    0x000272e4   0x0000008c   Code   RO         4268    i.detection_delay_timeout_handler  app_button.o
    0x00027370   0x00000022   Code   RO         2897    i.disconnect_process  security_dispatcher.o
    0x00027392   0x00000002   PAD
    0x00027394   0x000000a4   Code   RO         1313    i.discovery_complete_evt_trigger  ble_db_discovery.o
    0x00027438   0x00000048   Code   RO         1314    i.discovery_error_evt_trigger  ble_db_discovery.o
    0x00027480   0x00000084   Code   RO         1315    i.discovery_start   ble_db_discovery.o
    0x00027504   0x00000064   Code   RO         4474    i.elapsed_ticks_acquire  app_timer.o
    0x00027568   0x00000016   Code   RO         2898    i.encryption_failure  security_dispatcher.o
    0x0002757e   0x00000002   PAD
    0x00027580   0x00000058   Code   RO         5573    i.erase             nrf_fstorage_sd.o
    0x000275d8   0x0000000e   Code   RO         5574    i.erase_execute     nrf_fstorage_sd.o
    0x000275e6   0x00000002   PAD
    0x000275e8   0x00000054   Code   RO         7006    i.errata_108        system_nrf52.o
    0x0002763c   0x00000054   Code   RO         7007    i.errata_12         system_nrf52.o
    0x00027690   0x00000054   Code   RO         7008    i.errata_136        system_nrf52.o
    0x000276e4   0x00000030   Code   RO         7009    i.errata_16         system_nrf52.o
    0x00027714   0x00000054   Code   RO         7010    i.errata_31         system_nrf52.o
    0x00027768   0x00000030   Code   RO         7011    i.errata_32         system_nrf52.o
    0x00027798   0x00000054   Code   RO         7012    i.errata_36         system_nrf52.o
    0x000277ec   0x00000030   Code   RO         7013    i.errata_37         system_nrf52.o
    0x0002781c   0x00000030   Code   RO         7014    i.errata_57         system_nrf52.o
    0x0002784c   0x00000030   Code   RO         7015    i.errata_66         system_nrf52.o
    0x0002787c   0x0000007e   Code   RO         4795    i.event_prepare     fds.o
    0x000278fa   0x00000002   PAD
    0x000278fc   0x00000028   Code   RO         4796    i.event_send        fds.o
    0x00027924   0x00000064   Code   RO         5575    i.event_send        nrf_fstorage_sd.o
    0x00027988   0x00000078   Code   RO         3069    i.events_send_from_err_code  security_manager.o
    0x00027a00   0x0000000c   Code   RO         3070    i.evt_forward       security_manager.o
    0x00027a0c   0x00000028   Code   RO         1512    i.evt_send          gatt_cache_manager.o
    0x00027a34   0x00000020   Code   RO         1725    i.evt_send          id_manager.o
    0x00027a54   0x00000028   Code   RO         2506    i.evt_send          peer_manager.o
    0x00027a7c   0x00000028   Code   RO         2899    i.evt_send          security_dispatcher.o
    0x00027aa4   0x00000020   Code   RO         3071    i.evt_send          security_manager.o
    0x00027ac4   0x00000058   Code   RO         4475    i.expired_timers_handler  app_timer.o
    0x00027b1c   0x000000f0   Code   RO         2043    i.fds_evt_handler   peer_data_storage.o
    0x00027c0c   0x00000044   Code   RO         4798    i.fds_file_delete   fds.o
    0x00027c50   0x00000040   Code   RO         4799    i.fds_gc            fds.o
    0x00027c90   0x000000e0   Code   RO         4800    i.fds_init          fds.o
    0x00027d70   0x00000060   Code   RO         4801    i.fds_record_close  fds.o
    0x00027dd0   0x00000016   Code   RO         4803    i.fds_record_find   fds.o
    0x00027de6   0x00000014   Code   RO         4804    i.fds_record_find_by_key  fds.o
    0x00027dfa   0x00000014   Code   RO         4805    i.fds_record_find_in_file  fds.o
    0x00027e0e   0x00000012   Code   RO         4806    i.fds_record_id_from_desc  fds.o
    0x00027e20   0x0000004c   Code   RO         4808    i.fds_record_open   fds.o
    0x00027e6c   0x0000001a   Code   RO         4809    i.fds_record_update  fds.o
    0x00027e86   0x00000014   Code   RO         4810    i.fds_record_write  fds.o
    0x00027e9a   0x0000001c   Code   RO         4811    i.fds_record_write_reserved  fds.o
    0x00027eb6   0x00000002   PAD
    0x00027eb8   0x00000030   Code   RO         4812    i.fds_register      fds.o
    0x00027ee8   0x00000034   Code   RO         4813    i.fds_reserve       fds.o
    0x00027f1c   0x00000054   Code   RO         4814    i.fds_reserve_cancel  fds.o
    0x00027f70   0x00000034   Code   RO         4816    i.file_find_and_delete  fds.o
    0x00027fa4   0x0000000a   Code   RO         2044    i.file_id_to_peer_id  peer_data_storage.o
    0x00027fae   0x00000018   Code   RO         2045    i.file_id_within_pm_range  peer_data_storage.o
    0x00027fc6   0x00000012   Code   RO         2900    i.flag_id_init      security_dispatcher.o
    0x00027fd8   0x00000012   Code   RO         3072    i.flag_id_init      security_manager.o
    0x00027fea   0x00000036   Code   RO          796    i.flags_encode      ble_advdata.o
    0x00028020   0x0000008c   Code   RO         3073    i.flags_set_from_err_code  security_manager.o
    0x000280ac   0x0000000a   Code   RO          908    i.flash_access_in_progress  ble_advertising.o
    0x000280b6   0x00000002   PAD
    0x000280b8   0x0000001c   Code   RO         4817    i.flash_bounds_set  fds.o
    0x000280d4   0x0000001a   Code   RO         4818    i.flash_end_addr    fds.o
    0x000280ee   0x00000002   PAD
    0x000280f0   0x0000001c   Code   RO         4819    i.flash_subsystem_init  fds.o
    0x0002810c   0x0000000c   Code   RO         4820    i.fs_event_handler  fds.o
    0x00028118   0x000000a0   Code   RO           19    i.gap_params_init   main.o
    0x000281b8   0x0000003c   Code   RO           20    i.gatt_init         main.o
    0x000281f4   0x00000070   Code   RO         4821    i.gc_execute        fds.o
    0x00028264   0x00000040   Code   RO         4822    i.gc_init           fds.o
    0x000282a4   0x00000028   Code   RO         4823    i.gc_next_page      fds.o
    0x000282cc   0x0000004c   Code   RO         4824    i.gc_page_erase     fds.o
    0x00028318   0x00000050   Code   RO         4825    i.gc_page_next      fds.o
    0x00028368   0x00000040   Code   RO         4826    i.gc_record_copy    fds.o
    0x000283a8   0x00000024   Code   RO         4827    i.gc_record_find_next  fds.o
    0x000283cc   0x00000058   Code   RO         4828    i.gc_state_advance  fds.o
    0x00028424   0x0000002c   Code   RO         4829    i.gc_swap_erase     fds.o
    0x00028450   0x00000050   Code   RO         4830    i.gc_swap_pages     fds.o
    0x000284a0   0x00000024   Code   RO         4831    i.gc_swap_promote   fds.o
    0x000284c4   0x00000018   Code   RO         4832    i.gc_tag_new_swap   fds.o
    0x000284dc   0x00000020   Code   RO         4833    i.gc_update_swap_offset  fds.o
    0x000284fc   0x0000009c   Code   RO         1513    i.gcm_ble_evt_handler  gatt_cache_manager.o
    0x00028598   0x00000030   Code   RO         1514    i.gcm_im_evt_handler  gatt_cache_manager.o
    0x000285c8   0x00000074   Code   RO         1515    i.gcm_init          gatt_cache_manager.o
    0x0002863c   0x0000004c   Code   RO         1516    i.gcm_local_database_has_changed  gatt_cache_manager.o
    0x00028688   0x00000090   Code   RO         1518    i.gcm_pdb_evt_handler  gatt_cache_manager.o
    0x00028718   0x0000003c   Code   RO         1726    i.get_connection_by_conn_handle  id_manager.o
    0x00028754   0x00000034   Code   RO         1727    i.get_free_connection  id_manager.o
    0x00028788   0x00000080   Code   RO         4269    i.gpiote_event_handler  app_button.o
    0x00028808   0x0000001c   Code   RO         1644    i.gscm_db_change_notification_done  gatts_cache_manager.o
    0x00028824   0x00000014   Code   RO         1645    i.gscm_init         gatts_cache_manager.o
    0x00028838   0x00000018   Code   RO         1646    i.gscm_local_database_has_changed  gatts_cache_manager.o
    0x00028850   0x00000090   Code   RO         1647    i.gscm_local_db_cache_apply  gatts_cache_manager.o
    0x000288e0   0x00000098   Code   RO         1648    i.gscm_local_db_cache_update  gatts_cache_manager.o
    0x00028978   0x0000001c   Code   RO         1649    i.gscm_pdb_evt_handler  gatts_cache_manager.o
    0x00028994   0x00000028   Code   RO         1650    i.gscm_service_changed_ind_needed  gatts_cache_manager.o
    0x000289bc   0x00000048   Code   RO         1651    i.gscm_service_changed_ind_send  gatts_cache_manager.o
    0x00028a04   0x0000002a   Code   RO         4834    i.header_check      fds.o
    0x00028a2e   0x00000016   Code   RO         4835    i.header_has_next   fds.o
    0x00028a44   0x0000000e   Code   RO         4836    i.header_jump       fds.o
    0x00028a52   0x0000004c   Code   RO         1728    i.im_address_resolve  id_manager.o
    0x00028a9e   0x00000002   PAD
    0x00028aa0   0x00000034   Code   RO         1729    i.im_ble_addr_get   id_manager.o
    0x00028ad4   0x000000d2   Code   RO         1730    i.im_ble_evt_handler  id_manager.o
    0x00028ba6   0x00000002   PAD
    0x00028ba8   0x00000030   Code   RO         1731    i.im_conn_handle_get  id_manager.o
    0x00028bd8   0x000000b0   Code   RO         1732    i.im_device_identities_list_set  id_manager.o
    0x00028c88   0x00000038   Code   RO         1733    i.im_find_duplicate_bonding_data  id_manager.o
    0x00028cc0   0x0000002c   Code   RO         1736    i.im_init           id_manager.o
    0x00028cec   0x00000090   Code   RO         1737    i.im_is_duplicate_bonding_data  id_manager.o
    0x00028d7c   0x00000022   Code   RO         1738    i.im_master_id_is_valid  id_manager.o
    0x00028d9e   0x00000032   Code   RO         1739    i.im_master_ids_compare  id_manager.o
    0x00028dd0   0x00000010   Code   RO         1740    i.im_new_peer_id    id_manager.o
    0x00028de0   0x0000002a   Code   RO         1741    i.im_peer_free      id_manager.o
    0x00028e0a   0x00000002   PAD
    0x00028e0c   0x00000028   Code   RO         1742    i.im_peer_id_get_by_conn_handle  id_manager.o
    0x00028e34   0x00000040   Code   RO         1743    i.im_peer_id_get_by_master_id  id_manager.o
    0x00028e74   0x00000048   Code   RO         1746    i.im_whitelist_get  id_manager.o
    0x00028ebc   0x00000080   Code   RO         1747    i.im_whitelist_set  id_manager.o
    0x00028f3c   0x00000050   Code   RO         5576    i.init              nrf_fstorage_sd.o
    0x00028f8c   0x0000012c   Code   RO         4837    i.init_execute      fds.o
    0x000290b8   0x0000002c   Code   RO         1039    i.instance_get      ble_conn_params.o
    0x000290e4   0x000000be   Code   RO         5463    i.int_print         nrf_fprintf_format.o
    0x000291a2   0x00000002   PAD
    0x000291a4   0x0000000c   Code   RO         1519    i.internal_state_reset  gatt_cache_manager.o
    0x000291b0   0x00000018   Code   RO         1652    i.internal_state_reset  gatts_cache_manager.o
    0x000291c8   0x0000002c   Code   RO         1748    i.internal_state_reset  id_manager.o
    0x000291f4   0x0000001c   Code   RO         2216    i.internal_state_reset  peer_database.o
    0x00029210   0x0000000e   Code   RO         2411    i.internal_state_reset  peer_id.o
    0x0002921e   0x00000002   PAD
    0x00029220   0x00000024   Code   RO         2507    i.internal_state_reset  peer_manager.o
    0x00029244   0x00000014   Code   RO         5577    i.is_busy           nrf_fstorage_sd.o
    0x00029258   0x00000024   Code   RO         1316    i.is_char_discovery_reqd  ble_db_discovery.o
    0x0002927c   0x00000072   Code   RO         1040    i.is_conn_params_ok  ble_conn_params.o
    0x000292ee   0x0000005e   Code   RO         1317    i.is_desc_discovery_reqd  ble_db_discovery.o
    0x0002934c   0x00000018   Code   RO         1749    i.is_valid_irk      id_manager.o
    0x00029364   0x00000010   Code   RO         4838    i.is_word_aligned   fds.o
    0x00029374   0x0000000c   Code   RO         3425    i.item_dequeue      nrf_drv_clock.o
    0x00029380   0x00000028   Code   RO          589    i.leds_off          bsp.o
    0x000293a8   0x00000020   Code   RO          590    i.leds_timer_handler  bsp.o
    0x000293c8   0x0000001c   Code   RO         3428    i.lfclk_stop        nrf_drv_clock.o
    0x000293e4   0x00000014   Code   RO         1925    i.link_init         nrf_ble_gatt.o
    0x000293f8   0x000000d4   Code   RO         3074    i.link_secure       security_manager.o
    0x000294cc   0x0000003c   Code   RO         2901    i.link_secure_failure  security_dispatcher.o
    0x00029508   0x00000080   Code   RO         3075    i.link_secure_pending_process  security_manager.o
    0x00029588   0x00000016   Code   RO         2902    i.link_secure_peripheral  security_dispatcher.o
    0x0002959e   0x00000002   PAD
    0x000295a0   0x0000013c   Code   RO         4476    i.list_insertions_handler  app_timer.o
    0x000296dc   0x00000080   Code   RO         1520    i.local_db_apply_in_evt  gatt_cache_manager.o
    0x0002975c   0x00000018   Code   RO         1521    i.local_db_update   gatt_cache_manager.o
    0x00029774   0x00000064   Code   RO         1522    i.local_db_update_in_evt  gatt_cache_manager.o
    0x000297d8   0x00000034   Code   RO         2838    i.lock_by_mask      pm_mutex.o
    0x0002980c   0x00000038   Code   RO           21    i.log_init          main.o
    0x00029844   0x000000cc   Code   RO         6174    i.log_skip          nrf_log_frontend.o
    0x00029910   0x0000008c   Code   RO           22    i.main              main.o
    0x0002999c   0x00000076   Code   RO          797    i.manuf_specific_data_encode  ble_advdata.o
    0x00029a12   0x000000ae   Code   RO         5715    i.memobj_op         nrf_memobj.o
    0x00029ac0   0x0000003c   Code   RO         6175    i.module_idx_get    nrf_log_frontend.o
    0x00029afc   0x000000c2   Code   RO          798    i.name_encode       ble_advdata.o
    0x00029bbe   0x00000002   PAD
    0x00029bc0   0x00000070   Code   RO         1750    i.new_connection    id_manager.o
    0x00029c30   0x00000020   Code   RO         3076    i.new_context_get   security_manager.o
    0x00029c50   0x00000034   Code   RO         2412    i.next_id_get       peer_id.o
    0x00029c84   0x00000018   Code   RO         4409    i.next_index        app_scheduler.o
    0x00029c9c   0x00000016   Code   RO         5297    i.nrf_atfifo_clear  nrf_atfifo.o
    0x00029cb2   0x00000028   Code   RO         5299    i.nrf_atfifo_init   nrf_atfifo.o
    0x00029cda   0x0000001c   Code   RO         5300    i.nrf_atfifo_item_alloc  nrf_atfifo.o
    0x00029cf6   0x0000001c   Code   RO         5301    i.nrf_atfifo_item_free  nrf_atfifo.o
    0x00029d12   0x0000001c   Code   RO         5302    i.nrf_atfifo_item_get  nrf_atfifo.o
    0x00029d2e   0x0000001c   Code   RO         5303    i.nrf_atfifo_item_put  nrf_atfifo.o
    0x00029d4a   0x00000016   Code   RO         6176    i.nrf_atomic_flag_set  nrf_log_frontend.o
    0x00029d60   0x00000016   Code   RO         4839    i.nrf_atomic_u32_add  fds.o
    0x00029d76   0x00000052   Code   RO         5368    i.nrf_balloc_alloc  nrf_balloc.o
    0x00029dc8   0x00000010   Code   RO         5369    i.nrf_balloc_block2idx  nrf_balloc.o
    0x00029dd8   0x00000030   Code   RO         5370    i.nrf_balloc_free   nrf_balloc.o
    0x00029e08   0x0000000c   Code   RO         5371    i.nrf_balloc_idx2block  nrf_balloc.o
    0x00029e14   0x0000003c   Code   RO         5372    i.nrf_balloc_init   nrf_balloc.o
    0x00029e50   0x00000016   Code   RO         3664    i.nrf_bitmask_bit_is_set  nrf_drv_gpiote.o
    0x00029e66   0x00000034   Code   RO         1931    i.nrf_ble_gatt_init  nrf_ble_gatt.o
    0x00029e9a   0x00000002   PAD
    0x00029e9c   0x000000c8   Code   RO         1932    i.nrf_ble_gatt_on_ble_evt  nrf_ble_gatt.o
    0x00029f64   0x00000012   Code   RO         3429    i.nrf_clock_event_check  nrf_drv_clock.o
    0x00029f76   0x00000012   Code   RO         3430    i.nrf_clock_event_clear  nrf_drv_clock.o
    0x00029f88   0x0000000c   Code   RO         3432    i.nrf_clock_int_disable  nrf_drv_clock.o
    0x00029f94   0x00000010   Code   RO         3434    i.nrf_clock_lf_is_running  nrf_drv_clock.o
    0x00029fa4   0x00000008   Code   RO         3435    i.nrf_clock_task_trigger  nrf_drv_clock.o
    0x00029fac   0x0000009c   Code   RO         4477    i.nrf_delay_us      app_timer.o
    0x0002a048   0x00000068   Code   RO         3441    i.nrf_drv_clock_init  nrf_drv_clock.o
    0x0002a0b0   0x00000030   Code   RO         3445    i.nrf_drv_clock_lfclk_release  nrf_drv_clock.o
    0x0002a0e0   0x00000060   Code   RO         3623    i.nrf_drv_common_irq_enable  nrf_drv_common.o
    0x0002a140   0x000000ac   Code   RO         3669    i.nrf_drv_gpiote_in_event_enable  nrf_drv_gpiote.o
    0x0002a1ec   0x000000dc   Code   RO         3670    i.nrf_drv_gpiote_in_init  nrf_drv_gpiote.o
    0x0002a2c8   0x00000014   Code   RO         3671    i.nrf_drv_gpiote_in_is_set  nrf_drv_gpiote.o
    0x0002a2dc   0x00000060   Code   RO         3673    i.nrf_drv_gpiote_init  nrf_drv_gpiote.o
    0x0002a33c   0x00000014   Code   RO         3674    i.nrf_drv_gpiote_is_init  nrf_drv_gpiote.o
    0x0002a350   0x0000002a   Code   RO         5419    i.nrf_fprintf       nrf_fprintf.o
    0x0002a37a   0x0000001c   Code   RO         5420    i.nrf_fprintf_buffer_flush  nrf_fprintf.o
    0x0002a396   0x000001f0   Code   RO         5464    i.nrf_fprintf_fmt   nrf_fprintf_format.o
    0x0002a586   0x00000054   Code   RO         5506    i.nrf_fstorage_erase  nrf_fstorage.o
    0x0002a5da   0x0000001e   Code   RO         5507    i.nrf_fstorage_init  nrf_fstorage.o
    0x0002a5f8   0x00000054   Code   RO         5508    i.nrf_fstorage_is_busy  nrf_fstorage.o
    0x0002a64c   0x0000001c   Code   RO         5578    i.nrf_fstorage_sdh_req_handler  nrf_fstorage_sd.o
    0x0002a668   0x0000002c   Code   RO         5579    i.nrf_fstorage_sdh_state_handler  nrf_fstorage_sd.o
    0x0002a694   0x0000007c   Code   RO         5580    i.nrf_fstorage_sys_evt_handler  nrf_fstorage_sd.o
    0x0002a710   0x0000006c   Code   RO         5513    i.nrf_fstorage_write  nrf_fstorage.o
    0x0002a77c   0x00000028   Code   RO          472    i.nrf_gpio_cfg      boards.o
    0x0002a7a4   0x00000028   Code   RO         3688    i.nrf_gpio_cfg      nrf_drv_gpiote.o
    0x0002a7cc   0x00000032   Code   RO          591    i.nrf_gpio_cfg_sense_set  bsp.o
    0x0002a7fe   0x00000032   Code   RO         3690    i.nrf_gpio_cfg_sense_set  nrf_drv_gpiote.o
    0x0002a830   0x00000018   Code   RO         3692    i.nrf_gpio_pin_read  nrf_drv_gpiote.o
    0x0002a848   0x0000003a   Code   RO          473    i.nrf_gpio_pin_write  boards.o
    0x0002a882   0x00000002   PAD
    0x0002a884   0x00000028   Code   RO         3694    i.nrf_gpio_ports_read  nrf_drv_gpiote.o
    0x0002a8ac   0x0000000c   Code   RO         3695    i.nrf_gpiote_event_addr_get  nrf_drv_gpiote.o
    0x0002a8b8   0x0000001c   Code   RO         3696    i.nrf_gpiote_event_clear  nrf_drv_gpiote.o
    0x0002a8d4   0x00000016   Code   RO         3697    i.nrf_gpiote_event_is_set  nrf_drv_gpiote.o
    0x0002a8ea   0x00000002   PAD
    0x0002a8ec   0x0000000c   Code   RO         3698    i.nrf_gpiote_int_enable  nrf_drv_gpiote.o
    0x0002a8f8   0x00000048   Code   RO         6177    i.nrf_log_backend_add  nrf_log_frontend.o
    0x0002a940   0x00000002   Code   RO         6019    i.nrf_log_backend_rtt_flush  nrf_log_backend_rtt.o
    0x0002a942   0x00000008   Code   RO         6020    i.nrf_log_backend_rtt_init  nrf_log_backend_rtt.o
    0x0002a94a   0x00000002   Code   RO         6021    i.nrf_log_backend_rtt_panic_set  nrf_log_backend_rtt.o
    0x0002a94c   0x00000020   Code   RO         6022    i.nrf_log_backend_rtt_put  nrf_log_backend_rtt.o
    0x0002a96c   0x000000fe   Code   RO         6083    i.nrf_log_backend_serial_put  nrf_log_backend_serial.o
    0x0002aa6a   0x00000002   PAD
    0x0002aa6c   0x00000038   Code   RO         6179    i.nrf_log_color_id_get  nrf_log_frontend.o
    0x0002aaa4   0x00000024   Code   RO         6135    i.nrf_log_default_backends_init  nrf_log_default_backends.o
    0x0002aac8   0x000002c0   Code   RO         6180    i.nrf_log_frontend_dequeue  nrf_log_frontend.o
    0x0002ad88   0x00000014   Code   RO         6182    i.nrf_log_frontend_std_0  nrf_log_frontend.o
    0x0002ad9c   0x00000018   Code   RO         6183    i.nrf_log_frontend_std_1  nrf_log_frontend.o
    0x0002adb4   0x00000020   Code   RO         6184    i.nrf_log_frontend_std_2  nrf_log_frontend.o
    0x0002add4   0x00000028   Code   RO         6185    i.nrf_log_frontend_std_3  nrf_log_frontend.o
    0x0002adfc   0x0000002c   Code   RO         6186    i.nrf_log_frontend_std_4  nrf_log_frontend.o
    0x0002ae28   0x000000b8   Code   RO         6374    i.nrf_log_hexdump_entry_process  nrf_log_str_formatter.o
    0x0002aee0   0x00000068   Code   RO         6189    i.nrf_log_init      nrf_log_frontend.o
    0x0002af48   0x00000014   Code   RO         6190    i.nrf_log_module_cnt_get  nrf_log_frontend.o
    0x0002af5c   0x00000024   Code   RO         6193    i.nrf_log_module_name_get  nrf_log_frontend.o
    0x0002af80   0x00000034   Code   RO         6194    i.nrf_log_panic     nrf_log_frontend.o
    0x0002afb4   0x000000c8   Code   RO         6375    i.nrf_log_std_entry_process  nrf_log_str_formatter.o
    0x0002b07c   0x0000007a   Code   RO         5716    i.nrf_memobj_alloc  nrf_memobj.o
    0x0002b0f6   0x00000040   Code   RO         5717    i.nrf_memobj_free   nrf_memobj.o
    0x0002b136   0x0000001e   Code   RO         5718    i.nrf_memobj_get    nrf_memobj.o
    0x0002b154   0x0000000c   Code   RO         5719    i.nrf_memobj_pool_init  nrf_memobj.o
    0x0002b160   0x00000030   Code   RO         5720    i.nrf_memobj_put    nrf_memobj.o
    0x0002b190   0x0000001c   Code   RO         5721    i.nrf_memobj_read   nrf_memobj.o
    0x0002b1ac   0x0000001c   Code   RO         5722    i.nrf_memobj_write  nrf_memobj.o
    0x0002b1c8   0x00000018   Code   RO         6911    i.nrf_sdh_ble_app_ram_start_get  nrf_sdh_ble.o
    0x0002b1e0   0x00000144   Code   RO         6912    i.nrf_sdh_ble_default_cfg_set  nrf_sdh_ble.o
    0x0002b324   0x000000dc   Code   RO         6913    i.nrf_sdh_ble_enable  nrf_sdh_ble.o
    0x0002b400   0x000000a8   Code   RO         6914    i.nrf_sdh_ble_evts_poll  nrf_sdh_ble.o
    0x0002b4a8   0x00000050   Code   RO         6773    i.nrf_sdh_disable_request  nrf_sdh.o
    0x0002b4f8   0x00000070   Code   RO         6774    i.nrf_sdh_enable_request  nrf_sdh.o
    0x0002b568   0x00000030   Code   RO         6775    i.nrf_sdh_evts_poll  nrf_sdh.o
    0x0002b598   0x0000000c   Code   RO         6776    i.nrf_sdh_is_enabled  nrf_sdh.o
    0x0002b5a4   0x00000028   Code   RO         6778    i.nrf_sdh_request_continue  nrf_sdh.o
    0x0002b5cc   0x00000098   Code   RO         6966    i.nrf_sdh_soc_evts_poll  nrf_sdh_soc.o
    0x0002b664   0x00000006   Code   RO         6781    i.nrf_section_iter_get  nrf_sdh.o
    0x0002b66a   0x00000014   Code   RO         5886    i.nrf_section_iter_init  nrf_section_iter.o
    0x0002b67e   0x0000002e   Code   RO         5887    i.nrf_section_iter_item_set  nrf_section_iter.o
    0x0002b6ac   0x0000002e   Code   RO         5888    i.nrf_section_iter_next  nrf_section_iter.o
    0x0002b6da   0x00000002   PAD
    0x0002b6dc   0x00000040   Code   RO         5921    i.nrf_strerror_find  nrf_strerror.o
    0x0002b71c   0x0000001c   Code   RO         5922    i.nrf_strerror_get  nrf_strerror.o
    0x0002b738   0x0000000c   Code   RO         3979    i.nrf_uart_errorsrc_get_and_clear  nrf_drv_uart.o
    0x0002b744   0x0000000e   Code   RO         3980    i.nrf_uart_event_check  nrf_drv_uart.o
    0x0002b752   0x0000000e   Code   RO         3981    i.nrf_uart_event_clear  nrf_drv_uart.o
    0x0002b760   0x00000006   Code   RO         3983    i.nrf_uart_int_disable  nrf_drv_uart.o
    0x0002b766   0x00000012   Code   RO         3985    i.nrf_uart_int_enable_check  nrf_drv_uart.o
    0x0002b778   0x00000006   Code   RO         3986    i.nrf_uart_task_trigger  nrf_drv_uart.o
    0x0002b77e   0x0000000c   Code   RO         3988    i.nrf_uarte_errorsrc_get_and_clear  nrf_drv_uart.o
    0x0002b78a   0x0000000e   Code   RO         3989    i.nrf_uarte_event_check  nrf_drv_uart.o
    0x0002b798   0x0000000e   Code   RO         3990    i.nrf_uarte_event_clear  nrf_drv_uart.o
    0x0002b7a6   0x0000000a   Code   RO         3994    i.nrf_uarte_rx_amount_get  nrf_drv_uart.o
    0x0002b7b0   0x000001e8   Code   RO           23    i.on_adv_evt        main.o
    0x0002b998   0x00000180   Code   RO         1318    i.on_characteristic_discovery_rsp  ble_db_discovery.o
    0x0002bb18   0x00000040   Code   RO           24    i.on_conn_params_evt  main.o
    0x0002bb58   0x00000030   Code   RO         1041    i.on_conn_params_update  ble_conn_params.o
    0x0002bb88   0x00000070   Code   RO         1042    i.on_connect        ble_conn_params.o
    0x0002bbf8   0x00000006   Code   RO         3323    i.on_connect        ble_bas.o
    0x0002bbfe   0x0000000e   Code   RO          909    i.on_connected      ble_advertising.o
    0x0002bc0c   0x00000084   Code   RO         1933    i.on_connected_evt  nrf_ble_gatt.o
    0x0002bc90   0x00000188   Code   RO           25    i.on_cts_c_evt      main.o
    0x0002be18   0x00000054   Code   RO         1934    i.on_data_length_update_evt  nrf_ble_gatt.o
    0x0002be6c   0x00000060   Code   RO         1935    i.on_data_length_update_request_evt  nrf_ble_gatt.o
    0x0002becc   0x00000130   Code   RO         1319    i.on_descriptor_discovery_rsp  ble_db_discovery.o
    0x0002bffc   0x00000032   Code   RO         1043    i.on_disconnect     ble_conn_params.o
    0x0002c02e   0x0000003a   Code   RO         3239    i.on_disconnect     ble_cts_c.o
    0x0002c068   0x00000008   Code   RO         3324    i.on_disconnect     ble_bas.o
    0x0002c070   0x00000036   Code   RO          910    i.on_disconnected   ble_advertising.o
    0x0002c0a6   0x0000001e   Code   RO         1320    i.on_disconnected   ble_db_discovery.o
    0x0002c0c4   0x00000014   Code   RO         1936    i.on_disconnected_evt  nrf_ble_gatt.o
    0x0002c0d8   0x0000008c   Code   RO         1937    i.on_exchange_mtu_request_evt  nrf_ble_gatt.o
    0x0002c164   0x00000064   Code   RO         1938    i.on_exchange_mtu_rsp_evt  nrf_ble_gatt.o
    0x0002c1c8   0x00000024   Code   RO         5581    i.on_operation_failure  nrf_fstorage_sd.o
    0x0002c1ec   0x00000060   Code   RO         5582    i.on_operation_success  nrf_fstorage_sd.o
    0x0002c24c   0x00000080   Code   RO         1321    i.on_primary_srv_discovery_rsp  ble_db_discovery.o
    0x0002c2cc   0x0000009c   Code   RO         1322    i.on_srv_disc_completion  ble_db_discovery.o
    0x0002c368   0x00000036   Code   RO          911    i.on_timeout        ble_advertising.o
    0x0002c39e   0x00000002   PAD
    0x0002c3a0   0x00000058   Code   RO         1044    i.on_write          ble_conn_params.o
    0x0002c3f8   0x00000044   Code   RO         3325    i.on_write          ble_bas.o
    0x0002c43c   0x00000044   Code   RO         4840    i.page_from_record  fds.o
    0x0002c480   0x00000034   Code   RO         4841    i.page_has_space    fds.o
    0x0002c4b4   0x00000030   Code   RO         4842    i.page_identify     fds.o
    0x0002c4e4   0x0000001e   Code   RO         4843    i.page_is_erased    fds.o
    0x0002c502   0x00000012   Code   RO         4844    i.page_offsets_update  fds.o
    0x0002c514   0x00000078   Code   RO         4845    i.page_scan         fds.o
    0x0002c58c   0x00000020   Code   RO         4846    i.page_tag_write_data  fds.o
    0x0002c5ac   0x00000024   Code   RO         4847    i.page_tag_write_swap  fds.o
    0x0002c5d0   0x0000016c   Code   RO         4848    i.pages_init        fds.o
    0x0002c73c   0x00000014   Code   RO         2903    i.pairing           security_dispatcher.o
    0x0002c750   0x00000070   Code   RO         2904    i.pairing_failure   security_dispatcher.o
    0x0002c7c0   0x0000004a   Code   RO         3077    i.params_reply_pending_process  security_manager.o
    0x0002c80a   0x0000002c   Code   RO         3078    i.params_req_send   security_manager.o
    0x0002c836   0x00000002   PAD
    0x0002c838   0x00000020   Code   RO         2218    i.pdb_evt_send      peer_database.o
    0x0002c858   0x00000044   Code   RO         2219    i.pdb_init          peer_database.o
    0x0002c89c   0x0000000c   Code   RO         2221    i.pdb_next_deleted_peer_id_get  peer_database.o
    0x0002c8a8   0x0000000c   Code   RO         2222    i.pdb_next_peer_id_get  peer_database.o
    0x0002c8b4   0x00000070   Code   RO         2223    i.pdb_pds_evt_handler  peer_database.o
    0x0002c924   0x00000008   Code   RO         2224    i.pdb_peer_allocate  peer_database.o
    0x0002c92c   0x0000001c   Code   RO         2225    i.pdb_peer_data_load  peer_database.o
    0x0002c948   0x00000016   Code   RO         2226    i.pdb_peer_data_ptr_get  peer_database.o
    0x0002c95e   0x00000058   Code   RO         2227    i.pdb_peer_free     peer_database.o
    0x0002c9b6   0x00000016   Code   RO         2228    i.pdb_raw_store     peer_database.o
    0x0002c9cc   0x0000013c   Code   RO         2229    i.pdb_write_buf_get  peer_database.o
    0x0002cb08   0x00000036   Code   RO         2230    i.pdb_write_buf_release  peer_database.o
    0x0002cb3e   0x00000038   Code   RO         2231    i.pdb_write_buf_store  peer_database.o
    0x0002cb76   0x00000002   PAD
    0x0002cb78   0x00000078   Code   RO         2232    i.pdb_write_buf_store_prepare  peer_database.o
    0x0002cbf0   0x00000024   Code   RO         2046    i.pds_evt_send      peer_data_storage.o
    0x0002cc14   0x00000038   Code   RO         2047    i.pds_init          peer_data_storage.o
    0x0002cc4c   0x0000000c   Code   RO         2048    i.pds_next_deleted_peer_id_get  peer_data_storage.o
    0x0002cc58   0x0000000c   Code   RO         2049    i.pds_next_peer_id_get  peer_data_storage.o
    0x0002cc64   0x0000006c   Code   RO         2052    i.pds_peer_data_iterate  peer_data_storage.o
    0x0002ccd0   0x00000010   Code   RO         2053    i.pds_peer_data_iterate_prepare  peer_data_storage.o
    0x0002cce0   0x0000008a   Code   RO         2054    i.pds_peer_data_read  peer_data_storage.o
    0x0002cd6a   0x000000b2   Code   RO         2055    i.pds_peer_data_store  peer_data_storage.o
    0x0002ce1c   0x0000000c   Code   RO         2056    i.pds_peer_id_allocate  peer_data_storage.o
    0x0002ce28   0x0000001e   Code   RO         2057    i.pds_peer_id_free  peer_data_storage.o
    0x0002ce46   0x0000000c   Code   RO         2058    i.pds_peer_id_is_allocated  peer_data_storage.o
    0x0002ce52   0x0000003c   Code   RO         2059    i.pds_space_reserve  peer_data_storage.o
    0x0002ce8e   0x00000014   Code   RO         2060    i.pds_space_reserve_cancel  peer_data_storage.o
    0x0002cea2   0x00000002   PAD
    0x0002cea4   0x00000014   Code   RO         2905    i.peer_created      security_dispatcher.o
    0x0002ceb8   0x0000001c   Code   RO         2233    i.peer_data_const_point_to_buffer  peer_database.o
    0x0002ced4   0x0000008c   Code   RO         2061    i.peer_data_delete  peer_data_storage.o
    0x0002cf60   0x00000040   Code   RO         2062    i.peer_data_find    peer_data_storage.o
    0x0002cfa0   0x00000022   Code   RO         2063    i.peer_data_id_is_valid  peer_data_storage.o
    0x0002cfc2   0x0000000a   Code   RO         2064    i.peer_data_id_to_record_key  peer_data_storage.o
    0x0002cfcc   0x0000001a   Code   RO         2234    i.peer_data_point_to_buffer  peer_database.o
    0x0002cfe6   0x00000002   PAD
    0x0002cfe8   0x00000014   Code   RO         2413    i.peer_id_allocate  peer_id.o
    0x0002cffc   0x0000002c   Code   RO         2414    i.peer_id_delete    peer_id.o
    0x0002d028   0x0000001c   Code   RO         2415    i.peer_id_free      peer_id.o
    0x0002d044   0x00000014   Code   RO         2416    i.peer_id_get_next_deleted  peer_id.o
    0x0002d058   0x00000038   Code   RO         2417    i.peer_id_get_next_used  peer_id.o
    0x0002d090   0x00000024   Code   RO         2418    i.peer_id_init      peer_id.o
    0x0002d0b4   0x0000001c   Code   RO         2419    i.peer_id_is_allocated  peer_id.o
    0x0002d0d0   0x0000001c   Code   RO         2420    i.peer_id_is_deleted  peer_id.o
    0x0002d0ec   0x00000024   Code   RO         1751    i.peer_id_set       id_manager.o
    0x0002d110   0x0000000a   Code   RO         2065    i.peer_id_to_file_id  peer_data_storage.o
    0x0002d11a   0x00000046   Code   RO         2066    i.peer_ids_load     peer_data_storage.o
    0x0002d160   0x0000004c   Code   RO           26    i.peer_list_get     main.o
    0x0002d1ac   0x0000010c   Code   RO           27    i.peer_manager_init  main.o
    0x0002d2b8   0x000000d2   Code   RO         1752    i.peers_id_keys_get  id_manager.o
    0x0002d38a   0x00000002   PAD
    0x0002d38c   0x000000a8   Code   RO         1523    i.pending_flags_check  gatt_cache_manager.o
    0x0002d434   0x00000034   Code   RO         1323    i.pending_user_evts_send  ble_db_discovery.o
    0x0002d468   0x0000001c   Code   RO         3701    i.pin_in_use_by_gpiote  nrf_drv_gpiote.o
    0x0002d484   0x00000018   Code   RO         3702    i.pin_in_use_by_port  nrf_drv_gpiote.o
    0x0002d49c   0x00000020   Code   RO         3703    i.pin_in_use_by_te  nrf_drv_gpiote.o
    0x0002d4bc   0x0000000c   Code   RO         3704    i.pin_in_use_clear  nrf_drv_gpiote.o
    0x0002d4c8   0x00000062   Code   RO         2796    i.pm_buffer_block_acquire  pm_buffer.o
    0x0002d52a   0x0000004e   Code   RO         2797    i.pm_buffer_init    pm_buffer.o
    0x0002d578   0x00000030   Code   RO         2798    i.pm_buffer_ptr_get  pm_buffer.o
    0x0002d5a8   0x00000028   Code   RO         2799    i.pm_buffer_release  pm_buffer.o
    0x0002d5d0   0x00000012   Code   RO         2510    i.pm_conn_sec_config_reply  peer_manager.o
    0x0002d5e2   0x00000002   PAD
    0x0002d5e4   0x0000007c   Code   RO         2512    i.pm_conn_sec_status_get  peer_manager.o
    0x0002d660   0x00000028   Code   RO         2513    i.pm_conn_secure    peer_manager.o
    0x0002d688   0x00000024   Code   RO         2514    i.pm_device_identities_list_set  peer_manager.o
    0x0002d6ac   0x000002d4   Code   RO           28    i.pm_evt_handler    main.o
    0x0002d980   0x0000000c   Code   RO         2515    i.pm_gcm_evt_handler  peer_manager.o
    0x0002d98c   0x00000028   Code   RO         2518    i.pm_im_evt_handler  peer_manager.o
    0x0002d9b4   0x0000008c   Code   RO         2519    i.pm_init           peer_manager.o
    0x0002da40   0x0000001c   Code   RO         2521    i.pm_local_database_has_changed  peer_manager.o
    0x0002da5c   0x00000014   Code   RO         2839    i.pm_mutex_init     pm_mutex.o
    0x0002da70   0x00000020   Code   RO         2840    i.pm_mutex_lock     pm_mutex.o
    0x0002da90   0x00000030   Code   RO         2841    i.pm_mutex_lock_first_available  pm_mutex.o
    0x0002dac0   0x00000024   Code   RO         2842    i.pm_mutex_lock_status_get  pm_mutex.o
    0x0002dae4   0x00000038   Code   RO         2843    i.pm_mutex_unlock   pm_mutex.o
    0x0002db1c   0x0000001c   Code   RO         2522    i.pm_next_peer_id_get  peer_manager.o
    0x0002db38   0x0000017c   Code   RO         2523    i.pm_pdb_evt_handler  peer_manager.o
    0x0002dcb4   0x00000020   Code   RO         2534    i.pm_peer_delete    peer_manager.o
    0x0002dcd4   0x000000cc   Code   RO         2537    i.pm_peer_rank_highest  peer_manager.o
    0x0002dda0   0x000000d8   Code   RO         2538    i.pm_peer_ranks_get  peer_manager.o
    0x0002de78   0x00000080   Code   RO         2539    i.pm_peers_delete   peer_manager.o
    0x0002def8   0x00000040   Code   RO         2542    i.pm_register       peer_manager.o
    0x0002df38   0x00000024   Code   RO         2543    i.pm_sec_params_set  peer_manager.o
    0x0002df5c   0x00000040   Code   RO         2544    i.pm_sm_evt_handler  peer_manager.o
    0x0002df9c   0x00000040   Code   RO         2545    i.pm_whitelist_get  peer_manager.o
    0x0002dfdc   0x00000024   Code   RO         2546    i.pm_whitelist_set  peer_manager.o
    0x0002e000   0x000000d8   Code   RO         3377    i.pnp_id_encode     ble_dis.o
    0x0002e0d8   0x00000044   Code   RO         6376    i.postfix_process   nrf_log_str_formatter.o
    0x0002e11c   0x00000030   Code   RO           29    i.power_manage      main.o
    0x0002e14c   0x0000005c   Code   RO         6377    i.prefix_process    nrf_log_str_formatter.o
    0x0002e1a8   0x00000020   Code   RO         4849    i.queue_buf_get     fds.o
    0x0002e1c8   0x00000014   Code   RO         4850    i.queue_buf_store   fds.o
    0x0002e1dc   0x00000014   Code   RO         4851    i.queue_free        fds.o
    0x0002e1f0   0x00000018   Code   RO         5583    i.queue_free        nrf_fstorage_sd.o
    0x0002e208   0x00000024   Code   RO         4852    i.queue_has_next    fds.o
    0x0002e22c   0x0000001c   Code   RO         4853    i.queue_init        fds.o
    0x0002e248   0x00000014   Code   RO         4854    i.queue_load        fds.o
    0x0002e25c   0x0000002c   Code   RO         5584    i.queue_load_next   nrf_fstorage_sd.o
    0x0002e288   0x000000c0   Code   RO         4855    i.queue_process     fds.o
    0x0002e348   0x0000008c   Code   RO         5585    i.queue_process     nrf_fstorage_sd.o
    0x0002e3d4   0x00000024   Code   RO         4856    i.queue_start       fds.o
    0x0002e3f8   0x0000002c   Code   RO         5586    i.queue_start       nrf_fstorage_sd.o
    0x0002e424   0x00000010   Code   RO         6915    i.ram_end_address_get  nrf_sdh_ble.o
    0x0002e434   0x00000008   Code   RO         2547    i.rank_init         peer_manager.o
    0x0002e43c   0x00000030   Code   RO         2548    i.rank_vars_update  peer_manager.o
    0x0002e46c   0x0000001c   Code   RO         5587    i.read              nrf_fstorage_sd.o
    0x0002e488   0x00000054   Code   RO         2235    i.reattempt_previous_operations  peer_database.o
    0x0002e4dc   0x00000048   Code   RO         1148    i.record_activate   ble_conn_state.o
    0x0002e524   0x0000008c   Code   RO         4857    i.record_find       fds.o
    0x0002e5b0   0x0000003a   Code   RO         4858    i.record_find_and_delete  fds.o
    0x0002e5ea   0x00000002   PAD
    0x0002e5ec   0x0000007c   Code   RO         4859    i.record_find_by_desc  fds.o
    0x0002e668   0x00000078   Code   RO         4860    i.record_find_next  fds.o
    0x0002e6e0   0x0000003c   Code   RO         4861    i.record_header_flag_dirty  fds.o
    0x0002e71c   0x0000002c   Code   RO         4862    i.record_header_write_begin  fds.o
    0x0002e748   0x00000038   Code   RO         4863    i.record_header_write_finalize  fds.o
    0x0002e780   0x00000038   Code   RO         4864    i.record_header_write_id  fds.o
    0x0002e7b8   0x00000010   Code   RO         4865    i.record_id_new     fds.o
    0x0002e7c8   0x0000001c   Code   RO         1149    i.record_invalidate  ble_conn_state.o
    0x0002e7e4   0x00000006   Code   RO         2067    i.record_key_to_peer_data_id  peer_data_storage.o
    0x0002e7ea   0x00000018   Code   RO         2068    i.record_key_within_pm_range  peer_data_storage.o
    0x0002e802   0x00000002   PAD
    0x0002e804   0x00000044   Code   RO         1150    i.record_purge_disconnected  ble_conn_state.o
    0x0002e848   0x00000018   Code   RO         1151    i.record_set_disconnected  ble_conn_state.o
    0x0002e860   0x00000030   Code   RO         4866    i.record_write_data  fds.o
    0x0002e890   0x00000040   Code   RO         1324    i.registered_handler_get  ble_db_discovery.o
    0x0002e8d0   0x00000044   Code   RO         1325    i.registered_handler_set  ble_db_discovery.o
    0x0002e914   0x00000014   Code   RO         2422    i.release           peer_id.o
    0x0002e928   0x00000006   Code   RO         5588    i.rmap              nrf_fstorage_sd.o
    0x0002e92e   0x00000002   PAD
    0x0002e930   0x0000000c   Code   RO         4478    i.rtc1_compare0_set  app_timer.o
    0x0002e93c   0x0000000c   Code   RO         4479    i.rtc1_counter_get  app_timer.o
    0x0002e948   0x00000018   Code   RO         4480    i.rtc1_init         app_timer.o
    0x0002e960   0x0000003c   Code   RO         4481    i.rtc1_start        app_timer.o
    0x0002e99c   0x00000058   Code   RO         4482    i.rtc1_stop         app_timer.o
    0x0002e9f4   0x0000003e   Code   RO         3998    i.rx_byte           nrf_drv_uart.o
    0x0002ea32   0x0000001e   Code   RO         3999    i.rx_done_event     nrf_drv_uart.o
    0x0002ea50   0x00000040   Code   RO           30    i.scheduler_init    main.o
    0x0002ea90   0x00000088   Code   RO         6782    i.sd_nvic_EnableIRQ  nrf_sdh.o
    0x0002eb18   0x00000050   Code   RO         6783    i.sd_nvic_SetPriority  nrf_sdh.o
    0x0002eb68   0x00000068   Code   RO         4694    i.sd_nvic_critical_region_enter  app_util_platform.o
    0x0002ebd0   0x0000006c   Code   RO         3448    i.sd_state_evt_handler  nrf_drv_clock.o
    0x0002ec3c   0x0000003c   Code   RO         6784    i.sdh_request_observer_notify  nrf_sdh.o
    0x0002ec78   0x00000034   Code   RO         6785    i.sdh_state_observer_notify  nrf_sdh.o
    0x0002ecac   0x0000000c   Code   RO         3079    i.sdk_mapped_flags_any_set  security_manager.o
    0x0002ecb8   0x0000007c   Code   RO         5954    i.sdk_mapped_flags_bulk_update_by_key  sdk_mapped_flags.o
    0x0002ed34   0x00000024   Code   RO         5955    i.sdk_mapped_flags_first_key_index_get  sdk_mapped_flags.o
    0x0002ed58   0x00000012   Code   RO         5956    i.sdk_mapped_flags_get_by_index  sdk_mapped_flags.o
    0x0002ed6a   0x0000002e   Code   RO         5957    i.sdk_mapped_flags_get_by_key  sdk_mapped_flags.o
    0x0002ed98   0x00000042   Code   RO         5959    i.sdk_mapped_flags_key_list_get  sdk_mapped_flags.o
    0x0002edda   0x0000001a   Code   RO         5961    i.sdk_mapped_flags_update_by_key  sdk_mapped_flags.o
    0x0002edf4   0x000000b4   Code   RO         2906    i.sec_info_request_process  security_dispatcher.o
    0x0002eea8   0x00000084   Code   RO         2907    i.sec_keyset_fill   security_dispatcher.o
    0x0002ef2c   0x00000030   Code   RO         2908    i.sec_params_request_process  security_dispatcher.o
    0x0002ef5c   0x000000e8   Code   RO         3080    i.sec_params_verify  security_manager.o
    0x0002f044   0x0000003c   Code   RO         2909    i.sec_proc_housekeeping  security_dispatcher.o
    0x0002f080   0x00000068   Code   RO         2910    i.sec_proc_start    security_dispatcher.o
    0x0002f0e8   0x0000005c   Code   RO         3081    i.sec_req_process   security_manager.o
    0x0002f144   0x00000078   Code   RO           31    i.sec_req_timeout_handler  main.o
    0x0002f1bc   0x00000028   Code   RO         2911    i.sec_start_send    security_dispatcher.o
    0x0002f1e4   0x00000022   Code   RO         2912    i.send_config_req   security_dispatcher.o
    0x0002f206   0x00000002   PAD
    0x0002f208   0x00000018   Code   RO         1045    i.send_error_evt    ble_conn_params.o
    0x0002f220   0x00000028   Code   RO         2913    i.send_params_req   security_dispatcher.o
    0x0002f248   0x00000028   Code   RO         1524    i.send_unexpected_error  gatt_cache_manager.o
    0x0002f270   0x00000028   Code   RO         2069    i.send_unexpected_error  peer_data_storage.o
    0x0002f298   0x00000028   Code   RO         2914    i.send_unexpected_error  security_dispatcher.o
    0x0002f2c0   0x00000024   Code   RO         1046    i.send_update_request  ble_conn_params.o
    0x0002f2e4   0x0000003e   Code   RO         6023    i.serial_tx         nrf_log_backend_rtt.o
    0x0002f322   0x00000002   PAD
    0x0002f324   0x00000010   Code   RO         1525    i.service_changed_pending_flags_check  gatt_cache_manager.o
    0x0002f334   0x00000050   Code   RO         1653    i.service_changed_pending_set  gatts_cache_manager.o
    0x0002f384   0x000000a4   Code   RO         1526    i.service_changed_send_in_evt  gatt_cache_manager.o
    0x0002f428   0x00000096   Code   RO          799    i.service_data_encode  ble_advdata.o
    0x0002f4be   0x00000002   PAD
    0x0002f4c0   0x00000180   Code   RO           32    i.services_init     main.o
    0x0002f640   0x00000018   Code   RO          912    i.set_adv_mode_directed  ble_advertising.o
    0x0002f658   0x0000001c   Code   RO          913    i.set_adv_mode_directed_slow  ble_advertising.o
    0x0002f674   0x0000004a   Code   RO          914    i.set_adv_mode_fast  ble_advertising.o
    0x0002f6be   0x0000004a   Code   RO          915    i.set_adv_mode_slow  ble_advertising.o
    0x0002f708   0x00000070   Code   RO           33    i.sleep_mode_enter  main.o
    0x0002f778   0x00000018   Code   RO         3082    i.sm_ble_evt_handler  security_manager.o
    0x0002f790   0x00000010   Code   RO         3083    i.sm_conn_sec_config_reply  security_manager.o
    0x0002f7a0   0x00000058   Code   RO         3084    i.sm_init           security_manager.o
    0x0002f7f8   0x00000018   Code   RO         3086    i.sm_link_secure    security_manager.o
    0x0002f810   0x00000060   Code   RO         3087    i.sm_pdb_evt_handler  security_manager.o
    0x0002f870   0x00000048   Code   RO         3089    i.sm_sec_params_set  security_manager.o
    0x0002f8b8   0x00000032   Code   RO         3090    i.sm_smd_evt_handler  security_manager.o
    0x0002f8ea   0x0000004c   Code   RO         2915    i.smd_ble_evt_handler  security_dispatcher.o
    0x0002f936   0x00000002   PAD
    0x0002f938   0x00000018   Code   RO         2916    i.smd_conn_sec_config_reply  security_dispatcher.o
    0x0002f950   0x00000070   Code   RO         2917    i.smd_init          security_dispatcher.o
    0x0002f9c0   0x00000028   Code   RO         2918    i.smd_link_secure   security_dispatcher.o
    0x0002f9e8   0x00000108   Code   RO         2919    i.smd_params_reply  security_dispatcher.o
    0x0002faf0   0x00000040   Code   RO         3091    i.smd_params_reply_perform  security_manager.o
    0x0002fb30   0x00000010   Code   RO         3449    i.soc_evt_handler   nrf_drv_clock.o
    0x0002fb40   0x000000ac   Code   RO         6786    i.softdevice_evt_irq_disable  nrf_sdh.o
    0x0002fbec   0x00000060   Code   RO         6787    i.softdevices_evt_irq_enable  nrf_sdh.o
    0x0002fc4c   0x0000000e   Code   RO          800    i.srdata_check      ble_advdata.o
    0x0002fc5a   0x00000026   Code   RO          699    i.startup_event_extract  bsp_btn_ble.o
    0x0002fc80   0x00000050   Code   RO         6196    i.std_header_set    nrf_log_frontend.o
    0x0002fcd0   0x0000006c   Code   RO         6197    i.std_n             nrf_log_frontend.o
    0x0002fd3c   0x00000074   Code   RO         5465    i.string_print      nrf_fprintf_format.o
    0x0002fdb0   0x00000080   Code   RO         6788    i.swi_interrupt_priority_workaround  nrf_sdh.o
    0x0002fe30   0x000000d4   Code   RO         3378    i.sys_id_encode     ble_dis.o
    0x0002ff04   0x0000000a   Code   RO         4483    i.ticks_diff_get    app_timer.o
    0x0002ff0e   0x00000002   PAD
    0x0002ff10   0x00000074   Code   RO         4484    i.timeout_handler_exec  app_timer.o
    0x0002ff84   0x00000074   Code   RO         4485    i.timeout_handler_scheduled_exec  app_timer.o
    0x0002fff8   0x00000050   Code   RO         4486    i.timer_list_handler  app_timer.o
    0x00030048   0x0000000a   Code   RO         4487    i.timer_list_handler_sched  app_timer.o
    0x00030052   0x00000002   PAD
    0x00030054   0x00000068   Code   RO         4488    i.timer_list_insert  app_timer.o
    0x000300bc   0x00000088   Code   RO         4489    i.timer_list_remove  app_timer.o
    0x00030144   0x0000005e   Code   RO         4490    i.timer_start_op_schedule  app_timer.o
    0x000301a2   0x00000042   Code   RO         4491    i.timer_stop_op_schedule  app_timer.o
    0x000301e4   0x00000098   Code   RO         4492    i.timer_timeouts_check  app_timer.o
    0x0003027c   0x0000000a   Code   RO         4493    i.timer_timeouts_check_sched  app_timer.o
    0x00030286   0x00000002   PAD
    0x00030288   0x00000060   Code   RO           34    i.timers_init       main.o
    0x000302e8   0x00000026   Code   RO         4001    i.tx_byte           nrf_drv_uart.o
    0x0003030e   0x00000022   Code   RO         4002    i.tx_done_event     nrf_drv_uart.o
    0x00030330   0x00000036   Code   RO          801    i.tx_power_level_encode  ble_advdata.o
    0x00030366   0x00000142   Code   RO         4003    i.uart_irq_handler  nrf_drv_uart.o
    0x000304a8   0x0000010c   Code   RO         4004    i.uarte_irq_handler  nrf_drv_uart.o
    0x000305b4   0x0000000c   Code   RO         1450    i.uint16_decode     ble_srv_common.o
    0x000305c0   0x0000000c   Code   RO          802    i.uint16_encode     ble_advdata.o
    0x000305cc   0x0000000c   Code   RO         3379    i.uint16_encode     ble_dis.o
    0x000305d8   0x00000024   Code   RO         5589    i.uninit            nrf_fstorage_sd.o
    0x000305fc   0x000000b8   Code   RO         5466    i.unsigned_print    nrf_fprintf_format.o
    0x000306b4   0x00000010   Code   RO         1527    i.update_pending_flags_check  gatt_cache_manager.o
    0x000306c4   0x00000074   Code   RO         1047    i.update_timeout_handler  ble_conn_params.o
    0x00030738   0x00000014   Code   RO         1152    i.user_flag_acquire  ble_conn_state.o
    0x0003074c   0x0000001c   Code   RO         1153    i.user_flag_is_acquired  ble_conn_state.o
    0x00030768   0x0000003c   Code   RO         4494    i.user_op_alloc     app_timer.o
    0x000307a4   0x0000000c   Code   RO         4495    i.user_op_enque     app_timer.o
    0x000307b0   0x0000004e   Code   RO          803    i.uuid_list_encode  ble_advdata.o
    0x000307fe   0x000000dc   Code   RO          804    i.uuid_list_sized_encode  ble_advdata.o
    0x000308da   0x00000008   Code   RO          916    i.whitelist_has_entries  ble_advertising.o
    0x000308e2   0x00000006   Code   RO         5590    i.wmap              nrf_fstorage_sd.o
    0x000308e8   0x00000054   Code   RO         5591    i.write             nrf_fstorage_sd.o
    0x0003093c   0x00000038   Code   RO         2236    i.write_buf_length_words_set  peer_database.o
    0x00030974   0x000000d4   Code   RO         2237    i.write_buf_store   peer_database.o
    0x00030a48   0x00000042   Code   RO         2238    i.write_buf_store_in_event  peer_database.o
    0x00030a8a   0x00000024   Code   RO         2239    i.write_buffer_record_acquire  peer_database.o
    0x00030aae   0x0000004c   Code   RO         2240    i.write_buffer_record_find  peer_database.o
    0x00030afa   0x00000002   PAD
    0x00030afc   0x0000002c   Code   RO         2241    i.write_buffer_record_find_next  peer_database.o
    0x00030b28   0x00000028   Code   RO         2242    i.write_buffer_record_find_stored  peer_database.o
    0x00030b50   0x0000000e   Code   RO         2243    i.write_buffer_record_find_unused  peer_database.o
    0x00030b5e   0x00000026   Code   RO         2244    i.write_buffer_record_invalidate  peer_database.o
    0x00030b84   0x00000028   Code   RO         2245    i.write_buffer_record_release  peer_database.o
    0x00030bac   0x000000e0   Code   RO         4868    i.write_enqueue     fds.o
    0x00030c8c   0x000000c4   Code   RO         4869    i.write_execute     fds.o
    0x00030d50   0x00000058   Code   RO         5592    i.write_execute     nrf_fstorage_sd.o
    0x00030da8   0x00000024   Code   RO         4870    i.write_space_free  fds.o
    0x00030dcc   0x00000078   Code   RO         4871    i.write_space_reserve  fds.o
    0x00030e44   0x00000005   Data   RO           36    .constdata          main.o
    0x00030e49   0x00000008   Data   RO          474    .constdata          boards.o
    0x00030e51   0x00000003   PAD
    0x00030e54   0x0000002c   Data   RO          593    .constdata          bsp.o
    0x00030e80   0x0000007c   Data   RO         1327    .constdata          ble_db_discovery.o
    0x00030efc   0x00000050   Data   RO         1528    .constdata          gatt_cache_manager.o
    0x00030f4c   0x00000018   Data   RO         1654    .constdata          gatts_cache_manager.o
    0x00030f64   0x00000008   Data   RO         1754    .constdata          id_manager.o
    0x00030f6c   0x00000016   Data   RO         1939    .constdata          nrf_ble_gatt.o
    0x00030f82   0x00000002   PAD
    0x00030f84   0x00000018   Data   RO         2070    .constdata          peer_data_storage.o
    0x00030f9c   0x00000010   Data   RO         2247    .constdata          peer_database.o
    0x00030fac   0x00000010   Data   RO         2550    .constdata          peer_manager.o
    0x00030fbc   0x00000054   Data   RO         2921    .constdata          security_dispatcher.o
    0x00031010   0x00000004   Data   RO         3092    .constdata          security_manager.o
    0x00031014   0x00000047   Data   RO         3706    .constdata          nrf_drv_gpiote.o
    0x0003105b   0x00000001   PAD
    0x0003105c   0x00000008   Data   RO         4271    .constdata          app_button.o
    0x00031064   0x00000018   Data   RO         4873    .constdata          fds.o
    0x0003107c   0x00000010   Data   RO         5467    .constdata          nrf_fprintf_format.o
    0x0003108c   0x00000030   Data   RO         5594    .constdata          nrf_fstorage_sd.o
    0x000310bc   0x00000104   Data   RO         5923    .constdata          nrf_strerror.o
    0x000311c0   0x0000000c   Data   RO         6025    .constdata          nrf_log_backend_rtt.o
    0x000311cc   0x00000014   Data   RO         6199    .constdata          nrf_log_frontend.o
    0x000311e0   0x00000058   Data   RO         6789    .constdata          nrf_sdh.o
    0x00031238   0x00000030   Data   RO         6916    .constdata          nrf_sdh_ble.o
    0x00031268   0x0000001c   Data   RO         6967    .constdata          nrf_sdh_soc.o
    0x00031284   0x00000081   Data   RO         7102    .constdata          mc_w.l(ctype_o.o)
    0x00031305   0x00000003   PAD
    0x00031308   0x00000004   Data   RO         7103    .constdata          mc_w.l(ctype_o.o)
    0x0003130c   0x000000b5   Data   RO           37    .conststring        main.o
    0x000313c1   0x00000003   PAD
    0x000313c4   0x0000012d   Data   RO         1940    .conststring        nrf_ble_gatt.o
    0x000314f1   0x00000003   PAD
    0x000314f4   0x00000307   Data   RO         5924    .conststring        nrf_strerror.o
    0x000317fb   0x00000001   PAD
    0x000317fc   0x00000009   Data   RO         6200    .conststring        nrf_log_frontend.o
    0x00031805   0x00000003   PAD
    0x00031808   0x00000066   Data   RO         6378    .conststring        nrf_log_str_formatter.o
    0x0003186e   0x00000002   PAD
    0x00031870   0x00000188   Data   RO         6917    .conststring        nrf_sdh_ble.o
    0x000319f8   0x0000000c   Data   RO         1328    .conststrlit        ble_db_discovery.o
    0x00031a04   0x00000009   Data   RO         1941    .conststrlit        nrf_ble_gatt.o
    0x00031a0d   0x00000003   PAD
    0x00031a10   0x0000000a   Data   RO         3240    .conststrlit        ble_cts_c.o
    0x00031a1a   0x00000002   PAD
    0x00031a1c   0x00000006   Data   RO         3452    .conststrlit        nrf_drv_clock.o
    0x00031a22   0x00000002   PAD
    0x00031a24   0x00000007   Data   RO         3707    .conststrlit        nrf_drv_gpiote.o
    0x00031a2b   0x00000001   PAD
    0x00031a2c   0x00000005   Data   RO         4006    .conststrlit        nrf_drv_uart.o
    0x00031a31   0x00000003   PAD
    0x00031a34   0x00000007   Data   RO         5373    .conststrlit        nrf_balloc.o
    0x00031a3b   0x00000001   PAD
    0x00031a3c   0x00000009   Data   RO         5808    .conststrlit        nrf_pwr_mgmt.o
    0x00031a45   0x00000003   PAD
    0x00031a48   0x00000004   Data   RO         6201    .conststrlit        nrf_log_frontend.o
    0x00031a4c   0x00000008   Data   RO         6790    .conststrlit        nrf_sdh.o
    0x00031a54   0x0000000c   Data   RO         6918    .conststrlit        nrf_sdh_ble.o
    0x00031a60   0x0000000c   Data   RO         6968    .conststrlit        nrf_sdh_soc.o
    0x00031a6c   0x00000020   Data   RO         7165    Region$$Table       anon$$obj.o
    0x00031a8c   0x00000008   Data   RO         1330    log_const_data      ble_db_discovery.o
    0x00031a94   0x00000008   Data   RO         1942    log_const_data      nrf_ble_gatt.o
    0x00031a9c   0x00000008   Data   RO         3242    log_const_data      ble_cts_c.o
    0x00031aa4   0x00000008   Data   RO         3453    log_const_data      nrf_drv_clock.o
    0x00031aac   0x00000008   Data   RO         3708    log_const_data      nrf_drv_gpiote.o
    0x00031ab4   0x00000008   Data   RO         4007    log_const_data      nrf_drv_uart.o
    0x00031abc   0x00000008   Data   RO         5374    log_const_data      nrf_balloc.o
    0x00031ac4   0x00000008   Data   RO         5810    log_const_data      nrf_pwr_mgmt.o
    0x00031acc   0x00000008   Data   RO         6203    log_const_data      nrf_log_frontend.o
    0x00031ad4   0x00000008   Data   RO         6792    log_const_data      nrf_sdh.o
    0x00031adc   0x00000008   Data   RO         6919    log_const_data      nrf_sdh_ble.o
    0x00031ae4   0x00000008   Data   RO         6969    log_const_data      nrf_sdh_soc.o
    0x00031aec   0x00000008   Data   RO         1155    sdh_ble_observers0  ble_conn_state.o
    0x00031af4   0x00000018   Data   RO           39    sdh_ble_observers1  main.o
    0x00031b0c   0x00000008   Data   RO          701    sdh_ble_observers1  bsp_btn_ble.o
    0x00031b14   0x00000008   Data   RO         1050    sdh_ble_observers1  ble_conn_params.o
    0x00031b1c   0x00000008   Data   RO         2552    sdh_ble_observers1  peer_manager.o
    0x00031b24   0x00000010   Data   RO           40    sdh_ble_observers2  main.o
    0x00031b34   0x00000008   Data   RO           41    sdh_ble_observers3  main.o
    0x00031b3c   0x00000008   Data   RO         5596    sdh_req_observers0  nrf_fstorage_sd.o
    0x00031b44   0x00000008   Data   RO         3455    sdh_soc_observers0  nrf_drv_clock.o
    0x00031b4c   0x00000008   Data   RO         5597    sdh_soc_observers0  nrf_fstorage_sd.o
    0x00031b54   0x00000008   Data   RO           42    sdh_soc_observers1  main.o
    0x00031b5c   0x00000008   Data   RO         6921    sdh_stack_observers0  nrf_sdh_ble.o
    0x00031b64   0x00000008   Data   RO         6971    sdh_stack_observers0  nrf_sdh_soc.o
    0x00031b6c   0x00000008   Data   RO         3456    sdh_state_observers0  nrf_drv_clock.o
    0x00031b74   0x00000008   Data   RO         5598    sdh_state_observers0  nrf_fstorage_sd.o


    Execution Region RW_IRAM1 (Base: 0x200020e0, Size: 0x00003998, Max: 0x0000df20, ABSOLUTE, COMPRESSED[0x000000a4])

    Base Addr    Size         Type   Attr      Idx    E Section Name        Object

    0x200020e0   0x00000334   Data   RW           38    .data               main.o
    0x20002414   0x00000015   Data   RW          594    .data               bsp.o
    0x20002429   0x00000003   PAD
    0x2000242c   0x00000008   Data   RW          700    .data               bsp_btn_ble.o
    0x20002434   0x00000008   Data   RW         1049    .data               ble_conn_params.o
    0x2000243c   0x0000000d   Data   RW         1329    .data               ble_db_discovery.o
    0x20002449   0x00000003   PAD
    0x2000244c   0x0000000a   Data   RW         1529    .data               gatt_cache_manager.o
    0x20002456   0x00000006   Data   RW         1655    .data               gatts_cache_manager.o
    0x2000245c   0x00000003   Data   RW         1755    .data               id_manager.o
    0x2000245f   0x00000001   PAD
    0x20002460   0x0000000c   Data   RW         2071    .data               peer_data_storage.o
    0x2000246c   0x00000009   Data   RW         2248    .data               peer_database.o
    0x20002475   0x00000003   PAD
    0x20002478   0x00000010   Data   RW         2551    .data               peer_manager.o
    0x20002488   0x00000006   Data   RW         2922    .data               security_dispatcher.o
    0x2000248e   0x00000002   PAD
    0x20002490   0x0000001a   Data   RW         3093    .data               security_manager.o
    0x200024aa   0x00000004   Data   RW         3241    .data               ble_cts_c.o
    0x200024ae   0x0000004a   Data   RW         3380    .data               ble_dis.o
    0x200024f8   0x00000014   Data   RW         4272    .data               app_button.o
    0x2000250c   0x0000000e   Data   RW         4410    .data               app_scheduler.o
    0x2000251a   0x00000002   PAD
    0x2000251c   0x00000014   Data   RW         4497    .data               app_timer.o
    0x20002530   0x00000030   Data   RW         4874    .data               fds.o
    0x20002560   0x00000008   Data   RW         5595    .data               nrf_fstorage_sd.o
    0x20002568   0x0000000c   Data   RW         6136    .data               nrf_log_default_backends.o
    0x20002574   0x00000014   Data   RW         6202    .data               nrf_log_frontend.o
    0x20002588   0x00000038   Data   RW         6379    .data               nrf_log_str_formatter.o
    0x200025c0   0x00000003   Data   RW         6791    .data               nrf_sdh.o
    0x200025c3   0x00000001   PAD
    0x200025c4   0x00000004   Data   RW         7016    .data               system_nrf52.o
    0x200025c8   0x00000014   Data   RW         4875    fs_data             fds.o
    0x200025dc   0x0000000c   Data   RW         1331    log_dynamic_data    ble_db_discovery.o
    0x200025e8   0x0000000c   Data   RW         1943    log_dynamic_data    nrf_ble_gatt.o
    0x200025f4   0x0000000c   Data   RW         3243    log_dynamic_data    ble_cts_c.o
    0x20002600   0x0000000c   Data   RW         3454    log_dynamic_data    nrf_drv_clock.o
    0x2000260c   0x0000000c   Data   RW         3709    log_dynamic_data    nrf_drv_gpiote.o
    0x20002618   0x0000000c   Data   RW         4008    log_dynamic_data    nrf_drv_uart.o
    0x20002624   0x0000000c   Data   RW         5375    log_dynamic_data    nrf_balloc.o
    0x20002630   0x0000000c   Data   RW         5811    log_dynamic_data    nrf_pwr_mgmt.o
    0x2000263c   0x0000000c   Data   RW         6204    log_dynamic_data    nrf_log_frontend.o
    0x20002648   0x0000000c   Data   RW         6793    log_dynamic_data    nrf_sdh.o
    0x20002654   0x0000000c   Data   RW         6920    log_dynamic_data    nrf_sdh_ble.o
    0x20002660   0x0000000c   Data   RW         6970    log_dynamic_data    nrf_sdh_soc.o
    0x2000266c   0x000001f4   Zero   RW           35    .bss                main.o
    0x20002860   0x0000006c   Zero   RW          592    .bss                bsp.o
    0x200028cc   0x00000050   Zero   RW         1048    .bss                ble_conn_params.o
    0x2000291c   0x000000b8   Zero   RW         1154    .bss                ble_conn_state.o
    0x200029d4   0x00000318   Zero   RW         1326    .bss                ble_db_discovery.o
    0x20002cec   0x00000100   Zero   RW         1753    .bss                id_manager.o
    0x20002dec   0x000000d0   Zero   RW         2246    .bss                peer_database.o
    0x20002ebc   0x00000040   Zero   RW         2423    .bss                peer_id.o
    0x20002efc   0x0000000c   Zero   RW         2549    .bss                peer_manager.o
    0x20002f08   0x00000040   Zero   RW         2920    .bss                security_dispatcher.o
    0x20002f48   0x00000014   Zero   RW         3450    .bss                nrf_drv_clock.o
    0x20002f5c   0x00000058   Zero   RW         3705    .bss                nrf_drv_gpiote.o
    0x20002fb4   0x00000020   Zero   RW         4005    .bss                nrf_drv_uart.o
    0x20002fd4   0x00000020   Zero   RW         4270    .bss                app_button.o
    0x20002ff4   0x00000020   Zero   RW         4329    .bss                app_error.o
    0x20003014   0x0000010c   Zero   RW         4496    .bss                app_timer.o
    0x20003120   0x0000000c   Zero   RW         4695    .bss                app_util_platform.o
    0x2000312c   0x000000f0   Zero   RW         4872    .bss                fds.o
    0x2000321c   0x000000b0   Zero   RW         5593    .bss                nrf_fstorage_sd.o
    0x200032cc   0x00000040   Zero   RW         6024    .bss                nrf_log_backend_rtt.o
    0x2000330c   0x000004e0   Zero   RW         6198    .bss                nrf_log_frontend.o
    0x200037ec   0x00000288   Zero   RW         6450    .bss                segger_rtt.o
    0x20003a74   0x00000004   PAD
    0x20003a78   0x00002000   Zero   RW         6994    STACK               arm_startup_nrf52.o


==============================================================================

Image component sizes


      Code (inc. data)   RO Data    RW Data    ZI Data      Debug   Object Name

       480         80          8         20         32       9814   app_button.o
       168          4          0          0         32       3734   app_error.o
       368        152          0          0          0       4578   app_error_weak.o
       416         72          0         14          0      26083   app_scheduler.o
      2420        376          0         20        268      52431   app_timer.o
       200         24          0          0         12       9698   app_util_platform.o
        36          8        512          0       8192        884   arm_startup_nrf52.o
      1818          0          0          0          0      38879   ble_advdata.o
      1328          6          0          0          0      17262   ble_advertising.o
       694          0          0          0          0       5484   ble_bas.o
       936         56          8          8         80      11303   ble_conn_params.o
       796        138          8          0        184      12522   ble_conn_state.o
       786         52         18         16          0      12612   ble_cts_c.o
      2290        132        144         25        792      26983   ble_db_discovery.o
      1168        238          0         74          0       5795   ble_dis.o
       172         60          0          0          0      24430   ble_srv_common.o
       418         34          8          0          0      13004   boards.o
      1566        124         44         21        108      14703   bsp.o
       420         16          8          8          0       5704   bsp_btn_ble.o
      5092        478         24         68        240      60862   fds.o
      1280        132         80         10          0      20397   gatt_cache_manager.o
       612         42         24          6          0       9091   gatts_cache_manager.o
      1958         90          8          3        256      22749   id_manager.o
      5484       1542        242        820        500     184259   main.o
       374          0          0          0          0       6180   nrf_atfifo.o
       218          0         15         12          0       4761   nrf_balloc.o
       924         64        340         12          0      34180   nrf_ble_gatt.o
       516         52         30         12         20      42271   nrf_drv_clock.o
        96         12          0          0          0      27619   nrf_drv_common.o
      1630        104         86         12         88      33704   nrf_drv_gpiote.o
       910          8         13         12         32      25280   nrf_drv_uart.o
        70          0          0          0          0       3409   nrf_fprintf.o
      1018          6         16          0          0       5722   nrf_fprintf_format.o
       350         10          0          0          0       5496   nrf_fstorage.o
      1284        120         72          8        176      21627   nrf_fstorage_sd.o
       106          8         12          0         64       5305   nrf_log_backend_rtt.o
       254          0          0          0          0      10291   nrf_log_backend_serial.o
        36          4          0         12          0       3038   nrf_log_default_backends.o
      2056         92         41         32       1248      33573   nrf_log_frontend.o
       544         70        102         56          0       5000   nrf_log_str_formatter.o
       660          0          0          0          0      12727   nrf_memobj.o
         0          0         17         12          0       8625   nrf_pwr_mgmt.o
      1114        274        104         15          0      49518   nrf_sdh.o
       752        224        468         12          0       6211   nrf_sdh_ble.o
       152         68         56         12          0       2688   nrf_sdh_soc.o
       112          0          0          0          0       2644   nrf_section_iter.o
        92         10       1035          0          0       2583   nrf_strerror.o
      1362         52         24         12          0      19916   peer_data_storage.o
      1738         70         16          9        208      25918   peer_database.o
       420         44          0          0         64       9051   peer_id.o
      1866        196         24         16         12      21781   peer_manager.o
       264          0          0          0          0       4103   pm_buffer.o
       244          0          0          0          0       5133   pm_mutex.o
       316          0          0          0          0       6008   sdk_mapped_flags.o
      2050        130         84          6         64      29958   security_dispatcher.o
      1582        132          4         26          0      47189   security_manager.o
       470         44          0          0        648       8053   segger_rtt.o
      1320        134          0          4          0      34054   system_nrf52.o

    ----------------------------------------------------------------------
     55914       5784       3760       1420      13324    1156877   Object Totals
         0          0         32          0          0          0   (incl. Generated)
       108          0         33         15          4          0   (incl. Padding)

    ----------------------------------------------------------------------

      Code (inc. data)   RO Data    RW Data    ZI Data      Debug   Library Member Name

        86          0          0          0          0          0   __dczerorl2.o
         8          4        133          0          0         68   ctype_o.o
         0          0          0          0          0          0   entry.o
         0          0          0          0          0          0   entry10a.o
         0          0          0          0          0          0   entry11a.o
         8          4          0          0          0          0   entry2.o
         4          0          0          0          0          0   entry5.o
         0          0          0          0          0          0   entry7b.o
         0          0          0          0          0          0   entry8b.o
         8          4          0          0          0          0   entry9a.o
        30          0          0          0          0          0   handlers.o
        36          8          0          0          0         68   init.o
        30          0          0          0          0         68   llshl.o
        32          0          0          0          0         68   llushr.o
        26          0          0          0          0         80   memcmp.o
        36          0          0          0          0         68   memcpya.o
        36          0          0          0          0        108   memseta.o
        18          0          0          0          0         68   strcpy.o
        14          0          0          0          0         68   strlen.o
        98          0          0          0          0         92   uldiv.o

    ----------------------------------------------------------------------
       474         20        136          0          0        756   Library Totals
         4          0          3          0          0          0   (incl. Padding)

    ----------------------------------------------------------------------

      Code (inc. data)   RO Data    RW Data    ZI Data      Debug   Library Name

       470         20        133          0          0        756   mc_w.l

    ----------------------------------------------------------------------
       474         20        136          0          0        756   Library Totals

    ----------------------------------------------------------------------

==============================================================================


      Code (inc. data)   RO Data    RW Data    ZI Data      Debug   

     56388       5804       3896       1420      13324    1088857   Grand Totals
     56388       5804       3896        164      13324    1088857   ELF Image Totals (compressed)
     56388       5804       3896        164          0          0   ROM Totals

==============================================================================

    Total RO  Size (Code + RO Data)                60284 (  58.87kB)
    Total RW  Size (RW Data + ZI Data)             14744 (  14.40kB)
    Total ROM Size (Code + RO Data + RW Data)      60448 (  59.03kB)

==============================================================================

